<?xml version="1.0"?>
<link_info>
   <banner>MSP430 Linker PC v4.2.1</banner>
   <copyright>Copyright (c) 2003-2013 Texas Instruments Incorporated</copyright>
   <link_time>0x571d6133</link_time>
   <link_errors>0x0</link_errors>
   <output_file>testuprint.out</output_file>
   <entry_point>
      <name>_c_int00</name>
      <address>0xd28e</address>
   </entry_point>
   <input_file_list>
      <input_file id="fl-2">
         <path>.\</path>
         <kind>object</kind>
         <file>uart_out.obj</file>
         <name>uart_out.obj</name>
      </input_file>
      <input_file id="fl-3">
         <path>.\</path>
         <kind>object</kind>
         <file>main.obj</file>
         <name>main.obj</name>
      </input_file>
      <input_file id="fl-1d">
         <path>C:\ti\ccsv5\tools\compiler\msp430_4.2.1\lib\</path>
         <kind>archive</kind>
         <file>rts430_eabi.lib</file>
         <name>boot.obj</name>
      </input_file>
      <input_file id="fl-1e">
         <path>C:\ti\ccsv5\tools\compiler\msp430_4.2.1\lib\</path>
         <kind>archive</kind>
         <file>rts430_eabi.lib</file>
         <name>copy_decompress_none.obj</name>
      </input_file>
      <input_file id="fl-1f">
         <path>C:\ti\ccsv5\tools\compiler\msp430_4.2.1\lib\</path>
         <kind>archive</kind>
         <file>rts430_eabi.lib</file>
         <name>copy_decompress_rle.obj</name>
      </input_file>
      <input_file id="fl-20">
         <path>C:\ti\ccsv5\tools\compiler\msp430_4.2.1\lib\</path>
         <kind>archive</kind>
         <file>rts430_eabi.lib</file>
         <name>copy_zero_init.obj</name>
      </input_file>
      <input_file id="fl-21">
         <path>C:\ti\ccsv5\tools\compiler\msp430_4.2.1\lib\</path>
         <kind>archive</kind>
         <file>rts430_eabi.lib</file>
         <name>div16s.obj</name>
      </input_file>
      <input_file id="fl-22">
         <path>C:\ti\ccsv5\tools\compiler\msp430_4.2.1\lib\</path>
         <kind>archive</kind>
         <file>rts430_eabi.lib</file>
         <name>div16u.obj</name>
      </input_file>
      <input_file id="fl-23">
         <path>C:\ti\ccsv5\tools\compiler\msp430_4.2.1\lib\</path>
         <kind>archive</kind>
         <file>rts430_eabi.lib</file>
         <name>divd.obj</name>
      </input_file>
      <input_file id="fl-24">
         <path>C:\ti\ccsv5\tools\compiler\msp430_4.2.1\lib\</path>
         <kind>archive</kind>
         <file>rts430_eabi.lib</file>
         <name>epilog.obj</name>
      </input_file>
      <input_file id="fl-25">
         <path>C:\ti\ccsv5\tools\compiler\msp430_4.2.1\lib\</path>
         <kind>archive</kind>
         <file>rts430_eabi.lib</file>
         <name>exit.obj</name>
      </input_file>
      <input_file id="fl-26">
         <path>C:\ti\ccsv5\tools\compiler\msp430_4.2.1\lib\</path>
         <kind>archive</kind>
         <file>rts430_eabi.lib</file>
         <name>fixdi.obj</name>
      </input_file>
      <input_file id="fl-27">
         <path>C:\ti\ccsv5\tools\compiler\msp430_4.2.1\lib\</path>
         <kind>archive</kind>
         <file>rts430_eabi.lib</file>
         <name>fixdli.obj</name>
      </input_file>
      <input_file id="fl-28">
         <path>C:\ti\ccsv5\tools\compiler\msp430_4.2.1\lib\</path>
         <kind>archive</kind>
         <file>rts430_eabi.lib</file>
         <name>fltid.obj</name>
      </input_file>
      <input_file id="fl-29">
         <path>C:\ti\ccsv5\tools\compiler\msp430_4.2.1\lib\</path>
         <kind>archive</kind>
         <file>rts430_eabi.lib</file>
         <name>fltlid.obj</name>
      </input_file>
      <input_file id="fl-2a">
         <path>C:\ti\ccsv5\tools\compiler\msp430_4.2.1\lib\</path>
         <kind>archive</kind>
         <file>rts430_eabi.lib</file>
         <name>frcdivd.obj</name>
      </input_file>
      <input_file id="fl-2b">
         <path>C:\ti\ccsv5\tools\compiler\msp430_4.2.1\lib\</path>
         <kind>archive</kind>
         <file>rts430_eabi.lib</file>
         <name>int03.obj</name>
      </input_file>
      <input_file id="fl-2c">
         <path>C:\ti\ccsv5\tools\compiler\msp430_4.2.1\lib\</path>
         <kind>archive</kind>
         <file>rts430_eabi.lib</file>
         <name>int07.obj</name>
      </input_file>
      <input_file id="fl-2d">
         <path>C:\ti\ccsv5\tools\compiler\msp430_4.2.1\lib\</path>
         <kind>archive</kind>
         <file>rts430_eabi.lib</file>
         <name>int08.obj</name>
      </input_file>
      <input_file id="fl-2e">
         <path>C:\ti\ccsv5\tools\compiler\msp430_4.2.1\lib\</path>
         <kind>archive</kind>
         <file>rts430_eabi.lib</file>
         <name>int09.obj</name>
      </input_file>
      <input_file id="fl-2f">
         <path>C:\ti\ccsv5\tools\compiler\msp430_4.2.1\lib\</path>
         <kind>archive</kind>
         <file>rts430_eabi.lib</file>
         <name>int11.obj</name>
      </input_file>
      <input_file id="fl-30">
         <path>C:\ti\ccsv5\tools\compiler\msp430_4.2.1\lib\</path>
         <kind>archive</kind>
         <file>rts430_eabi.lib</file>
         <name>int12.obj</name>
      </input_file>
      <input_file id="fl-31">
         <path>C:\ti\ccsv5\tools\compiler\msp430_4.2.1\lib\</path>
         <kind>archive</kind>
         <file>rts430_eabi.lib</file>
         <name>int13.obj</name>
      </input_file>
      <input_file id="fl-32">
         <path>C:\ti\ccsv5\tools\compiler\msp430_4.2.1\lib\</path>
         <kind>archive</kind>
         <file>rts430_eabi.lib</file>
         <name>int14.obj</name>
      </input_file>
      <input_file id="fl-33">
         <path>C:\ti\ccsv5\tools\compiler\msp430_4.2.1\lib\</path>
         <kind>archive</kind>
         <file>rts430_eabi.lib</file>
         <name>isr_trap.obj</name>
      </input_file>
      <input_file id="fl-34">
         <path>C:\ti\ccsv5\tools\compiler\msp430_4.2.1\lib\</path>
         <kind>archive</kind>
         <file>rts430_eabi.lib</file>
         <name>lsl16.obj</name>
      </input_file>
      <input_file id="fl-35">
         <path>C:\ti\ccsv5\tools\compiler\msp430_4.2.1\lib\</path>
         <kind>archive</kind>
         <file>rts430_eabi.lib</file>
         <name>lsl32.obj</name>
      </input_file>
      <input_file id="fl-36">
         <path>C:\ti\ccsv5\tools\compiler\msp430_4.2.1\lib\</path>
         <kind>archive</kind>
         <file>rts430_eabi.lib</file>
         <name>lsr16.obj</name>
      </input_file>
      <input_file id="fl-37">
         <path>C:\ti\ccsv5\tools\compiler\msp430_4.2.1\lib\</path>
         <kind>archive</kind>
         <file>rts430_eabi.lib</file>
         <name>lsr32.obj</name>
      </input_file>
      <input_file id="fl-38">
         <path>C:\ti\ccsv5\tools\compiler\msp430_4.2.1\lib\</path>
         <kind>archive</kind>
         <file>rts430_eabi.lib</file>
         <name>memcpy.obj</name>
      </input_file>
      <input_file id="fl-39">
         <path>C:\ti\ccsv5\tools\compiler\msp430_4.2.1\lib\</path>
         <kind>archive</kind>
         <file>rts430_eabi.lib</file>
         <name>mult16.obj</name>
      </input_file>
      <input_file id="fl-3a">
         <path>C:\ti\ccsv5\tools\compiler\msp430_4.2.1\lib\</path>
         <kind>archive</kind>
         <file>rts430_eabi.lib</file>
         <name>mult32.obj</name>
      </input_file>
      <input_file id="fl-3b">
         <path>C:\ti\ccsv5\tools\compiler\msp430_4.2.1\lib\</path>
         <kind>archive</kind>
         <file>rts430_eabi.lib</file>
         <name>pre_init.obj</name>
      </input_file>
      <input_file id="fl-3c">
         <path>C:\ti\ccsv5\tools\compiler\msp430_4.2.1\lib\</path>
         <kind>archive</kind>
         <file>rts430_eabi.lib</file>
         <name>snprintf.obj</name>
      </input_file>
      <input_file id="fl-3d">
         <path>C:\ti\ccsv5\tools\compiler\msp430_4.2.1\lib\</path>
         <kind>archive</kind>
         <file>rts430_eabi.lib</file>
         <name>strlen.obj</name>
      </input_file>
      <input_file id="fl-3e">
         <path>C:\ti\ccsv5\tools\compiler\msp430_4.2.1\lib\</path>
         <kind>archive</kind>
         <file>rts430_eabi.lib</file>
         <name>_lock.obj</name>
      </input_file>
      <input_file id="fl-3f">
         <path>C:\ti\ccsv5\tools\compiler\msp430_4.2.1\lib\</path>
         <kind>archive</kind>
         <file>rts430_eabi.lib</file>
         <name>_printfi_min.obj</name>
      </input_file>
      <input_file id="fl-40">
         <path>C:\ti\ccsv5\tools\compiler\msp430_4.2.1\lib\</path>
         <kind>archive</kind>
         <file>rts430_eabi.lib</file>
         <name>args_main.obj</name>
      </input_file>
      <input_file id="fl-41">
         <path>C:\ti\ccsv5\tools\compiler\msp430_4.2.1\lib\</path>
         <kind>archive</kind>
         <file>rts430_eabi.lib</file>
         <name>asr16.obj</name>
      </input_file>
      <input_file id="fl-42">
         <path>C:\ti\ccsv5\tools\compiler\msp430_4.2.1\lib\</path>
         <kind>archive</kind>
         <file>rts430_eabi.lib</file>
         <name>asr32.obj</name>
      </input_file>
      <input_file id="fl-43">
         <path>C:\ti\ccsv5\tools\compiler\msp430_4.2.1\lib\</path>
         <kind>archive</kind>
         <file>rts430_eabi.lib</file>
         <name>autoinit.obj</name>
      </input_file>
      <input_file id="fl-44">
         <path>C:\ti\ccsv5\tools\compiler\msp430_4.2.1\lib\</path>
         <kind>archive</kind>
         <file>rts430_eabi.lib</file>
         <name>memccpy.obj</name>
      </input_file>
      <input_file id="fl-45">
         <path>C:\ti\ccsv5\tools\compiler\msp430_4.2.1\lib\</path>
         <kind>archive</kind>
         <file>rts430_eabi.lib</file>
         <name>memset.obj</name>
      </input_file>
   </input_file_list>
   <object_component_list>
      <object_component id="oc-52">
         <name>.stack</name>
         <uninitialized>true</uninitialized>
         <run_address>0x3b0</run_address>
         <size>0x2</size>
         <input_file_ref idref="fl-1d"/>
      </object_component>
      <object_component id="oc-256">
         <name>.stack</name>
         <uninitialized>true</uninitialized>
         <run_address>0x3b0</run_address>
         <size>0x0</size>
      </object_component>
      <object_component id="oc-15f">
         <name>.text:__TI_frcdivd</name>
         <load_address>0xc000</load_address>
         <run_address>0xc000</run_address>
         <size>0x45e</size>
         <input_file_ref idref="fl-2a"/>
      </object_component>
      <object_component id="oc-61">
         <name>.text:adc_handler</name>
         <load_address>0xc45e</load_address>
         <run_address>0xc45e</run_address>
         <size>0x33e</size>
         <input_file_ref idref="fl-3"/>
      </object_component>
      <object_component id="oc-d8">
         <name>.text:__mspabi_divd</name>
         <load_address>0xc79c</load_address>
         <run_address>0xc79c</run_address>
         <size>0x238</size>
         <input_file_ref idref="fl-23"/>
      </object_component>
      <object_component id="oc-192">
         <name>.text:_setfield</name>
         <load_address>0xc9d4</load_address>
         <run_address>0xc9d4</run_address>
         <size>0x116</size>
         <input_file_ref idref="fl-3f"/>
      </object_component>
      <object_component id="oc-143">
         <name>.text:__TI_printfi_minimal</name>
         <load_address>0xcaea</load_address>
         <run_address>0xcaea</run_address>
         <size>0xca</size>
         <input_file_ref idref="fl-3f"/>
      </object_component>
      <object_component id="oc-154">
         <name>.text:__mspabi_fltlid</name>
         <load_address>0xcbb4</load_address>
         <run_address>0xcbb4</run_address>
         <size>0xb0</size>
         <input_file_ref idref="fl-29"/>
      </object_component>
      <object_component id="oc-16f">
         <name>.text:__mspabi_fixdli</name>
         <load_address>0xcc64</load_address>
         <run_address>0xcc64</run_address>
         <size>0x88</size>
         <input_file_ref idref="fl-27"/>
      </object_component>
      <object_component id="oc-9f">
         <name>.text:__TI_decompress_rle_core</name>
         <load_address>0xccec</load_address>
         <run_address>0xccec</run_address>
         <size>0x5e</size>
         <input_file_ref idref="fl-1f"/>
      </object_component>
      <object_component id="oc-7c">
         <name>.text:_auto_init</name>
         <load_address>0xcd4a</load_address>
         <run_address>0xcd4a</run_address>
         <size>0x5e</size>
         <input_file_ref idref="fl-43"/>
      </object_component>
      <object_component id="oc-1ae">
         <name>.text:l_lsr_const</name>
         <load_address>0xcda8</load_address>
         <run_address>0xcda8</run_address>
         <size>0x5c</size>
         <input_file_ref idref="fl-37"/>
      </object_component>
      <object_component id="oc-209">
         <name>.text:_ltostr</name>
         <load_address>0xce04</load_address>
         <run_address>0xce04</run_address>
         <size>0x56</size>
         <input_file_ref idref="fl-3f"/>
      </object_component>
      <object_component id="oc-c6">
         <name>.text:snprintf</name>
         <load_address>0xce5a</load_address>
         <run_address>0xce5a</run_address>
         <size>0x56</size>
         <input_file_ref idref="fl-3c"/>
      </object_component>
      <object_component id="oc-1e0">
         <name>.text:_pproc_diouxp</name>
         <load_address>0xceb0</load_address>
         <run_address>0xceb0</run_address>
         <size>0x4e</size>
         <input_file_ref idref="fl-3f"/>
      </object_component>
      <object_component id="oc-15b">
         <name>.text</name>
         <load_address>0xcefe</load_address>
         <run_address>0xcefe</run_address>
         <size>0x4c</size>
         <input_file_ref idref="fl-36"/>
      </object_component>
      <object_component id="oc-197">
         <name>.text:_pproc_str</name>
         <load_address>0xcf4a</load_address>
         <run_address>0xcf4a</run_address>
         <size>0x46</size>
         <input_file_ref idref="fl-3f"/>
      </object_component>
      <object_component id="oc-55">
         <name>.text:button_handler</name>
         <load_address>0xcf90</load_address>
         <run_address>0xcf90</run_address>
         <size>0x3e</size>
         <input_file_ref idref="fl-3"/>
      </object_component>
      <object_component id="oc-1bb">
         <name>.text:l_asr_const</name>
         <load_address>0xcfce</load_address>
         <run_address>0xcfce</run_address>
         <size>0x3e</size>
         <input_file_ref idref="fl-42"/>
      </object_component>
      <object_component id="oc-1aa">
         <name>.text:l_lsl_const</name>
         <load_address>0xd00c</load_address>
         <run_address>0xd00c</run_address>
         <size>0x3e</size>
         <input_file_ref idref="fl-35"/>
      </object_component>
      <object_component id="oc-81">
         <name>.text:main</name>
         <load_address>0xd04a</load_address>
         <run_address>0xd04a</run_address>
         <size>0x38</size>
         <input_file_ref idref="fl-3"/>
      </object_component>
      <object_component id="oc-139">
         <name>.text:_outs</name>
         <load_address>0xd082</load_address>
         <run_address>0xd082</run_address>
         <size>0x36</size>
         <input_file_ref idref="fl-3c"/>
      </object_component>
      <object_component id="oc-204">
         <name>.text:_getarg_diouxp</name>
         <load_address>0xd0b8</load_address>
         <run_address>0xd0b8</run_address>
         <size>0x2e</size>
         <input_file_ref idref="fl-3f"/>
      </object_component>
      <object_component id="oc-1c3">
         <name>.text</name>
         <load_address>0xd0e6</load_address>
         <run_address>0xd0e6</run_address>
         <size>0x2c</size>
         <input_file_ref idref="fl-41"/>
      </object_component>
      <object_component id="oc-c0">
         <name>.text</name>
         <load_address>0xd112</load_address>
         <run_address>0xd112</run_address>
         <size>0x2c</size>
         <input_file_ref idref="fl-21"/>
      </object_component>
      <object_component id="oc-164">
         <name>.text</name>
         <load_address>0xd13e</load_address>
         <run_address>0xd13e</run_address>
         <size>0x2c</size>
         <input_file_ref idref="fl-34"/>
      </object_component>
      <object_component id="oc-dd">
         <name>.text:__mspabi_fixdi</name>
         <load_address>0xd16a</load_address>
         <run_address>0xd16a</run_address>
         <size>0x28</size>
         <input_file_ref idref="fl-26"/>
      </object_component>
      <object_component id="oc-116">
         <name>.text:init_USCI_UART</name>
         <load_address>0xd192</load_address>
         <run_address>0xd192</run_address>
         <size>0x28</size>
         <input_file_ref idref="fl-2"/>
      </object_component>
      <object_component id="oc-68">
         <name>.text:tx_handler</name>
         <load_address>0xd1ba</load_address>
         <run_address>0xd1ba</run_address>
         <size>0x28</size>
         <input_file_ref idref="fl-2"/>
      </object_component>
      <object_component id="oc-70">
         <name>.text:WDT_interval_handler</name>
         <load_address>0xd1e2</load_address>
         <run_address>0xd1e2</run_address>
         <size>0x26</size>
         <input_file_ref idref="fl-3"/>
      </object_component>
      <object_component id="oc-11b">
         <name>.text:initializebuttons</name>
         <load_address>0xd208</load_address>
         <run_address>0xd208</run_address>
         <size>0x26</size>
         <input_file_ref idref="fl-3"/>
      </object_component>
      <object_component id="oc-1b7">
         <name>.text</name>
         <load_address>0xd22e</load_address>
         <run_address>0xd22e</run_address>
         <size>0x26</size>
         <input_file_ref idref="fl-3a"/>
      </object_component>
      <object_component id="oc-13e">
         <name>.text:_outc</name>
         <load_address>0xd254</load_address>
         <run_address>0xd254</run_address>
         <size>0x1e</size>
         <input_file_ref idref="fl-3c"/>
      </object_component>
      <object_component id="oc-1e5">
         <name>.text:memccpy</name>
         <load_address>0xd272</load_address>
         <run_address>0xd272</run_address>
         <size>0x1c</size>
         <input_file_ref idref="fl-44"/>
      </object_component>
      <object_component id="oc-3e">
         <name>.text:_c_int00_noexit</name>
         <load_address>0xd28e</load_address>
         <run_address>0xd28e</run_address>
         <size>0x1a</size>
         <input_file_ref idref="fl-1d"/>
      </object_component>
      <object_component id="oc-17b">
         <name>.text:tx_start</name>
         <load_address>0xd2a8</load_address>
         <run_address>0xd2a8</run_address>
         <size>0x1a</size>
         <input_file_ref idref="fl-2"/>
      </object_component>
      <object_component id="oc-214">
         <name>.text:_div</name>
         <load_address>0xd2c2</load_address>
         <run_address>0xd2c2</run_address>
         <size>0x18</size>
         <input_file_ref idref="fl-3f"/>
      </object_component>
      <object_component id="oc-134">
         <name>.text</name>
         <load_address>0xd2da</load_address>
         <run_address>0xd2da</run_address>
         <size>0x16</size>
         <input_file_ref idref="fl-22"/>
      </object_component>
      <object_component id="oc-48">
         <name>.text:decompress:ZI:__TI_zero_init</name>
         <load_address>0xd2f0</load_address>
         <run_address>0xd2f0</run_address>
         <size>0x14</size>
         <input_file_ref idref="fl-20"/>
      </object_component>
      <object_component id="oc-10c">
         <name>.text:init_adc</name>
         <load_address>0xd304</load_address>
         <run_address>0xd304</run_address>
         <size>0x14</size>
         <input_file_ref idref="fl-3"/>
      </object_component>
      <object_component id="oc-1da">
         <name>.text:memset</name>
         <load_address>0xd318</load_address>
         <run_address>0xd318</run_address>
         <size>0x14</size>
         <input_file_ref idref="fl-45"/>
      </object_component>
      <object_component id="oc-1bf">
         <name>.text</name>
         <load_address>0xd32c</load_address>
         <run_address>0xd32c</run_address>
         <size>0x14</size>
         <input_file_ref idref="fl-39"/>
      </object_component>
      <object_component id="oc-f6">
         <name>.text:tx_start_string</name>
         <load_address>0xd340</load_address>
         <run_address>0xd340</run_address>
         <size>0x14</size>
         <input_file_ref idref="fl-2"/>
      </object_component>
      <object_component id="oc-43">
         <name>.text:decompress:none:__TI_decompress_none</name>
         <load_address>0xd354</load_address>
         <run_address>0xd354</run_address>
         <size>0x12</size>
         <input_file_ref idref="fl-1e"/>
      </object_component>
      <object_component id="oc-1cc">
         <name>.text:l_lsr</name>
         <load_address>0xd366</load_address>
         <run_address>0xd366</run_address>
         <size>0x12</size>
         <input_file_ref idref="fl-37"/>
      </object_component>
      <object_component id="oc-8c">
         <name>.text:memcpy</name>
         <load_address>0xd378</load_address>
         <run_address>0xd378</run_address>
         <size>0x12</size>
         <input_file_ref idref="fl-38"/>
      </object_component>
      <object_component id="oc-106">
         <name>.text</name>
         <load_address>0xd38a</load_address>
         <run_address>0xd38a</run_address>
         <size>0x10</size>
         <input_file_ref idref="fl-24"/>
      </object_component>
      <object_component id="oc-176">
         <name>.text:strlen</name>
         <load_address>0xd39a</load_address>
         <run_address>0xd39a</run_address>
         <size>0xe</size>
         <input_file_ref idref="fl-3d"/>
      </object_component>
      <object_component id="oc-d3">
         <name>.text:__mspabi_fltid</name>
         <load_address>0xd3a8</load_address>
         <run_address>0xd3a8</run_address>
         <size>0xc</size>
         <input_file_ref idref="fl-28"/>
      </object_component>
      <object_component id="oc-111">
         <name>.text:init_wdt_no_interrupt</name>
         <load_address>0xd3b4</load_address>
         <run_address>0xd3b4</run_address>
         <size>0x8</size>
         <input_file_ref idref="fl-3"/>
      </object_component>
      <object_component id="oc-5d">
         <name>.text:__TI_ISR_TRAP</name>
         <load_address>0xd3bc</load_address>
         <run_address>0xd3bc</run_address>
         <size>0x6</size>
         <input_file_ref idref="fl-33"/>
      </object_component>
      <object_component id="oc-4d">
         <name>.text:decompress:rle24:__TI_decompress_rle24</name>
         <load_address>0xd3c2</load_address>
         <run_address>0xd3c2</run_address>
         <size>0x6</size>
         <input_file_ref idref="fl-1f"/>
      </object_component>
      <object_component id="oc-77">
         <name>.text:_system_pre_init</name>
         <load_address>0xd3c8</load_address>
         <run_address>0xd3c8</run_address>
         <size>0x4</size>
         <input_file_ref idref="fl-3b"/>
      </object_component>
      <object_component id="oc-86">
         <name>.text:abort</name>
         <load_address>0xd3cc</load_address>
         <run_address>0xd3cc</run_address>
         <size>0x4</size>
         <input_file_ref idref="fl-25"/>
      </object_component>
      <object_component id="oc-255">
         <name>.cinit..data.load</name>
         <load_address>0xd492</load_address>
         <run_address>0xd492</run_address>
         <size>0x10</size>
      </object_component>
      <object_component id="oc-252">
         <name>__TI_handler_table</name>
         <load_address>0xd4a2</load_address>
         <run_address>0xd4a2</run_address>
         <size>0x6</size>
      </object_component>
      <object_component id="oc-254">
         <name>.cinit..bss.load</name>
         <load_address>0xd4a8</load_address>
         <run_address>0xd4a8</run_address>
         <size>0x4</size>
      </object_component>
      <object_component id="oc-253">
         <name>__TI_cinit_table</name>
         <load_address>0xd4ac</load_address>
         <run_address>0xd4ac</run_address>
         <size>0x8</size>
      </object_component>
      <object_component id="oc-c4">
         <name>.const:.string</name>
         <load_address>0xd3d0</load_address>
         <run_address>0xd3d0</run_address>
         <size>0xae</size>
         <input_file_ref idref="fl-3"/>
      </object_component>
      <object_component id="oc-1df">
         <name>.const:.string</name>
         <load_address>0xd47e</load_address>
         <run_address>0xd47e</run_address>
         <size>0x14</size>
         <input_file_ref idref="fl-3f"/>
      </object_component>
      <object_component id="oc-2e">
         <name>.int02</name>
         <load_address>0xffe4</load_address>
         <run_address>0xffe4</run_address>
         <size>0x2</size>
         <input_file_ref idref="fl-3"/>
      </object_component>
      <object_component id="oc-30">
         <name>.int03</name>
         <load_address>0xffe6</load_address>
         <run_address>0xffe6</run_address>
         <size>0x2</size>
         <input_file_ref idref="fl-2b"/>
      </object_component>
      <object_component id="oc-31">
         <name>.int05</name>
         <load_address>0xffea</load_address>
         <run_address>0xffea</run_address>
         <size>0x2</size>
         <input_file_ref idref="fl-3"/>
      </object_component>
      <object_component id="oc-33">
         <name>.int06</name>
         <load_address>0xffec</load_address>
         <run_address>0xffec</run_address>
         <size>0x2</size>
         <input_file_ref idref="fl-2"/>
      </object_component>
      <object_component id="oc-35">
         <name>.int07</name>
         <load_address>0xffee</load_address>
         <run_address>0xffee</run_address>
         <size>0x2</size>
         <input_file_ref idref="fl-2c"/>
      </object_component>
      <object_component id="oc-36">
         <name>.int08</name>
         <load_address>0xfff0</load_address>
         <run_address>0xfff0</run_address>
         <size>0x2</size>
         <input_file_ref idref="fl-2d"/>
      </object_component>
      <object_component id="oc-37">
         <name>.int09</name>
         <load_address>0xfff2</load_address>
         <run_address>0xfff2</run_address>
         <size>0x2</size>
         <input_file_ref idref="fl-2e"/>
      </object_component>
      <object_component id="oc-38">
         <name>.int10</name>
         <load_address>0xfff4</load_address>
         <run_address>0xfff4</run_address>
         <size>0x2</size>
         <input_file_ref idref="fl-3"/>
      </object_component>
      <object_component id="oc-3a">
         <name>.int11</name>
         <load_address>0xfff6</load_address>
         <run_address>0xfff6</run_address>
         <size>0x2</size>
         <input_file_ref idref="fl-2f"/>
      </object_component>
      <object_component id="oc-3b">
         <name>.int12</name>
         <load_address>0xfff8</load_address>
         <run_address>0xfff8</run_address>
         <size>0x2</size>
         <input_file_ref idref="fl-30"/>
      </object_component>
      <object_component id="oc-3c">
         <name>.int13</name>
         <load_address>0xfffa</load_address>
         <run_address>0xfffa</run_address>
         <size>0x2</size>
         <input_file_ref idref="fl-31"/>
      </object_component>
      <object_component id="oc-3d">
         <name>.int14</name>
         <load_address>0xfffc</load_address>
         <run_address>0xfffc</run_address>
         <size>0x2</size>
         <input_file_ref idref="fl-32"/>
      </object_component>
      <object_component id="oc-54">
         <name>.reset</name>
         <load_address>0xfffe</load_address>
         <run_address>0xfffe</run_address>
         <size>0x2</size>
         <input_file_ref idref="fl-1d"/>
      </object_component>
      <object_component id="oc-1d8">
         <name>.common:tx_next_character</name>
         <uninitialized>true</uninitialized>
         <run_address>0x220</run_address>
         <size>0x2</size>
      </object_component>
      <object_component id="oc-1d7">
         <name>.common:tx_count</name>
         <uninitialized>true</uninitialized>
         <run_address>0x21e</run_address>
         <size>0x2</size>
      </object_component>
      <object_component id="oc-e2">
         <name>.common:latest_result</name>
         <uninitialized>true</uninitialized>
         <run_address>0x21c</run_address>
         <size>0x2</size>
      </object_component>
      <object_component id="oc-120">
         <name>.common:conPrintCounter</name>
         <uninitialized>true</uninitialized>
         <run_address>0x218</run_address>
         <size>0x2</size>
      </object_component>
      <object_component id="oc-121">
         <name>.common:conPrintSequence</name>
         <uninitialized>true</uninitialized>
         <run_address>0x21a</run_address>
         <size>0x2</size>
      </object_component>
      <object_component id="oc-f5">
         <name>.common:cbuffer</name>
         <uninitialized>true</uninitialized>
         <run_address>0x200</run_address>
         <size>0x14</size>
      </object_component>
      <object_component id="oc-103">
         <name>.common:Temperature</name>
         <uninitialized>true</uninitialized>
         <run_address>0x214</run_address>
         <size>0x4</size>
      </object_component>
      <object_component id="oc-b2">
         <name>.data</name>
         <load_address>0x222</load_address>
         <run_address>0x222</run_address>
         <size>0xc</size>
         <input_file_ref idref="fl-3"/>
      </object_component>
      <object_component id="oc-2f">
         <name>.debug_info</name>
         <load_address>0x0</load_address>
         <run_address>0x0</run_address>
         <size>0xee</size>
         <input_file_ref idref="fl-3"/>
      </object_component>
      <object_component id="oc-32">
         <name>.debug_info</name>
         <load_address>0xee</load_address>
         <run_address>0xee</run_address>
         <size>0xe8</size>
         <input_file_ref idref="fl-3"/>
      </object_component>
      <object_component id="oc-34">
         <name>.debug_info</name>
         <load_address>0x1d6</load_address>
         <run_address>0x1d6</run_address>
         <size>0xea</size>
         <input_file_ref idref="fl-2"/>
      </object_component>
      <object_component id="oc-39">
         <name>.debug_info</name>
         <load_address>0x2c0</load_address>
         <run_address>0x2c0</run_address>
         <size>0xfa</size>
         <input_file_ref idref="fl-3"/>
      </object_component>
      <object_component id="oc-3f">
         <name>.debug_info</name>
         <load_address>0x3ba</load_address>
         <run_address>0x3ba</run_address>
         <size>0x125</size>
         <input_file_ref idref="fl-1d"/>
      </object_component>
      <object_component id="oc-45">
         <name>.debug_info</name>
         <load_address>0x4df</load_address>
         <run_address>0x4df</run_address>
         <size>0x194</size>
         <input_file_ref idref="fl-1e"/>
      </object_component>
      <object_component id="oc-49">
         <name>.debug_info</name>
         <load_address>0x673</load_address>
         <run_address>0x673</run_address>
         <size>0x16a</size>
         <input_file_ref idref="fl-20"/>
      </object_component>
      <object_component id="oc-4e">
         <name>.debug_info</name>
         <load_address>0x7dd</load_address>
         <run_address>0x7dd</run_address>
         <size>0x18e</size>
         <input_file_ref idref="fl-1f"/>
      </object_component>
      <object_component id="oc-53">
         <name>.debug_info</name>
         <load_address>0x96b</load_address>
         <run_address>0x96b</run_address>
         <size>0xaa</size>
         <input_file_ref idref="fl-1d"/>
      </object_component>
      <object_component id="oc-56">
         <name>.debug_info</name>
         <load_address>0xa15</load_address>
         <run_address>0xa15</run_address>
         <size>0x111</size>
         <input_file_ref idref="fl-3"/>
      </object_component>
      <object_component id="oc-5c">
         <name>.debug_info</name>
         <load_address>0xb26</load_address>
         <run_address>0xb26</run_address>
         <size>0x4d1</size>
         <input_file_ref idref="fl-3"/>
      </object_component>
      <object_component id="oc-5e">
         <name>.debug_info</name>
         <load_address>0xff7</load_address>
         <run_address>0xff7</run_address>
         <size>0xc2</size>
         <input_file_ref idref="fl-33"/>
      </object_component>
      <object_component id="oc-62">
         <name>.debug_info</name>
         <load_address>0x10b9</load_address>
         <run_address>0x10b9</run_address>
         <size>0x395</size>
         <input_file_ref idref="fl-3"/>
      </object_component>
      <object_component id="oc-69">
         <name>.debug_info</name>
         <load_address>0x144e</load_address>
         <run_address>0x144e</run_address>
         <size>0x115</size>
         <input_file_ref idref="fl-2"/>
      </object_component>
      <object_component id="oc-6f">
         <name>.debug_info</name>
         <load_address>0x1563</load_address>
         <run_address>0x1563</run_address>
         <size>0x299</size>
         <input_file_ref idref="fl-2"/>
      </object_component>
      <object_component id="oc-71">
         <name>.debug_info</name>
         <load_address>0x17fc</load_address>
         <run_address>0x17fc</run_address>
         <size>0x11d</size>
         <input_file_ref idref="fl-3"/>
      </object_component>
      <object_component id="oc-78">
         <name>.debug_info</name>
         <load_address>0x1919</load_address>
         <run_address>0x1919</run_address>
         <size>0xfd</size>
         <input_file_ref idref="fl-3b"/>
      </object_component>
      <object_component id="oc-7d">
         <name>.debug_info</name>
         <load_address>0x1a16</load_address>
         <run_address>0x1a16</run_address>
         <size>0x14d</size>
         <input_file_ref idref="fl-43"/>
      </object_component>
      <object_component id="oc-82">
         <name>.debug_info</name>
         <load_address>0x1b63</load_address>
         <run_address>0x1b63</run_address>
         <size>0x154</size>
         <input_file_ref idref="fl-3"/>
      </object_component>
      <object_component id="oc-87">
         <name>.debug_info</name>
         <load_address>0x1cb7</load_address>
         <run_address>0x1cb7</run_address>
         <size>0xcc</size>
         <input_file_ref idref="fl-25"/>
      </object_component>
      <object_component id="oc-8d">
         <name>.debug_info</name>
         <load_address>0x1d83</load_address>
         <run_address>0x1d83</run_address>
         <size>0x157</size>
         <input_file_ref idref="fl-38"/>
      </object_component>
      <object_component id="oc-92">
         <name>.debug_info</name>
         <load_address>0x1eda</load_address>
         <run_address>0x1eda</run_address>
         <size>0x46</size>
         <input_file_ref idref="fl-1e"/>
      </object_component>
      <object_component id="oc-97">
         <name>.debug_info</name>
         <load_address>0x1f20</load_address>
         <run_address>0x1f20</run_address>
         <size>0x164</size>
         <input_file_ref idref="fl-1e"/>
      </object_component>
      <object_component id="oc-99">
         <name>.debug_info</name>
         <load_address>0x2084</load_address>
         <run_address>0x2084</run_address>
         <size>0x46</size>
         <input_file_ref idref="fl-20"/>
      </object_component>
      <object_component id="oc-9e">
         <name>.debug_info</name>
         <load_address>0x20ca</load_address>
         <run_address>0x20ca</run_address>
         <size>0x11f</size>
         <input_file_ref idref="fl-20"/>
      </object_component>
      <object_component id="oc-a0">
         <name>.debug_info</name>
         <load_address>0x21e9</load_address>
         <run_address>0x21e9</run_address>
         <size>0x1e9</size>
         <input_file_ref idref="fl-1f"/>
      </object_component>
      <object_component id="oc-a5">
         <name>.debug_info</name>
         <load_address>0x23d2</load_address>
         <run_address>0x23d2</run_address>
         <size>0x129</size>
         <input_file_ref idref="fl-1f"/>
      </object_component>
      <object_component id="oc-a6">
         <name>.debug_info</name>
         <load_address>0x24fb</load_address>
         <run_address>0x24fb</run_address>
         <size>0x39</size>
         <input_file_ref idref="fl-1f"/>
      </object_component>
      <object_component id="oc-ad">
         <name>.debug_info</name>
         <load_address>0x2534</load_address>
         <run_address>0x2534</run_address>
         <size>0x84</size>
         <input_file_ref idref="fl-2"/>
      </object_component>
      <object_component id="oc-b3">
         <name>.debug_info</name>
         <load_address>0x25b8</load_address>
         <run_address>0x25b8</run_address>
         <size>0x170</size>
         <input_file_ref idref="fl-3"/>
      </object_component>
      <object_component id="oc-b7">
         <name>.debug_info</name>
         <load_address>0x2728</load_address>
         <run_address>0x2728</run_address>
         <size>0x2c</size>
         <input_file_ref idref="fl-2"/>
      </object_component>
      <object_component id="oc-c3">
         <name>.debug_info</name>
         <load_address>0x2754</load_address>
         <run_address>0x2754</run_address>
         <size>0xe8</size>
         <input_file_ref idref="fl-21"/>
      </object_component>
      <object_component id="oc-c7">
         <name>.debug_info</name>
         <load_address>0x283c</load_address>
         <run_address>0x283c</run_address>
         <size>0x19a</size>
         <input_file_ref idref="fl-3c"/>
      </object_component>
      <object_component id="oc-d4">
         <name>.debug_info</name>
         <load_address>0x29d6</load_address>
         <run_address>0x29d6</run_address>
         <size>0x11b</size>
         <input_file_ref idref="fl-28"/>
      </object_component>
      <object_component id="oc-d9">
         <name>.debug_info</name>
         <load_address>0x2af1</load_address>
         <run_address>0x2af1</run_address>
         <size>0x24e</size>
         <input_file_ref idref="fl-23"/>
      </object_component>
      <object_component id="oc-de">
         <name>.debug_info</name>
         <load_address>0x2d3f</load_address>
         <run_address>0x2d3f</run_address>
         <size>0x13c</size>
         <input_file_ref idref="fl-26"/>
      </object_component>
      <object_component id="oc-f7">
         <name>.debug_info</name>
         <load_address>0x2e7b</load_address>
         <run_address>0x2e7b</run_address>
         <size>0x154</size>
         <input_file_ref idref="fl-2"/>
      </object_component>
      <object_component id="oc-107">
         <name>.debug_info</name>
         <load_address>0x2fcf</load_address>
         <run_address>0x2fcf</run_address>
         <size>0xe1</size>
         <input_file_ref idref="fl-24"/>
      </object_component>
      <object_component id="oc-10b">
         <name>.debug_info</name>
         <load_address>0x30b0</load_address>
         <run_address>0x30b0</run_address>
         <size>0x2ba</size>
         <input_file_ref idref="fl-43"/>
      </object_component>
      <object_component id="oc-10d">
         <name>.debug_info</name>
         <load_address>0x336a</load_address>
         <run_address>0x336a</run_address>
         <size>0x104</size>
         <input_file_ref idref="fl-3"/>
      </object_component>
      <object_component id="oc-112">
         <name>.debug_info</name>
         <load_address>0x346e</load_address>
         <run_address>0x346e</run_address>
         <size>0x11e</size>
         <input_file_ref idref="fl-3"/>
      </object_component>
      <object_component id="oc-117">
         <name>.debug_info</name>
         <load_address>0x358c</load_address>
         <run_address>0x358c</run_address>
         <size>0x11c</size>
         <input_file_ref idref="fl-2"/>
      </object_component>
      <object_component id="oc-11c">
         <name>.debug_info</name>
         <load_address>0x36a8</load_address>
         <run_address>0x36a8</run_address>
         <size>0x116</size>
         <input_file_ref idref="fl-3"/>
      </object_component>
      <object_component id="oc-125">
         <name>.debug_info</name>
         <load_address>0x37be</load_address>
         <run_address>0x37be</run_address>
         <size>0x127</size>
         <input_file_ref idref="fl-38"/>
      </object_component>
      <object_component id="oc-126">
         <name>.debug_info</name>
         <load_address>0x38e5</load_address>
         <run_address>0x38e5</run_address>
         <size>0x2c</size>
         <input_file_ref idref="fl-1e"/>
      </object_component>
      <object_component id="oc-135">
         <name>.debug_info</name>
         <load_address>0x3911</load_address>
         <run_address>0x3911</run_address>
         <size>0xd4</size>
         <input_file_ref idref="fl-22"/>
      </object_component>
      <object_component id="oc-13a">
         <name>.debug_info</name>
         <load_address>0x39e5</load_address>
         <run_address>0x39e5</run_address>
         <size>0x176</size>
         <input_file_ref idref="fl-3c"/>
      </object_component>
      <object_component id="oc-13f">
         <name>.debug_info</name>
         <load_address>0x3b5b</load_address>
         <run_address>0x3b5b</run_address>
         <size>0x12f</size>
         <input_file_ref idref="fl-3c"/>
      </object_component>
      <object_component id="oc-144">
         <name>.debug_info</name>
         <load_address>0x3c8a</load_address>
         <run_address>0x3c8a</run_address>
         <size>0x256</size>
         <input_file_ref idref="fl-3f"/>
      </object_component>
      <object_component id="oc-149">
         <name>.debug_info</name>
         <load_address>0x3ee0</load_address>
         <run_address>0x3ee0</run_address>
         <size>0x1ee</size>
         <input_file_ref idref="fl-3c"/>
      </object_component>
      <object_component id="oc-14a">
         <name>.debug_info</name>
         <load_address>0x40ce</load_address>
         <run_address>0x40ce</run_address>
         <size>0x2c</size>
         <input_file_ref idref="fl-3c"/>
      </object_component>
      <object_component id="oc-14f">
         <name>.debug_info</name>
         <load_address>0x40fa</load_address>
         <run_address>0x40fa</run_address>
         <size>0x69</size>
         <input_file_ref idref="fl-3c"/>
      </object_component>
      <object_component id="oc-155">
         <name>.debug_info</name>
         <load_address>0x4163</load_address>
         <run_address>0x4163</run_address>
         <size>0x1bf</size>
         <input_file_ref idref="fl-29"/>
      </object_component>
      <object_component id="oc-15a">
         <name>.debug_info</name>
         <load_address>0x4322</load_address>
         <run_address>0x4322</run_address>
         <size>0x105</size>
         <input_file_ref idref="fl-28"/>
      </object_component>
      <object_component id="oc-15c">
         <name>.debug_info</name>
         <load_address>0x4427</load_address>
         <run_address>0x4427</run_address>
         <size>0xd3</size>
         <input_file_ref idref="fl-36"/>
      </object_component>
      <object_component id="oc-161">
         <name>.debug_info</name>
         <load_address>0x44fa</load_address>
         <run_address>0x44fa</run_address>
         <size>0x5a2</size>
         <input_file_ref idref="fl-2a"/>
      </object_component>
      <object_component id="oc-165">
         <name>.debug_info</name>
         <load_address>0x4a9c</load_address>
         <run_address>0x4a9c</run_address>
         <size>0xd3</size>
         <input_file_ref idref="fl-34"/>
      </object_component>
      <object_component id="oc-169">
         <name>.debug_info</name>
         <load_address>0x4b6f</load_address>
         <run_address>0x4b6f</run_address>
         <size>0x142</size>
         <input_file_ref idref="fl-23"/>
      </object_component>
      <object_component id="oc-16a">
         <name>.debug_info</name>
         <load_address>0x4cb1</load_address>
         <run_address>0x4cb1</run_address>
         <size>0x94</size>
         <input_file_ref idref="fl-23"/>
      </object_component>
      <object_component id="oc-170">
         <name>.debug_info</name>
         <load_address>0x4d45</load_address>
         <run_address>0x4d45</run_address>
         <size>0x1b4</size>
         <input_file_ref idref="fl-27"/>
      </object_component>
      <object_component id="oc-175">
         <name>.debug_info</name>
         <load_address>0x4ef9</load_address>
         <run_address>0x4ef9</run_address>
         <size>0x105</size>
         <input_file_ref idref="fl-26"/>
      </object_component>
      <object_component id="oc-178">
         <name>.debug_info</name>
         <load_address>0x4ffe</load_address>
         <run_address>0x4ffe</run_address>
         <size>0x153</size>
         <input_file_ref idref="fl-3d"/>
      </object_component>
      <object_component id="oc-17c">
         <name>.debug_info</name>
         <load_address>0x5151</load_address>
         <run_address>0x5151</run_address>
         <size>0x164</size>
         <input_file_ref idref="fl-2"/>
      </object_component>
      <object_component id="oc-184">
         <name>.debug_info</name>
         <load_address>0x52b5</load_address>
         <run_address>0x52b5</run_address>
         <size>0x39</size>
         <input_file_ref idref="fl-43"/>
      </object_component>
      <object_component id="oc-193">
         <name>.debug_info</name>
         <load_address>0x52ee</load_address>
         <run_address>0x52ee</run_address>
         <size>0x233</size>
         <input_file_ref idref="fl-3f"/>
      </object_component>
      <object_component id="oc-198">
         <name>.debug_info</name>
         <load_address>0x5521</load_address>
         <run_address>0x5521</run_address>
         <size>0x1d0</size>
         <input_file_ref idref="fl-3f"/>
      </object_component>
      <object_component id="oc-19d">
         <name>.debug_info</name>
         <load_address>0x56f1</load_address>
         <run_address>0x56f1</run_address>
         <size>0x259</size>
         <input_file_ref idref="fl-3f"/>
      </object_component>
      <object_component id="oc-19e">
         <name>.debug_info</name>
         <load_address>0x594a</load_address>
         <run_address>0x594a</run_address>
         <size>0x2c</size>
         <input_file_ref idref="fl-3"/>
      </object_component>
      <object_component id="oc-1a3">
         <name>.debug_info</name>
         <load_address>0x5976</load_address>
         <run_address>0x5976</run_address>
         <size>0x86</size>
         <input_file_ref idref="fl-3f"/>
      </object_component>
      <object_component id="oc-1ab">
         <name>.debug_info</name>
         <load_address>0x59fc</load_address>
         <run_address>0x59fc</run_address>
         <size>0xd9</size>
         <input_file_ref idref="fl-35"/>
      </object_component>
      <object_component id="oc-1af">
         <name>.debug_info</name>
         <load_address>0x5ad5</load_address>
         <run_address>0x5ad5</run_address>
         <size>0xd9</size>
         <input_file_ref idref="fl-37"/>
      </object_component>
      <object_component id="oc-1b3">
         <name>.debug_info</name>
         <load_address>0x5bae</load_address>
         <run_address>0x5bae</run_address>
         <size>0x106</size>
         <input_file_ref idref="fl-29"/>
      </object_component>
      <object_component id="oc-1b8">
         <name>.debug_info</name>
         <load_address>0x5cb4</load_address>
         <run_address>0x5cb4</run_address>
         <size>0xd4</size>
         <input_file_ref idref="fl-3a"/>
      </object_component>
      <object_component id="oc-1bc">
         <name>.debug_info</name>
         <load_address>0x5d88</load_address>
         <run_address>0x5d88</run_address>
         <size>0xd9</size>
         <input_file_ref idref="fl-42"/>
      </object_component>
      <object_component id="oc-1c1">
         <name>.debug_info</name>
         <load_address>0x5e61</load_address>
         <run_address>0x5e61</run_address>
         <size>0xd4</size>
         <input_file_ref idref="fl-39"/>
      </object_component>
      <object_component id="oc-1c5">
         <name>.debug_info</name>
         <load_address>0x5f35</load_address>
         <run_address>0x5f35</run_address>
         <size>0xd3</size>
         <input_file_ref idref="fl-41"/>
      </object_component>
      <object_component id="oc-1c8">
         <name>.debug_info</name>
         <load_address>0x6008</load_address>
         <run_address>0x6008</run_address>
         <size>0x10d</size>
         <input_file_ref idref="fl-2a"/>
      </object_component>
      <object_component id="oc-1cd">
         <name>.debug_info</name>
         <load_address>0x6115</load_address>
         <run_address>0x6115</run_address>
         <size>0xd3</size>
         <input_file_ref idref="fl-37"/>
      </object_component>
      <object_component id="oc-1d1">
         <name>.debug_info</name>
         <load_address>0x61e8</load_address>
         <run_address>0x61e8</run_address>
         <size>0x106</size>
         <input_file_ref idref="fl-27"/>
      </object_component>
      <object_component id="oc-1d5">
         <name>.debug_info</name>
         <load_address>0x62ee</load_address>
         <run_address>0x62ee</run_address>
         <size>0x111</size>
         <input_file_ref idref="fl-3d"/>
      </object_component>
      <object_component id="oc-1db">
         <name>.debug_info</name>
         <load_address>0x63ff</load_address>
         <run_address>0x63ff</run_address>
         <size>0x183</size>
         <input_file_ref idref="fl-45"/>
      </object_component>
      <object_component id="oc-1e1">
         <name>.debug_info</name>
         <load_address>0x6582</load_address>
         <run_address>0x6582</run_address>
         <size>0x1de</size>
         <input_file_ref idref="fl-3f"/>
      </object_component>
      <object_component id="oc-1e6">
         <name>.debug_info</name>
         <load_address>0x6760</load_address>
         <run_address>0x6760</run_address>
         <size>0x160</size>
         <input_file_ref idref="fl-44"/>
      </object_component>
      <object_component id="oc-1ee">
         <name>.debug_info</name>
         <load_address>0x68c0</load_address>
         <run_address>0x68c0</run_address>
         <size>0x39</size>
         <input_file_ref idref="fl-3f"/>
      </object_component>
      <object_component id="oc-203">
         <name>.debug_info</name>
         <load_address>0x68f9</load_address>
         <run_address>0x68f9</run_address>
         <size>0x117</size>
         <input_file_ref idref="fl-45"/>
      </object_component>
      <object_component id="oc-205">
         <name>.debug_info</name>
         <load_address>0x6a10</load_address>
         <run_address>0x6a10</run_address>
         <size>0x15c</size>
         <input_file_ref idref="fl-3f"/>
      </object_component>
      <object_component id="oc-20a">
         <name>.debug_info</name>
         <load_address>0x6b6c</load_address>
         <run_address>0x6b6c</run_address>
         <size>0x19b</size>
         <input_file_ref idref="fl-3f"/>
      </object_component>
      <object_component id="oc-210">
         <name>.debug_info</name>
         <load_address>0x6d07</load_address>
         <run_address>0x6d07</run_address>
         <size>0x118</size>
         <input_file_ref idref="fl-44"/>
      </object_component>
      <object_component id="oc-215">
         <name>.debug_info</name>
         <load_address>0x6e1f</load_address>
         <run_address>0x6e1f</run_address>
         <size>0x168</size>
         <input_file_ref idref="fl-3f"/>
      </object_component>
      <object_component id="oc-257">
         <name>.debug_info</name>
         <load_address>0x6f87</load_address>
         <run_address>0x6f87</run_address>
         <size>0xb0</size>
      </object_component>
      <object_component id="oc-40">
         <name>.debug_line</name>
         <load_address>0x0</load_address>
         <run_address>0x0</run_address>
         <size>0x44</size>
         <input_file_ref idref="fl-1d"/>
      </object_component>
      <object_component id="oc-46">
         <name>.debug_line</name>
         <load_address>0x44</load_address>
         <run_address>0x44</run_address>
         <size>0x50</size>
         <input_file_ref idref="fl-1e"/>
      </object_component>
      <object_component id="oc-4a">
         <name>.debug_line</name>
         <load_address>0x94</load_address>
         <run_address>0x94</run_address>
         <size>0x4a</size>
         <input_file_ref idref="fl-20"/>
      </object_component>
      <object_component id="oc-4f">
         <name>.debug_line</name>
         <load_address>0xde</load_address>
         <run_address>0xde</run_address>
         <size>0x49</size>
         <input_file_ref idref="fl-1f"/>
      </object_component>
      <object_component id="oc-57">
         <name>.debug_line</name>
         <load_address>0x127</load_address>
         <run_address>0x127</run_address>
         <size>0x54</size>
         <input_file_ref idref="fl-3"/>
      </object_component>
      <object_component id="oc-5b">
         <name>.debug_line</name>
         <load_address>0x17b</load_address>
         <run_address>0x17b</run_address>
         <size>0x2d</size>
         <input_file_ref idref="fl-3"/>
      </object_component>
      <object_component id="oc-5f">
         <name>.debug_line</name>
         <load_address>0x1a8</load_address>
         <run_address>0x1a8</run_address>
         <size>0x3c</size>
         <input_file_ref idref="fl-33"/>
      </object_component>
      <object_component id="oc-63">
         <name>.debug_line</name>
         <load_address>0x1e4</load_address>
         <run_address>0x1e4</run_address>
         <size>0x107</size>
         <input_file_ref idref="fl-3"/>
      </object_component>
      <object_component id="oc-67">
         <name>.debug_line</name>
         <load_address>0x2eb</load_address>
         <run_address>0x2eb</run_address>
         <size>0x2d</size>
         <input_file_ref idref="fl-3"/>
      </object_component>
      <object_component id="oc-6a">
         <name>.debug_line</name>
         <load_address>0x318</load_address>
         <run_address>0x318</run_address>
         <size>0x4c</size>
         <input_file_ref idref="fl-2"/>
      </object_component>
      <object_component id="oc-6e">
         <name>.debug_line</name>
         <load_address>0x364</load_address>
         <run_address>0x364</run_address>
         <size>0x31</size>
         <input_file_ref idref="fl-2"/>
      </object_component>
      <object_component id="oc-72">
         <name>.debug_line</name>
         <load_address>0x395</load_address>
         <run_address>0x395</run_address>
         <size>0x4a</size>
         <input_file_ref idref="fl-3"/>
      </object_component>
      <object_component id="oc-76">
         <name>.debug_line</name>
         <load_address>0x3df</load_address>
         <run_address>0x3df</run_address>
         <size>0x2d</size>
         <input_file_ref idref="fl-3"/>
      </object_component>
      <object_component id="oc-79">
         <name>.debug_line</name>
         <load_address>0x40c</load_address>
         <run_address>0x40c</run_address>
         <size>0x3e</size>
         <input_file_ref idref="fl-3b"/>
      </object_component>
      <object_component id="oc-7e">
         <name>.debug_line</name>
         <load_address>0x44a</load_address>
         <run_address>0x44a</run_address>
         <size>0x6b</size>
         <input_file_ref idref="fl-43"/>
      </object_component>
      <object_component id="oc-83">
         <name>.debug_line</name>
         <load_address>0x4b5</load_address>
         <run_address>0x4b5</run_address>
         <size>0x50</size>
         <input_file_ref idref="fl-3"/>
      </object_component>
      <object_component id="oc-88">
         <name>.debug_line</name>
         <load_address>0x505</load_address>
         <run_address>0x505</run_address>
         <size>0x3a</size>
         <input_file_ref idref="fl-25"/>
      </object_component>
      <object_component id="oc-8e">
         <name>.debug_line</name>
         <load_address>0x53f</load_address>
         <run_address>0x53f</run_address>
         <size>0x45</size>
         <input_file_ref idref="fl-38"/>
      </object_component>
      <object_component id="oc-94">
         <name>.debug_line</name>
         <load_address>0x584</load_address>
         <run_address>0x584</run_address>
         <size>0x3a</size>
         <input_file_ref idref="fl-1e"/>
      </object_component>
      <object_component id="oc-9b">
         <name>.debug_line</name>
         <load_address>0x5be</load_address>
         <run_address>0x5be</run_address>
         <size>0x34</size>
         <input_file_ref idref="fl-20"/>
      </object_component>
      <object_component id="oc-a1">
         <name>.debug_line</name>
         <load_address>0x5f2</load_address>
         <run_address>0x5f2</run_address>
         <size>0x80</size>
         <input_file_ref idref="fl-1f"/>
      </object_component>
      <object_component id="oc-a8">
         <name>.debug_line</name>
         <load_address>0x672</load_address>
         <run_address>0x672</run_address>
         <size>0x39</size>
         <input_file_ref idref="fl-1f"/>
      </object_component>
      <object_component id="oc-ac">
         <name>.debug_line</name>
         <load_address>0x6ab</load_address>
         <run_address>0x6ab</run_address>
         <size>0x2a</size>
         <input_file_ref idref="fl-1d"/>
      </object_component>
      <object_component id="oc-af">
         <name>.debug_line</name>
         <load_address>0x6d5</load_address>
         <run_address>0x6d5</run_address>
         <size>0x20</size>
         <input_file_ref idref="fl-2"/>
      </object_component>
      <object_component id="oc-b6">
         <name>.debug_line</name>
         <load_address>0x6f5</load_address>
         <run_address>0x6f5</run_address>
         <size>0xdd</size>
         <input_file_ref idref="fl-3"/>
      </object_component>
      <object_component id="oc-b9">
         <name>.debug_line</name>
         <load_address>0x7d2</load_address>
         <run_address>0x7d2</run_address>
         <size>0x5c</size>
         <input_file_ref idref="fl-2"/>
      </object_component>
      <object_component id="oc-c1">
         <name>.debug_line</name>
         <load_address>0x82e</load_address>
         <run_address>0x82e</run_address>
         <size>0x4d</size>
         <input_file_ref idref="fl-21"/>
      </object_component>
      <object_component id="oc-c8">
         <name>.debug_line</name>
         <load_address>0x87b</load_address>
         <run_address>0x87b</run_address>
         <size>0x4d</size>
         <input_file_ref idref="fl-3c"/>
      </object_component>
      <object_component id="oc-d6">
         <name>.debug_line</name>
         <load_address>0x8c8</load_address>
         <run_address>0x8c8</run_address>
         <size>0x3d</size>
         <input_file_ref idref="fl-28"/>
      </object_component>
      <object_component id="oc-da">
         <name>.debug_line</name>
         <load_address>0x905</load_address>
         <run_address>0x905</run_address>
         <size>0xe9</size>
         <input_file_ref idref="fl-23"/>
      </object_component>
      <object_component id="oc-df">
         <name>.debug_line</name>
         <load_address>0x9ee</load_address>
         <run_address>0x9ee</run_address>
         <size>0x3d</size>
         <input_file_ref idref="fl-26"/>
      </object_component>
      <object_component id="oc-f8">
         <name>.debug_line</name>
         <load_address>0xa2b</load_address>
         <run_address>0xa2b</run_address>
         <size>0x47</size>
         <input_file_ref idref="fl-2"/>
      </object_component>
      <object_component id="oc-102">
         <name>.debug_line</name>
         <load_address>0xa72</load_address>
         <run_address>0xa72</run_address>
         <size>0xa2</size>
         <input_file_ref idref="fl-2"/>
      </object_component>
      <object_component id="oc-108">
         <name>.debug_line</name>
         <load_address>0xb14</load_address>
         <run_address>0xb14</run_address>
         <size>0x40</size>
         <input_file_ref idref="fl-24"/>
      </object_component>
      <object_component id="oc-10e">
         <name>.debug_line</name>
         <load_address>0xb54</load_address>
         <run_address>0xb54</run_address>
         <size>0x45</size>
         <input_file_ref idref="fl-3"/>
      </object_component>
      <object_component id="oc-113">
         <name>.debug_line</name>
         <load_address>0xb99</load_address>
         <run_address>0xb99</run_address>
         <size>0x43</size>
         <input_file_ref idref="fl-3"/>
      </object_component>
      <object_component id="oc-118">
         <name>.debug_line</name>
         <load_address>0xbdc</load_address>
         <run_address>0xbdc</run_address>
         <size>0x4b</size>
         <input_file_ref idref="fl-2"/>
      </object_component>
      <object_component id="oc-11d">
         <name>.debug_line</name>
         <load_address>0xc27</load_address>
         <run_address>0xc27</run_address>
         <size>0x48</size>
         <input_file_ref idref="fl-3"/>
      </object_component>
      <object_component id="oc-128">
         <name>.debug_line</name>
         <load_address>0xc6f</load_address>
         <run_address>0xc6f</run_address>
         <size>0x44</size>
         <input_file_ref idref="fl-1e"/>
      </object_component>
      <object_component id="oc-12c">
         <name>.debug_line</name>
         <load_address>0xcb3</load_address>
         <run_address>0xcb3</run_address>
         <size>0x20</size>
         <input_file_ref idref="fl-1e"/>
      </object_component>
      <object_component id="oc-12e">
         <name>.debug_line</name>
         <load_address>0xcd3</load_address>
         <run_address>0xcd3</run_address>
         <size>0x20</size>
         <input_file_ref idref="fl-20"/>
      </object_component>
      <object_component id="oc-131">
         <name>.debug_line</name>
         <load_address>0xcf3</load_address>
         <run_address>0xcf3</run_address>
         <size>0x20</size>
         <input_file_ref idref="fl-1f"/>
      </object_component>
      <object_component id="oc-133">
         <name>.debug_line</name>
         <load_address>0xd13</load_address>
         <run_address>0xd13</run_address>
         <size>0x2d</size>
         <input_file_ref idref="fl-3"/>
      </object_component>
      <object_component id="oc-136">
         <name>.debug_line</name>
         <load_address>0xd40</load_address>
         <run_address>0xd40</run_address>
         <size>0x43</size>
         <input_file_ref idref="fl-22"/>
      </object_component>
      <object_component id="oc-13b">
         <name>.debug_line</name>
         <load_address>0xd83</load_address>
         <run_address>0xd83</run_address>
         <size>0x4f</size>
         <input_file_ref idref="fl-3c"/>
      </object_component>
      <object_component id="oc-140">
         <name>.debug_line</name>
         <load_address>0xdd2</load_address>
         <run_address>0xdd2</run_address>
         <size>0x48</size>
         <input_file_ref idref="fl-3c"/>
      </object_component>
      <object_component id="oc-145">
         <name>.debug_line</name>
         <load_address>0xe1a</load_address>
         <run_address>0xe1a</run_address>
         <size>0x7b</size>
         <input_file_ref idref="fl-3f"/>
      </object_component>
      <object_component id="oc-14c">
         <name>.debug_line</name>
         <load_address>0xe95</load_address>
         <run_address>0xe95</run_address>
         <size>0x43</size>
         <input_file_ref idref="fl-3c"/>
      </object_component>
      <object_component id="oc-151">
         <name>.debug_line</name>
         <load_address>0xed8</load_address>
         <run_address>0xed8</run_address>
         <size>0x2e</size>
         <input_file_ref idref="fl-3c"/>
      </object_component>
      <object_component id="oc-156">
         <name>.debug_line</name>
         <load_address>0xf06</load_address>
         <run_address>0xf06</run_address>
         <size>0x80</size>
         <input_file_ref idref="fl-29"/>
      </object_component>
      <object_component id="oc-15d">
         <name>.debug_line</name>
         <load_address>0xf86</load_address>
         <run_address>0xf86</run_address>
         <size>0x5e</size>
         <input_file_ref idref="fl-36"/>
      </object_component>
      <object_component id="oc-162">
         <name>.debug_line</name>
         <load_address>0xfe4</load_address>
         <run_address>0xfe4</run_address>
         <size>0xf0</size>
         <input_file_ref idref="fl-2a"/>
      </object_component>
      <object_component id="oc-166">
         <name>.debug_line</name>
         <load_address>0x10d4</load_address>
         <run_address>0x10d4</run_address>
         <size>0x4e</size>
         <input_file_ref idref="fl-34"/>
      </object_component>
      <object_component id="oc-16c">
         <name>.debug_line</name>
         <load_address>0x1122</load_address>
         <run_address>0x1122</run_address>
         <size>0x2e</size>
         <input_file_ref idref="fl-23"/>
      </object_component>
      <object_component id="oc-171">
         <name>.debug_line</name>
         <load_address>0x1150</load_address>
         <run_address>0x1150</run_address>
         <size>0x5e</size>
         <input_file_ref idref="fl-27"/>
      </object_component>
      <object_component id="oc-177">
         <name>.debug_line</name>
         <load_address>0x11ae</load_address>
         <run_address>0x11ae</run_address>
         <size>0x5d</size>
         <input_file_ref idref="fl-3d"/>
      </object_component>
      <object_component id="oc-17d">
         <name>.debug_line</name>
         <load_address>0x120b</load_address>
         <run_address>0x120b</run_address>
         <size>0x4e</size>
         <input_file_ref idref="fl-2"/>
      </object_component>
      <object_component id="oc-183">
         <name>.debug_line</name>
         <load_address>0x1259</load_address>
         <run_address>0x1259</run_address>
         <size>0x2e</size>
         <input_file_ref idref="fl-43"/>
      </object_component>
      <object_component id="oc-186">
         <name>.debug_line</name>
         <load_address>0x1287</load_address>
         <run_address>0x1287</run_address>
         <size>0x2e</size>
         <input_file_ref idref="fl-43"/>
      </object_component>
      <object_component id="oc-18e">
         <name>.debug_line</name>
         <load_address>0x12b5</load_address>
         <run_address>0x12b5</run_address>
         <size>0x20</size>
         <input_file_ref idref="fl-38"/>
      </object_component>
      <object_component id="oc-194">
         <name>.debug_line</name>
         <load_address>0x12d5</load_address>
         <run_address>0x12d5</run_address>
         <size>0x8d</size>
         <input_file_ref idref="fl-3f"/>
      </object_component>
      <object_component id="oc-199">
         <name>.debug_line</name>
         <load_address>0x1362</load_address>
         <run_address>0x1362</run_address>
         <size>0x56</size>
         <input_file_ref idref="fl-3f"/>
      </object_component>
      <object_component id="oc-1a0">
         <name>.debug_line</name>
         <load_address>0x13b8</load_address>
         <run_address>0x13b8</run_address>
         <size>0x5c</size>
         <input_file_ref idref="fl-3"/>
      </object_component>
      <object_component id="oc-1a5">
         <name>.debug_line</name>
         <load_address>0x1414</load_address>
         <run_address>0x1414</run_address>
         <size>0x44</size>
         <input_file_ref idref="fl-3f"/>
      </object_component>
      <object_component id="oc-1a9">
         <name>.debug_line</name>
         <load_address>0x1458</load_address>
         <run_address>0x1458</run_address>
         <size>0x52</size>
         <input_file_ref idref="fl-3c"/>
      </object_component>
      <object_component id="oc-1ac">
         <name>.debug_line</name>
         <load_address>0x14aa</load_address>
         <run_address>0x14aa</run_address>
         <size>0x56</size>
         <input_file_ref idref="fl-35"/>
      </object_component>
      <object_component id="oc-1b0">
         <name>.debug_line</name>
         <load_address>0x1500</load_address>
         <run_address>0x1500</run_address>
         <size>0x65</size>
         <input_file_ref idref="fl-37"/>
      </object_component>
      <object_component id="oc-1b5">
         <name>.debug_line</name>
         <load_address>0x1565</load_address>
         <run_address>0x1565</run_address>
         <size>0x20</size>
         <input_file_ref idref="fl-28"/>
      </object_component>
      <object_component id="oc-1b9">
         <name>.debug_line</name>
         <load_address>0x1585</load_address>
         <run_address>0x1585</run_address>
         <size>0x4b</size>
         <input_file_ref idref="fl-3a"/>
      </object_component>
      <object_component id="oc-1bd">
         <name>.debug_line</name>
         <load_address>0x15d0</load_address>
         <run_address>0x15d0</run_address>
         <size>0x56</size>
         <input_file_ref idref="fl-42"/>
      </object_component>
      <object_component id="oc-1c0">
         <name>.debug_line</name>
         <load_address>0x1626</load_address>
         <run_address>0x1626</run_address>
         <size>0x42</size>
         <input_file_ref idref="fl-39"/>
      </object_component>
      <object_component id="oc-1c4">
         <name>.debug_line</name>
         <load_address>0x1668</load_address>
         <run_address>0x1668</run_address>
         <size>0x4e</size>
         <input_file_ref idref="fl-41"/>
      </object_component>
      <object_component id="oc-1cb">
         <name>.debug_line</name>
         <load_address>0x16b6</load_address>
         <run_address>0x16b6</run_address>
         <size>0x2d</size>
         <input_file_ref idref="fl-23"/>
      </object_component>
      <object_component id="oc-1ce">
         <name>.debug_line</name>
         <load_address>0x16e3</load_address>
         <run_address>0x16e3</run_address>
         <size>0x42</size>
         <input_file_ref idref="fl-37"/>
      </object_component>
      <object_component id="oc-1d3">
         <name>.debug_line</name>
         <load_address>0x1725</load_address>
         <run_address>0x1725</run_address>
         <size>0x20</size>
         <input_file_ref idref="fl-26"/>
      </object_component>
      <object_component id="oc-1dc">
         <name>.debug_line</name>
         <load_address>0x1745</load_address>
         <run_address>0x1745</run_address>
         <size>0x5d</size>
         <input_file_ref idref="fl-45"/>
      </object_component>
      <object_component id="oc-1e2">
         <name>.debug_line</name>
         <load_address>0x17a2</load_address>
         <run_address>0x17a2</run_address>
         <size>0x58</size>
         <input_file_ref idref="fl-3f"/>
      </object_component>
      <object_component id="oc-1e7">
         <name>.debug_line</name>
         <load_address>0x17fa</load_address>
         <run_address>0x17fa</run_address>
         <size>0x46</size>
         <input_file_ref idref="fl-44"/>
      </object_component>
      <object_component id="oc-1ed">
         <name>.debug_line</name>
         <load_address>0x1840</load_address>
         <run_address>0x1840</run_address>
         <size>0x52</size>
         <input_file_ref idref="fl-3f"/>
      </object_component>
      <object_component id="oc-1f0">
         <name>.debug_line</name>
         <load_address>0x1892</load_address>
         <run_address>0x1892</run_address>
         <size>0x2e</size>
         <input_file_ref idref="fl-3f"/>
      </object_component>
      <object_component id="oc-1f6">
         <name>.debug_line</name>
         <load_address>0x18c0</load_address>
         <run_address>0x18c0</run_address>
         <size>0x20</size>
         <input_file_ref idref="fl-29"/>
      </object_component>
      <object_component id="oc-1fc">
         <name>.debug_line</name>
         <load_address>0x18e0</load_address>
         <run_address>0x18e0</run_address>
         <size>0x20</size>
         <input_file_ref idref="fl-2a"/>
      </object_component>
      <object_component id="oc-1ff">
         <name>.debug_line</name>
         <load_address>0x1900</load_address>
         <run_address>0x1900</run_address>
         <size>0x20</size>
         <input_file_ref idref="fl-27"/>
      </object_component>
      <object_component id="oc-201">
         <name>.debug_line</name>
         <load_address>0x1920</load_address>
         <run_address>0x1920</run_address>
         <size>0x20</size>
         <input_file_ref idref="fl-3d"/>
      </object_component>
      <object_component id="oc-206">
         <name>.debug_line</name>
         <load_address>0x1940</load_address>
         <run_address>0x1940</run_address>
         <size>0x4f</size>
         <input_file_ref idref="fl-3f"/>
      </object_component>
      <object_component id="oc-20b">
         <name>.debug_line</name>
         <load_address>0x198f</load_address>
         <run_address>0x198f</run_address>
         <size>0x50</size>
         <input_file_ref idref="fl-3f"/>
      </object_component>
      <object_component id="oc-212">
         <name>.debug_line</name>
         <load_address>0x19df</load_address>
         <run_address>0x19df</run_address>
         <size>0x20</size>
         <input_file_ref idref="fl-45"/>
      </object_component>
      <object_component id="oc-216">
         <name>.debug_line</name>
         <load_address>0x19ff</load_address>
         <run_address>0x19ff</run_address>
         <size>0x48</size>
         <input_file_ref idref="fl-3f"/>
      </object_component>
      <object_component id="oc-21b">
         <name>.debug_line</name>
         <load_address>0x1a47</load_address>
         <run_address>0x1a47</run_address>
         <size>0x20</size>
         <input_file_ref idref="fl-44"/>
      </object_component>
      <object_component id="oc-41">
         <name>.debug_frame</name>
         <load_address>0x0</load_address>
         <run_address>0x0</run_address>
         <size>0x42</size>
         <input_file_ref idref="fl-1d"/>
      </object_component>
      <object_component id="oc-44">
         <name>.debug_frame</name>
         <load_address>0x42</load_address>
         <run_address>0x42</run_address>
         <size>0x47</size>
         <input_file_ref idref="fl-1e"/>
      </object_component>
      <object_component id="oc-4b">
         <name>.debug_frame</name>
         <load_address>0x89</load_address>
         <run_address>0x89</run_address>
         <size>0x47</size>
         <input_file_ref idref="fl-20"/>
      </object_component>
      <object_component id="oc-50">
         <name>.debug_frame</name>
         <load_address>0xd0</load_address>
         <run_address>0xd0</run_address>
         <size>0x47</size>
         <input_file_ref idref="fl-1f"/>
      </object_component>
      <object_component id="oc-58">
         <name>.debug_frame</name>
         <load_address>0x117</load_address>
         <run_address>0x117</run_address>
         <size>0x50</size>
         <input_file_ref idref="fl-3"/>
      </object_component>
      <object_component id="oc-64">
         <name>.debug_frame</name>
         <load_address>0x167</load_address>
         <run_address>0x167</run_address>
         <size>0xa0</size>
         <input_file_ref idref="fl-3"/>
      </object_component>
      <object_component id="oc-6b">
         <name>.debug_frame</name>
         <load_address>0x207</load_address>
         <run_address>0x207</run_address>
         <size>0x59</size>
         <input_file_ref idref="fl-2"/>
      </object_component>
      <object_component id="oc-73">
         <name>.debug_frame</name>
         <load_address>0x260</load_address>
         <run_address>0x260</run_address>
         <size>0x50</size>
         <input_file_ref idref="fl-3"/>
      </object_component>
      <object_component id="oc-7a">
         <name>.debug_frame</name>
         <load_address>0x2b0</load_address>
         <run_address>0x2b0</run_address>
         <size>0x47</size>
         <input_file_ref idref="fl-3b"/>
      </object_component>
      <object_component id="oc-7f">
         <name>.debug_frame</name>
         <load_address>0x2f7</load_address>
         <run_address>0x2f7</run_address>
         <size>0x51</size>
         <input_file_ref idref="fl-43"/>
      </object_component>
      <object_component id="oc-84">
         <name>.debug_frame</name>
         <load_address>0x348</load_address>
         <run_address>0x348</run_address>
         <size>0x47</size>
         <input_file_ref idref="fl-3"/>
      </object_component>
      <object_component id="oc-89">
         <name>.debug_frame</name>
         <load_address>0x38f</load_address>
         <run_address>0x38f</run_address>
         <size>0x47</size>
         <input_file_ref idref="fl-25"/>
      </object_component>
      <object_component id="oc-8f">
         <name>.debug_frame</name>
         <load_address>0x3d6</load_address>
         <run_address>0x3d6</run_address>
         <size>0x47</size>
         <input_file_ref idref="fl-38"/>
      </object_component>
      <object_component id="oc-a2">
         <name>.debug_frame</name>
         <load_address>0x41d</load_address>
         <run_address>0x41d</run_address>
         <size>0x51</size>
         <input_file_ref idref="fl-1f"/>
      </object_component>
      <object_component id="oc-c9">
         <name>.debug_frame</name>
         <load_address>0x46e</load_address>
         <run_address>0x46e</run_address>
         <size>0x56</size>
         <input_file_ref idref="fl-3c"/>
      </object_component>
      <object_component id="oc-d5">
         <name>.debug_frame</name>
         <load_address>0x4c4</load_address>
         <run_address>0x4c4</run_address>
         <size>0x47</size>
         <input_file_ref idref="fl-28"/>
      </object_component>
      <object_component id="oc-db">
         <name>.debug_frame</name>
         <load_address>0x50b</load_address>
         <run_address>0x50b</run_address>
         <size>0x72</size>
         <input_file_ref idref="fl-23"/>
      </object_component>
      <object_component id="oc-e0">
         <name>.debug_frame</name>
         <load_address>0x57d</load_address>
         <run_address>0x57d</run_address>
         <size>0x47</size>
         <input_file_ref idref="fl-26"/>
      </object_component>
      <object_component id="oc-f9">
         <name>.debug_frame</name>
         <load_address>0x5c4</load_address>
         <run_address>0x5c4</run_address>
         <size>0x50</size>
         <input_file_ref idref="fl-2"/>
      </object_component>
      <object_component id="oc-10f">
         <name>.debug_frame</name>
         <load_address>0x614</load_address>
         <run_address>0x614</run_address>
         <size>0x47</size>
         <input_file_ref idref="fl-3"/>
[...]
      </symbol>
      <symbol id="sm-1e9">
         <name>__mspabi_func_epilog_4</name>
         <value>0xd390</value>
         <object_component_ref idref="oc-106"/>
      </symbol>
      <symbol id="sm-1ea">
         <name>__mspabi_func_epilog_5</name>
         <value>0xd38e</value>
         <object_component_ref idref="oc-106"/>
      </symbol>
      <symbol id="sm-1f3">
         <name>C$$EXIT</name>
         <value>0xd3cc</value>
         <object_component_ref idref="oc-86"/>
      </symbol>
      <symbol id="sm-1f4">
         <name>abort</name>
         <value>0xd3cc</value>
         <object_component_ref idref="oc-86"/>
      </symbol>
      <symbol id="sm-203">
         <name>__mspabi_fixdi</name>
         <value>0xd16a</value>
         <object_component_ref idref="oc-dd"/>
      </symbol>
      <symbol id="sm-214">
         <name>__mspabi_fixdli</name>
         <value>0xcc64</value>
         <object_component_ref idref="oc-16f"/>
      </symbol>
      <symbol id="sm-21f">
         <name>__mspabi_fltid</name>
         <value>0xd3a8</value>
         <object_component_ref idref="oc-d3"/>
      </symbol>
      <symbol id="sm-236">
         <name>__mspabi_fltlid</name>
         <value>0xcbb4</value>
         <object_component_ref idref="oc-154"/>
      </symbol>
      <symbol id="sm-250">
         <name>__TI_frcdivd</name>
         <value>0xc000</value>
         <object_component_ref idref="oc-15f"/>
      </symbol>
      <symbol id="sm-253">
         <name>__TI_int03</name>
         <value>0xffe6</value>
         <object_component_ref idref="oc-30"/>
      </symbol>
      <symbol id="sm-256">
         <name>__TI_int07</name>
         <value>0xffee</value>
         <object_component_ref idref="oc-35"/>
      </symbol>
      <symbol id="sm-259">
         <name>__TI_int08</name>
         <value>0xfff0</value>
         <object_component_ref idref="oc-36"/>
      </symbol>
      <symbol id="sm-25c">
         <name>__TI_int09</name>
         <value>0xfff2</value>
         <object_component_ref idref="oc-37"/>
      </symbol>
      <symbol id="sm-25f">
         <name>__TI_int11</name>
         <value>0xfff6</value>
         <object_component_ref idref="oc-3a"/>
      </symbol>
      <symbol id="sm-262">
         <name>__TI_int12</name>
         <value>0xfff8</value>
         <object_component_ref idref="oc-3b"/>
      </symbol>
      <symbol id="sm-265">
         <name>__TI_int13</name>
         <value>0xfffa</value>
         <object_component_ref idref="oc-3c"/>
      </symbol>
      <symbol id="sm-268">
         <name>__TI_int14</name>
         <value>0xfffc</value>
         <object_component_ref idref="oc-3d"/>
      </symbol>
      <symbol id="sm-26f">
         <name>__TI_ISR_TRAP</name>
         <value>0xd3bc</value>
         <object_component_ref idref="oc-5d"/>
      </symbol>
      <symbol id="sm-276">
         <name>__mspabi_slli</name>
         <value>0xd13e</value>
         <object_component_ref idref="oc-164"/>
      </symbol>
      <symbol id="sm-277">
         <name>__mspabi_slli_9</name>
         <value>0xd156</value>
         <object_component_ref idref="oc-164"/>
      </symbol>
      <symbol id="sm-278">
         <name>__mspabi_slli_8</name>
         <value>0xd158</value>
         <object_component_ref idref="oc-164"/>
      </symbol>
      <symbol id="sm-279">
         <name>__mspabi_slli_7</name>
         <value>0xd15a</value>
         <object_component_ref idref="oc-164"/>
      </symbol>
      <symbol id="sm-27a">
         <name>__mspabi_slli_6</name>
         <value>0xd15c</value>
         <object_component_ref idref="oc-164"/>
      </symbol>
      <symbol id="sm-27b">
         <name>__mspabi_slli_5</name>
         <value>0xd15e</value>
         <object_component_ref idref="oc-164"/>
      </symbol>
      <symbol id="sm-27c">
         <name>__mspabi_slli_4</name>
         <value>0xd160</value>
         <object_component_ref idref="oc-164"/>
      </symbol>
      <symbol id="sm-27d">
         <name>__mspabi_slli_3</name>
         <value>0xd162</value>
         <object_component_ref idref="oc-164"/>
      </symbol>
      <symbol id="sm-27e">
         <name>__mspabi_slli_2</name>
         <value>0xd164</value>
         <object_component_ref idref="oc-164"/>
      </symbol>
      <symbol id="sm-27f">
         <name>__mspabi_slli_1</name>
         <value>0xd166</value>
         <object_component_ref idref="oc-164"/>
      </symbol>
      <symbol id="sm-280">
         <name>__mspabi_slli_15</name>
         <value>0xd14a</value>
         <object_component_ref idref="oc-164"/>
      </symbol>
      <symbol id="sm-281">
         <name>__mspabi_slli_14</name>
         <value>0xd14c</value>
         <object_component_ref idref="oc-164"/>
      </symbol>
      <symbol id="sm-282">
         <name>__mspabi_slli_13</name>
         <value>0xd14e</value>
         <object_component_ref idref="oc-164"/>
      </symbol>
      <symbol id="sm-283">
         <name>__mspabi_slli_12</name>
         <value>0xd150</value>
         <object_component_ref idref="oc-164"/>
      </symbol>
      <symbol id="sm-284">
         <name>__mspabi_slli_11</name>
         <value>0xd152</value>
         <object_component_ref idref="oc-164"/>
      </symbol>
      <symbol id="sm-285">
         <name>__mspabi_slli_10</name>
         <value>0xd154</value>
         <object_component_ref idref="oc-164"/>
      </symbol>
      <symbol id="sm-28c">
         <name>__mspabi_slll_9</name>
         <value>0xd024</value>
         <object_component_ref idref="oc-1aa"/>
      </symbol>
      <symbol id="sm-28d">
         <name>__mspabi_slll_8</name>
         <value>0xd028</value>
         <object_component_ref idref="oc-1aa"/>
      </symbol>
      <symbol id="sm-28e">
         <name>__mspabi_slll_7</name>
         <value>0xd02c</value>
         <object_component_ref idref="oc-1aa"/>
      </symbol>
      <symbol id="sm-28f">
         <name>__mspabi_slll_6</name>
         <value>0xd030</value>
         <object_component_ref idref="oc-1aa"/>
      </symbol>
      <symbol id="sm-290">
         <name>__mspabi_slll_5</name>
         <value>0xd034</value>
         <object_component_ref idref="oc-1aa"/>
      </symbol>
      <symbol id="sm-291">
         <name>__mspabi_slll_4</name>
         <value>0xd038</value>
         <object_component_ref idref="oc-1aa"/>
      </symbol>
      <symbol id="sm-292">
         <name>__mspabi_slll_3</name>
         <value>0xd03c</value>
         <object_component_ref idref="oc-1aa"/>
      </symbol>
      <symbol id="sm-293">
         <name>__mspabi_slll_2</name>
         <value>0xd040</value>
         <object_component_ref idref="oc-1aa"/>
      </symbol>
      <symbol id="sm-294">
         <name>__mspabi_slll_1</name>
         <value>0xd044</value>
         <object_component_ref idref="oc-1aa"/>
      </symbol>
      <symbol id="sm-295">
         <name>__mspabi_slll_15</name>
         <value>0xd00c</value>
         <object_component_ref idref="oc-1aa"/>
      </symbol>
      <symbol id="sm-296">
         <name>__mspabi_slll_14</name>
         <value>0xd010</value>
         <object_component_ref idref="oc-1aa"/>
      </symbol>
      <symbol id="sm-297">
         <name>__mspabi_slll_13</name>
         <value>0xd014</value>
         <object_component_ref idref="oc-1aa"/>
      </symbol>
      <symbol id="sm-298">
         <name>__mspabi_slll_12</name>
         <value>0xd018</value>
         <object_component_ref idref="oc-1aa"/>
      </symbol>
      <symbol id="sm-299">
         <name>__mspabi_slll_11</name>
         <value>0xd01c</value>
         <object_component_ref idref="oc-1aa"/>
      </symbol>
      <symbol id="sm-29a">
         <name>__mspabi_slll_10</name>
         <value>0xd020</value>
         <object_component_ref idref="oc-1aa"/>
      </symbol>
      <symbol id="sm-2a1">
         <name>__mspabi_srli_8</name>
         <value>0xcf28</value>
         <object_component_ref idref="oc-15b"/>
      </symbol>
      <symbol id="sm-2a2">
         <name>__mspabi_srli_9</name>
         <value>0xcf24</value>
         <object_component_ref idref="oc-15b"/>
      </symbol>
      <symbol id="sm-2a3">
         <name>__mspabi_srli_6</name>
         <value>0xcf30</value>
         <object_component_ref idref="oc-15b"/>
      </symbol>
      <symbol id="sm-2a4">
         <name>__mspabi_srli_7</name>
         <value>0xcf2c</value>
         <object_component_ref idref="oc-15b"/>
      </symbol>
      <symbol id="sm-2a5">
         <name>__mspabi_srli_4</name>
         <value>0xcf38</value>
         <object_component_ref idref="oc-15b"/>
      </symbol>
      <symbol id="sm-2a6">
         <name>__mspabi_srli_5</name>
         <value>0xcf34</value>
         <object_component_ref idref="oc-15b"/>
      </symbol>
      <symbol id="sm-2a7">
         <name>__mspabi_srli_2</name>
         <value>0xcf40</value>
         <object_component_ref idref="oc-15b"/>
      </symbol>
      <symbol id="sm-2a8">
         <name>__mspabi_srli_3</name>
         <value>0xcf3c</value>
         <object_component_ref idref="oc-15b"/>
      </symbol>
      <symbol id="sm-2a9">
         <name>__mspabi_srli_1</name>
         <value>0xcf44</value>
         <object_component_ref idref="oc-15b"/>
      </symbol>
      <symbol id="sm-2aa">
         <name>__mspabi_srli</name>
         <value>0xcefe</value>
         <object_component_ref idref="oc-15b"/>
      </symbol>
      <symbol id="sm-2ab">
         <name>__mspabi_srli_15</name>
         <value>0xcf0c</value>
         <object_component_ref idref="oc-15b"/>
      </symbol>
      <symbol id="sm-2ac">
         <name>__mspabi_srli_14</name>
         <value>0xcf10</value>
         <object_component_ref idref="oc-15b"/>
      </symbol>
      <symbol id="sm-2ad">
         <name>__mspabi_srli_13</name>
         <value>0xcf14</value>
         <object_component_ref idref="oc-15b"/>
      </symbol>
      <symbol id="sm-2ae">
         <name>__mspabi_srli_12</name>
         <value>0xcf18</value>
         <object_component_ref idref="oc-15b"/>
      </symbol>
      <symbol id="sm-2af">
         <name>__mspabi_srli_11</name>
         <value>0xcf1c</value>
         <object_component_ref idref="oc-15b"/>
      </symbol>
      <symbol id="sm-2b0">
         <name>__mspabi_srli_10</name>
         <value>0xcf20</value>
         <object_component_ref idref="oc-15b"/>
      </symbol>
      <symbol id="sm-2be">
         <name>__mspabi_srll_8</name>
         <value>0xcdd2</value>
         <object_component_ref idref="oc-1ae"/>
      </symbol>
      <symbol id="sm-2bf">
         <name>__mspabi_srll_9</name>
         <value>0xcdcc</value>
         <object_component_ref idref="oc-1ae"/>
      </symbol>
      <symbol id="sm-2c0">
         <name>__mspabi_srll_6</name>
         <value>0xcdde</value>
         <object_component_ref idref="oc-1ae"/>
      </symbol>
      <symbol id="sm-2c1">
         <name>__mspabi_srll_7</name>
         <value>0xcdd8</value>
         <object_component_ref idref="oc-1ae"/>
      </symbol>
      <symbol id="sm-2c2">
         <name>__mspabi_srll_4</name>
         <value>0xcdea</value>
         <object_component_ref idref="oc-1ae"/>
      </symbol>
      <symbol id="sm-2c3">
         <name>__mspabi_srll_5</name>
         <value>0xcde4</value>
         <object_component_ref idref="oc-1ae"/>
      </symbol>
      <symbol id="sm-2c4">
         <name>__mspabi_srll_2</name>
         <value>0xcdf6</value>
         <object_component_ref idref="oc-1ae"/>
      </symbol>
      <symbol id="sm-2c5">
         <name>__mspabi_srll_3</name>
         <value>0xcdf0</value>
         <object_component_ref idref="oc-1ae"/>
      </symbol>
      <symbol id="sm-2c6">
         <name>__mspabi_srll_1</name>
         <value>0xcdfc</value>
         <object_component_ref idref="oc-1ae"/>
      </symbol>
      <symbol id="sm-2c7">
         <name>__mspabi_srll_15</name>
         <value>0xcda8</value>
         <object_component_ref idref="oc-1ae"/>
      </symbol>
      <symbol id="sm-2c8">
         <name>__mspabi_srll_14</name>
         <value>0xcdae</value>
         <object_component_ref idref="oc-1ae"/>
      </symbol>
      <symbol id="sm-2c9">
         <name>__mspabi_srll_13</name>
         <value>0xcdb4</value>
         <object_component_ref idref="oc-1ae"/>
      </symbol>
      <symbol id="sm-2ca">
         <name>__mspabi_srll_12</name>
         <value>0xcdba</value>
         <object_component_ref idref="oc-1ae"/>
      </symbol>
      <symbol id="sm-2cb">
         <name>__mspabi_srll_11</name>
         <value>0xcdc0</value>
         <object_component_ref idref="oc-1ae"/>
      </symbol>
      <symbol id="sm-2cc">
         <name>__mspabi_srll_10</name>
         <value>0xcdc6</value>
         <object_component_ref idref="oc-1ae"/>
      </symbol>
      <symbol id="sm-2cd">
         <name>__mspabi_srll</name>
         <value>0xd366</value>
         <object_component_ref idref="oc-1cc"/>
      </symbol>
      <symbol id="sm-2da">
         <name>memcpy</name>
         <value>0xd378</value>
         <object_component_ref idref="oc-8c"/>
      </symbol>
      <symbol id="sm-2e3">
         <name>__mspabi_mpyi</name>
         <value>0xd32c</value>
         <object_component_ref idref="oc-1bf"/>
      </symbol>
      <symbol id="sm-2ec">
         <name>__mspabi_mpyl</name>
         <value>0xd22e</value>
         <object_component_ref idref="oc-1b7"/>
      </symbol>
      <symbol id="sm-2f4">
         <name>_system_pre_init</name>
         <value>0xd3c8</value>
         <object_component_ref idref="oc-77"/>
      </symbol>
      <symbol id="sm-31d">
         <name>snprintf</name>
         <value>0xce5a</value>
         <object_component_ref idref="oc-c6"/>
      </symbol>
      <symbol id="sm-329">
         <name>strlen</name>
         <value>0xd39a</value>
         <object_component_ref idref="oc-176"/>
      </symbol>
      <symbol id="sm-38a">
         <name>__TI_printfi_minimal</name>
         <value>0xcaea</value>
         <object_component_ref idref="oc-143"/>
      </symbol>
      <symbol id="sm-392">
         <name>__mspabi_srai</name>
         <value>0xd0e6</value>
         <object_component_ref idref="oc-1c3"/>
      </symbol>
      <symbol id="sm-393">
         <name>__mspabi_srai_8</name>
         <value>0xd100</value>
         <object_component_ref idref="oc-1c3"/>
      </symbol>
      <symbol id="sm-394">
         <name>__mspabi_srai_9</name>
         <value>0xd0fe</value>
         <object_component_ref idref="oc-1c3"/>
      </symbol>
      <symbol id="sm-395">
         <name>__mspabi_srai_6</name>
         <value>0xd104</value>
         <object_component_ref idref="oc-1c3"/>
      </symbol>
      <symbol id="sm-396">
         <name>__mspabi_srai_7</name>
         <value>0xd102</value>
         <object_component_ref idref="oc-1c3"/>
      </symbol>
      <symbol id="sm-397">
         <name>__mspabi_srai_4</name>
         <value>0xd108</value>
         <object_component_ref idref="oc-1c3"/>
      </symbol>
      <symbol id="sm-398">
         <name>__mspabi_srai_5</name>
         <value>0xd106</value>
         <object_component_ref idref="oc-1c3"/>
      </symbol>
      <symbol id="sm-399">
         <name>__mspabi_srai_2</name>
         <value>0xd10c</value>
         <object_component_ref idref="oc-1c3"/>
      </symbol>
      <symbol id="sm-39a">
         <name>__mspabi_srai_3</name>
         <value>0xd10a</value>
         <object_component_ref idref="oc-1c3"/>
      </symbol>
      <symbol id="sm-39b">
         <name>__mspabi_srai_1</name>
         <value>0xd10e</value>
         <object_component_ref idref="oc-1c3"/>
      </symbol>
      <symbol id="sm-39c">
         <name>__mspabi_srai_15</name>
         <value>0xd0f2</value>
         <object_component_ref idref="oc-1c3"/>
      </symbol>
      <symbol id="sm-39d">
         <name>__mspabi_srai_14</name>
         <value>0xd0f4</value>
         <object_component_ref idref="oc-1c3"/>
      </symbol>
      <symbol id="sm-39e">
         <name>__mspabi_srai_13</name>
         <value>0xd0f6</value>
         <object_component_ref idref="oc-1c3"/>
      </symbol>
      <symbol id="sm-39f">
         <name>__mspabi_srai_12</name>
         <value>0xd0f8</value>
         <object_component_ref idref="oc-1c3"/>
      </symbol>
      <symbol id="sm-3a0">
         <name>__mspabi_srai_11</name>
         <value>0xd0fa</value>
         <object_component_ref idref="oc-1c3"/>
      </symbol>
      <symbol id="sm-3a1">
         <name>__mspabi_srai_10</name>
         <value>0xd0fc</value>
         <object_component_ref idref="oc-1c3"/>
      </symbol>
      <symbol id="sm-3a8">
         <name>__mspabi_sral_15</name>
         <value>0xcfce</value>
         <object_component_ref idref="oc-1bb"/>
      </symbol>
      <symbol id="sm-3a9">
         <name>__mspabi_sral_14</name>
         <value>0xcfd2</value>
         <object_component_ref idref="oc-1bb"/>
      </symbol>
      <symbol id="sm-3aa">
         <name>__mspabi_sral_13</name>
         <value>0xcfd6</value>
         <object_component_ref idref="oc-1bb"/>
      </symbol>
      <symbol id="sm-3ab">
         <name>__mspabi_sral_12</name>
         <value>0xcfda</value>
         <object_component_ref idref="oc-1bb"/>
      </symbol>
      <symbol id="sm-3ac">
         <name>__mspabi_sral_11</name>
         <value>0xcfde</value>
         <object_component_ref idref="oc-1bb"/>
      </symbol>
      <symbol id="sm-3ad">
         <name>__mspabi_sral_10</name>
         <value>0xcfe2</value>
         <object_component_ref idref="oc-1bb"/>
      </symbol>
      <symbol id="sm-3ae">
         <name>__mspabi_sral_8</name>
         <value>0xcfea</value>
         <object_component_ref idref="oc-1bb"/>
      </symbol>
      <symbol id="sm-3af">
         <name>__mspabi_sral_9</name>
         <value>0xcfe6</value>
         <object_component_ref idref="oc-1bb"/>
      </symbol>
      <symbol id="sm-3b0">
         <name>__mspabi_sral_6</name>
         <value>0xcff2</value>
         <object_component_ref idref="oc-1bb"/>
      </symbol>
      <symbol id="sm-3b1">
         <name>__mspabi_sral_7</name>
         <value>0xcfee</value>
         <object_component_ref idref="oc-1bb"/>
      </symbol>
      <symbol id="sm-3b2">
         <name>__mspabi_sral_4</name>
         <value>0xcffa</value>
         <object_component_ref idref="oc-1bb"/>
      </symbol>
      <symbol id="sm-3b3">
         <name>__mspabi_sral_5</name>
         <value>0xcff6</value>
         <object_component_ref idref="oc-1bb"/>
      </symbol>
      <symbol id="sm-3b4">
         <name>__mspabi_sral_2</name>
         <value>0xd002</value>
         <object_component_ref idref="oc-1bb"/>
      </symbol>
      <symbol id="sm-3b5">
         <name>__mspabi_sral_3</name>
         <value>0xcffe</value>
         <object_component_ref idref="oc-1bb"/>
      </symbol>
      <symbol id="sm-3b6">
         <name>__mspabi_sral_1</name>
         <value>0xd006</value>
         <object_component_ref idref="oc-1bb"/>
      </symbol>
      <symbol id="sm-3cb">
         <name>_auto_init</name>
         <value>0xcd4a</value>
         <object_component_ref idref="oc-7c"/>
      </symbol>
      <symbol id="sm-3d9">
         <name>memccpy</name>
         <value>0xd272</value>
         <object_component_ref idref="oc-1e5"/>
      </symbol>
      <symbol id="sm-3e6">
         <name>memset</name>
         <value>0xd318</value>
         <object_component_ref idref="oc-1da"/>
      </symbol>
      <symbol id="sm-3e7">
         <name>__TI_exit</name>
         <value>0x1</value>
      </symbol>
      <symbol id="sm-3e8">
         <name>__TI_args_main</name>
         <value>0x1</value>
      </symbol>
      <symbol id="sm-3e9">
         <name>__TI_INITARRAY_Base</name>
         <value>0x0</value>
      </symbol>
      <symbol id="sm-3ea">
         <name>__TI_INITARRAY_Limit</name>
         <value>0x0</value>
      </symbol>
   </symbol_table>
   <title>Link successful</title>
</link_info>
