******************************************************************************
                  MSP430 Linker PC v4.2.1                      
******************************************************************************
>> Linked Sun Apr 24 20:13:39 2016

OUTPUT FILE NAME:   <testuprint.out>
ENTRY POINT SYMBOL: "_c_int00"  address: 0000d28e


MEMORY CONFIGURATION

         name            origin    length      used     unused   attr    fill
----------------------  --------  ---------  --------  --------  ----  --------
  SFR                   00000000   00000010  00000000  00000010  RWIX
  PERIPHERALS_8BIT      00000010   000000f0  00000000  000000f0  RWIX
  PERIPHERALS_16BIT     00000100   00000100  00000000  00000100  RWIX
  RAM                   00000200   00000200  0000007e  00000182  RWIX
  INFOD                 00001000   00000040  00000000  00000040  RWIX
  INFOC                 00001040   00000040  00000000  00000040  RWIX
  INFOB                 00001080   00000040  00000000  00000040  RWIX
  INFOA                 000010c0   00000040  00000000  00000040  RWIX
  FLASH                 0000c000   00003fe0  000014b4  00002b2c  RWIX
  INT00                 0000ffe0   00000002  00000000  00000002  RWIX
  INT01                 0000ffe2   00000002  00000000  00000002  RWIX
  INT02                 0000ffe4   00000002  00000002  00000000  RWIX
  INT03                 0000ffe6   00000002  00000002  00000000  RWIX
  INT04                 0000ffe8   00000002  00000000  00000002  RWIX
  INT05                 0000ffea   00000002  00000002  00000000  RWIX
  INT06                 0000ffec   00000002  00000002  00000000  RWIX
  INT07                 0000ffee   00000002  00000002  00000000  RWIX
  INT08                 0000fff0   00000002  00000002  00000000  RWIX
  INT09                 0000fff2   00000002  00000002  00000000  RWIX
  INT10                 0000fff4   00000002  00000002  00000000  RWIX
  INT11                 0000fff6   00000002  00000002  00000000  RWIX
  INT12                 0000fff8   00000002  00000002  00000000  RWIX
  INT13                 0000fffa   00000002  00000002  00000000  RWIX
  INT14                 0000fffc   00000002  00000002  00000000  RWIX
  RESET                 0000fffe   00000002  00000002  00000000  RWIX


SECTION ALLOCATION MAP

 output                                  attributes/
section   page    origin      length       input sections
--------  ----  ----------  ----------   ----------------
.init_array 
*          0    0000c000    00000000     UNINITIALIZED

.bss       0    00000200    00000022     UNINITIALIZED
                  00000200    00000014     (.common:cbuffer)
                  00000214    00000004     (.common:Temperature)
                  00000218    00000002     (.common:conPrintCounter)
                  0000021a    00000002     (.common:conPrintSequence)
                  0000021c    00000002     (.common:latest_result)
                  0000021e    00000002     (.common:tx_count)
                  00000220    00000002     (.common:tx_next_character)

.TI.noinit 
*          0    00000200    00000000     UNINITIALIZED

.data      0    00000222    0000000c     UNINITIALIZED
                  00000222    0000000c     main.obj (.data)

.TI.persistent 
*          0    00000222    00000000     UNINITIALIZED

.stack     0    000003b0    00000050     UNINITIALIZED
                  000003b0    00000002     rts430_eabi.lib : boot.obj (.stack)
                  000003b2    0000004e     --HOLE--

.text      0    0000c000    000013d0     
                  0000c000    0000045e     rts430_eabi.lib : frcdivd.obj (.text:__TI_frcdivd)
                  0000c45e    0000033e     main.obj (.text:adc_handler)
                  0000c79c    00000238     rts430_eabi.lib : divd.obj (.text:__mspabi_divd)
                  0000c9d4    00000116                     : _printfi_min.obj (.text:_setfield)
                  0000caea    000000ca                     : _printfi_min.obj (.text:__TI_printfi_minimal)
                  0000cbb4    000000b0                     : fltlid.obj (.text:__mspabi_fltlid)
                  0000cc64    00000088                     : fixdli.obj (.text:__mspabi_fixdli)
                  0000ccec    0000005e                     : copy_decompress_rle.obj (.text:__TI_decompress_rle_core)
                  0000cd4a    0000005e                     : autoinit.obj (.text:_auto_init)
                  0000cda8    0000005c                     : lsr32.obj (.text:l_lsr_const)
                  0000ce04    00000056                     : _printfi_min.obj (.text:_ltostr)
                  0000ce5a    00000056                     : snprintf.obj (.text:snprintf)
                  0000ceb0    0000004e                     : _printfi_min.obj (.text:_pproc_diouxp)
                  0000cefe    0000004c                     : lsr16.obj (.text)
                  0000cf4a    00000046                     : _printfi_min.obj (.text:_pproc_str)
                  0000cf90    0000003e     main.obj (.text:button_handler)
                  0000cfce    0000003e     rts430_eabi.lib : asr32.obj (.text:l_asr_const)
                  0000d00c    0000003e                     : lsl32.obj (.text:l_lsl_const)
                  0000d04a    00000038     main.obj (.text:main)
                  0000d082    00000036     rts430_eabi.lib : snprintf.obj (.text:_outs)
                  0000d0b8    0000002e                     : _printfi_min.obj (.text:_getarg_diouxp)
                  0000d0e6    0000002c                     : asr16.obj (.text)
                  0000d112    0000002c                     : div16s.obj (.text)
                  0000d13e    0000002c                     : lsl16.obj (.text)
                  0000d16a    00000028                     : fixdi.obj (.text:__mspabi_fixdi)
                  0000d192    00000028     uart_out.obj (.text:init_USCI_UART)
                  0000d1ba    00000028     uart_out.obj (.text:tx_handler)
                  0000d1e2    00000026     main.obj (.text:WDT_interval_handler)
                  0000d208    00000026     main.obj (.text:initializebuttons)
                  0000d22e    00000026     rts430_eabi.lib : mult32.obj (.text)
                  0000d254    0000001e                     : snprintf.obj (.text:_outc)
                  0000d272    0000001c                     : memccpy.obj (.text:memccpy)
                  0000d28e    0000001a                     : boot.obj (.text:_c_int00_noexit)
                  0000d2a8    0000001a     uart_out.obj (.text:tx_start)
                  0000d2c2    00000018     rts430_eabi.lib : _printfi_min.obj (.text:_div)
                  0000d2da    00000016                     : div16u.obj (.text)
                  0000d2f0    00000014                     : copy_zero_init.obj (.text:decompress:ZI:__TI_zero_init)
                  0000d304    00000014     main.obj (.text:init_adc)
                  0000d318    00000014     rts430_eabi.lib : memset.obj (.text:memset)
                  0000d32c    00000014                     : mult16.obj (.text)
                  0000d340    00000014     uart_out.obj (.text:tx_start_string)
                  0000d354    00000012     rts430_eabi.lib : copy_decompress_none.obj (.text:decompress:none:__TI_decompress_none)
                  0000d366    00000012                     : lsr32.obj (.text:l_lsr)
                  0000d378    00000012                     : memcpy.obj (.text:memcpy)
                  0000d38a    00000010                     : epilog.obj (.text)
                  0000d39a    0000000e                     : strlen.obj (.text:strlen)
                  0000d3a8    0000000c                     : fltid.obj (.text:__mspabi_fltid)
                  0000d3b4    00000008     main.obj (.text:init_wdt_no_interrupt)
                  0000d3bc    00000006     rts430_eabi.lib : isr_trap.obj (.text:__TI_ISR_TRAP)
                  0000d3c2    00000006                     : copy_decompress_rle.obj (.text:decompress:rle24:__TI_decompress_rle24)
                  0000d3c8    00000004                     : pre_init.obj (.text:_system_pre_init)
                  0000d3cc    00000004                     : exit.obj (.text:abort)

.const     0    0000d3d0    000000c2     
                  0000d3d0    000000ae     main.obj (.const:.string)
                  0000d47e    00000014     rts430_eabi.lib : _printfi_min.obj (.const:.string)

.cinit     0    0000d492    00000022     
                  0000d492    00000010     (.cinit..data.load) [load image]
                  0000d4a2    00000006     (__TI_handler_table)
                  0000d4a8    00000004     (.cinit..bss.load) [load image, compression = zero_init]
                  0000d4ac    00000008     (__TI_cinit_table)

PORT1      0    0000ffe4    00000002     
                  0000ffe4    00000002     main.obj (.int02)

PORT2      0    0000ffe6    00000002     
                  0000ffe6    00000002     rts430_eabi.lib : int03.obj (.int03)

ADC10      0    0000ffea    00000002     
                  0000ffea    00000002     main.obj (.int05)

USCIAB0TX 
*          0    0000ffec    00000002     
                  0000ffec    00000002     uart_out.obj (.int06)

USCIAB0RX 
*          0    0000ffee    00000002     
                  0000ffee    00000002     rts430_eabi.lib : int07.obj (.int07)

TIMER0_A1 
*          0    0000fff0    00000002     
                  0000fff0    00000002     rts430_eabi.lib : int08.obj (.int08)

TIMER0_A0 
*          0    0000fff2    00000002     
                  0000fff2    00000002     rts430_eabi.lib : int09.obj (.int09)

WDT        0    0000fff4    00000002     
                  0000fff4    00000002     main.obj (.int10)

COMPARATORA 
*          0    0000fff6    00000002     
                  0000fff6    00000002     rts430_eabi.lib : int11.obj (.int11)

TIMER1_A1 
*          0    0000fff8    00000002     
                  0000fff8    00000002     rts430_eabi.lib : int12.obj (.int12)

TIMER1_A0 
*          0    0000fffa    00000002     
                  0000fffa    00000002     rts430_eabi.lib : int13.obj (.int13)

NMI        0    0000fffc    00000002     
                  0000fffc    00000002     rts430_eabi.lib : int14.obj (.int14)

.reset     0    0000fffe    00000002     
                  0000fffe    00000002     rts430_eabi.lib : boot.obj (.reset)


LINKER GENERATED COPY TABLES

__TI_cinit_table @ 0000d4ac records: 2, size/record: 4, table size: 8
	.data: load addr=0000d492, load size=00000010 bytes, run addr=00000222, run size=0000000c bytes, compression=copy
	.bss: load addr=0000d4a8, load size=00000004 bytes, run addr=00000200, run size=00000022 bytes, compression=zero_init


LINKER GENERATED HANDLER TABLE

__TI_handler_table @ 0000d4a2 records: 3, size/record: 2, table size: 6
	index: 0, handler: __TI_zero_init
	index: 1, handler: __TI_decompress_rle24
	index: 2, handler: __TI_decompress_none


GLOBAL SYMBOLS: SORTED ALPHABETICALLY BY Name 

address    name
--------   ----
0000004a   ADC10AE0
000001b0   ADC10CTL0
000001b2   ADC10CTL1
00000048   ADC10DTC0
00000049   ADC10DTC1
000001b4   ADC10MEM
000001bc   ADC10SA
00000057   BCSCTL1
00000058   BCSCTL2
00000053   BCSCTL3
0000d3cc   C$$EXIT
00000059   CACTL1
0000005a   CACTL2
000010fb   CALBC1_12MHZ
000010f9   CALBC1_16MHZ
000010ff   CALBC1_1MHZ
000010fd   CALBC1_8MHZ
000010fa   CALDCO_12MHZ
000010f8   CALDCO_16MHZ
000010fe   CALDCO_1MHZ
000010fc   CALDCO_8MHZ
0000005b   CAPD
00000056   DCOCTL
00000128   FCTL1
0000012a   FCTL2
0000012c   FCTL3
00000000   IE1
00000001   IE2
00000002   IFG1
00000003   IFG2
00000022   P1DIR
00000025   P1IE
00000024   P1IES
00000023   P1IFG
00000020   P1IN
00000021   P1OUT
00000027   P1REN
00000026   P1SEL
00000041   P1SEL2
0000002a   P2DIR
0000002d   P2IE
0000002c   P2IES
0000002b   P2IFG
00000028   P2IN
00000029   P2OUT
0000002f   P2REN
0000002e   P2SEL
00000042   P2SEL2
0000001a   P3DIR
00000018   P3IN
00000019   P3OUT
00000010   P3REN
0000001b   P3SEL
00000043   P3SEL2
00000172   TA0CCR0
00000174   TA0CCR1
00000176   TA0CCR2
00000162   TA0CCTL0
00000164   TA0CCTL1
00000166   TA0CCTL2
00000160   TA0CTL
0000012e   TA0IV
00000170   TA0R
00000192   TA1CCR0
00000194   TA1CCR1
00000196   TA1CCR2
00000182   TA1CCTL0
00000184   TA1CCTL1
00000186   TA1CCTL2
00000180   TA1CTL
0000011e   TA1IV
00000190   TA1R
0000022a   TempSelect
00000214   Temperature
0000005d   UCA0ABCTL
00000062   UCA0BR0
00000063   UCA0BR1
00000060   UCA0CTL0
00000061   UCA0CTL1
0000005f   UCA0IRRCTL
0000005e   UCA0IRTCTL
00000064   UCA0MCTL
00000066   UCA0RXBUF
00000065   UCA0STAT
00000067   UCA0TXBUF
0000006a   UCB0BR0
0000006b   UCB0BR1
00000068   UCB0CTL0
00000069   UCB0CTL1
0000006c   UCB0I2CIE
00000118   UCB0I2COA
0000011a   UCB0I2CSA
0000006e   UCB0RXBUF
0000006d   UCB0STAT
0000006f   UCB0TXBUF
00000120   WDTCTL
0000d1e2   WDT_interval_handler
0000fff4   WDT_interval_handler_ptr
00000400   __STACK_END
00000050   __STACK_SIZE
0000d4ac   __TI_CINIT_Base
0000d4b4   __TI_CINIT_Limit
0000d4a2   __TI_Handler_Table_Base
0000d4a8   __TI_Handler_Table_Limit
UNDEFED    __TI_INITARRAY_Base
UNDEFED    __TI_INITARRAY_Limit
0000d3bc   __TI_ISR_TRAP
00000001   __TI_args_main
0000d354   __TI_decompress_none
0000d3c2   __TI_decompress_rle24
00000001   __TI_exit
0000c000   __TI_frcdivd
0000ffe4   __TI_int02
0000ffe6   __TI_int03
0000ffea   __TI_int05
0000ffec   __TI_int06
0000ffee   __TI_int07
0000fff0   __TI_int08
0000fff2   __TI_int09
0000fff4   __TI_int10
0000fff6   __TI_int11
0000fff8   __TI_int12
0000fffa   __TI_int13
0000fffc   __TI_int14
0000caea   __TI_printfi_minimal
0000d2f0   __TI_zero_init
ffffffff   __binit__
ffffffff   __c_args__
0000c79c   __mspabi_divd
0000d112   __mspabi_divi
0000d2da   __mspabi_divu
0000d16a   __mspabi_fixdi
0000cc64   __mspabi_fixdli
0000d3a8   __mspabi_fltid
0000cbb4   __mspabi_fltlid
0000d396   __mspabi_func_epilog_1
0000d394   __mspabi_func_epilog_2
0000d392   __mspabi_func_epilog_3
0000d390   __mspabi_func_epilog_4
0000d38e   __mspabi_func_epilog_5
0000d38c   __mspabi_func_epilog_6
0000d38a   __mspabi_func_epilog_7
0000d32c   __mspabi_mpyi
0000d22e   __mspabi_mpyl
0000d112   __mspabi_remi
0000d2da   __mspabi_remu
0000d13e   __mspabi_slli
0000d166   __mspabi_slli_1
0000d154   __mspabi_slli_10
0000d152   __mspabi_slli_11
0000d150   __mspabi_slli_12
0000d14e   __mspabi_slli_13
0000d14c   __mspabi_slli_14
0000d14a   __mspabi_slli_15
0000d164   __mspabi_slli_2
0000d162   __mspabi_slli_3
0000d160   __mspabi_slli_4
0000d15e   __mspabi_slli_5
0000d15c   __mspabi_slli_6
0000d15a   __mspabi_slli_7
0000d158   __mspabi_slli_8
0000d156   __mspabi_slli_9
0000d044   __mspabi_slll_1
0000d020   __mspabi_slll_10
0000d01c   __mspabi_slll_11
0000d018   __mspabi_slll_12
0000d014   __mspabi_slll_13
0000d010   __mspabi_slll_14
0000d00c   __mspabi_slll_15
0000d040   __mspabi_slll_2
0000d03c   __mspabi_slll_3
0000d038   __mspabi_slll_4
0000d034   __mspabi_slll_5
0000d030   __mspabi_slll_6
0000d02c   __mspabi_slll_7
0000d028   __mspabi_slll_8
0000d024   __mspabi_slll_9
0000d0e6   __mspabi_srai
0000d10e   __mspabi_srai_1
0000d0fc   __mspabi_srai_10
0000d0fa   __mspabi_srai_11
0000d0f8   __mspabi_srai_12
0000d0f6   __mspabi_srai_13
0000d0f4   __mspabi_srai_14
0000d0f2   __mspabi_srai_15
0000d10c   __mspabi_srai_2
0000d10a   __mspabi_srai_3
0000d108   __mspabi_srai_4
0000d106   __mspabi_srai_5
0000d104   __mspabi_srai_6
0000d102   __mspabi_srai_7
0000d100   __mspabi_srai_8
0000d0fe   __mspabi_srai_9
0000d006   __mspabi_sral_1
0000cfe2   __mspabi_sral_10
0000cfde   __mspabi_sral_11
0000cfda   __mspabi_sral_12
0000cfd6   __mspabi_sral_13
0000cfd2   __mspabi_sral_14
0000cfce   __mspabi_sral_15
0000d002   __mspabi_sral_2
0000cffe   __mspabi_sral_3
0000cffa   __mspabi_sral_4
0000cff6   __mspabi_sral_5
0000cff2   __mspabi_sral_6
0000cfee   __mspabi_sral_7
0000cfea   __mspabi_sral_8
0000cfe6   __mspabi_sral_9
0000cefe   __mspabi_srli
0000cf44   __mspabi_srli_1
0000cf20   __mspabi_srli_10
0000cf1c   __mspabi_srli_11
0000cf18   __mspabi_srli_12
0000cf14   __mspabi_srli_13
0000cf10   __mspabi_srli_14
0000cf0c   __mspabi_srli_15
0000cf40   __mspabi_srli_2
0000cf3c   __mspabi_srli_3
0000cf38   __mspabi_srli_4
0000cf34   __mspabi_srli_5
0000cf30   __mspabi_srli_6
0000cf2c   __mspabi_srli_7
0000cf28   __mspabi_srli_8
0000cf24   __mspabi_srli_9
0000d366   __mspabi_srll
0000cdfc   __mspabi_srll_1
0000cdc6   __mspabi_srll_10
0000cdc0   __mspabi_srll_11
0000cdba   __mspabi_srll_12
0000cdb4   __mspabi_srll_13
0000cdae   __mspabi_srll_14
0000cda8   __mspabi_srll_15
0000cdf6   __mspabi_srll_2
0000cdf0   __mspabi_srll_3
0000cdea   __mspabi_srll_4
0000cde4   __mspabi_srll_5
0000cdde   __mspabi_srll_6
0000cdd8   __mspabi_srll_7
0000cdd2   __mspabi_srll_8
0000cdcc   __mspabi_srll_9
0000cd4a   _auto_init
0000d28e   _c_int00
0000d28e   _c_int00_noexit
0000fffe   _reset_vector
000003b0   _stack
0000d3c8   _system_pre_init
0000d3cc   abort
0000c45e   adc_handler
0000ffea   adc_handler_ptr
ffffffff   binit
0000cf90   button_handler
0000ffe4   button_handler_ptr
00000200   cbuffer
00000226   conPrint
00000218   conPrintCounter
0000021a   conPrintSequence
00000222   conversion_count
00000228   flag
0000022c   handsetTemp
0000d192   init_USCI_UART
0000d304   init_adc
0000d3b4   init_wdt_no_interrupt
0000d208   initializebuttons
0000021c   latest_result
0000d04a   main
0000d272   memccpy
0000d378   memcpy
0000d318   memset
0000ce5a   snprintf
0000d39a   strlen
0000021e   tx_count
0000d1ba   tx_handler
0000ffec   tx_handler_ptr
00000220   tx_next_character
0000d2a8   tx_start
0000d340   tx_start_string


GLOBAL SYMBOLS: SORTED BY Symbol Address 

address    name
--------   ----
00000000   IE1
00000001   IE2
00000001   __TI_args_main
00000001   __TI_exit
00000002   IFG1
00000003   IFG2
00000010   P3REN
00000018   P3IN
00000019   P3OUT
0000001a   P3DIR
0000001b   P3SEL
00000020   P1IN
00000021   P1OUT
00000022   P1DIR
00000023   P1IFG
00000024   P1IES
00000025   P1IE
00000026   P1SEL
00000027   P1REN
00000028   P2IN
00000029   P2OUT
0000002a   P2DIR
0000002b   P2IFG
0000002c   P2IES
0000002d   P2IE
0000002e   P2SEL
0000002f   P2REN
00000041   P1SEL2
00000042   P2SEL2
00000043   P3SEL2
00000048   ADC10DTC0
00000049   ADC10DTC1
0000004a   ADC10AE0
00000050   __STACK_SIZE
00000053   BCSCTL3
00000056   DCOCTL
00000057   BCSCTL1
00000058   BCSCTL2
00000059   CACTL1
0000005a   CACTL2
0000005b   CAPD
0000005d   UCA0ABCTL
0000005e   UCA0IRTCTL
0000005f   UCA0IRRCTL
00000060   UCA0CTL0
00000061   UCA0CTL1
00000062   UCA0BR0
00000063   UCA0BR1
00000064   UCA0MCTL
00000065   UCA0STAT
00000066   UCA0RXBUF
00000067   UCA0TXBUF
00000068   UCB0CTL0
00000069   UCB0CTL1
0000006a   UCB0BR0
0000006b   UCB0BR1
0000006c   UCB0I2CIE
0000006d   UCB0STAT
0000006e   UCB0RXBUF
0000006f   UCB0TXBUF
00000118   UCB0I2COA
0000011a   UCB0I2CSA
0000011e   TA1IV
00000120   WDTCTL
00000128   FCTL1
0000012a   FCTL2
0000012c   FCTL3
0000012e   TA0IV
00000160   TA0CTL
00000162   TA0CCTL0
00000164   TA0CCTL1
00000166   TA0CCTL2
00000170   TA0R
00000172   TA0CCR0
00000174   TA0CCR1
00000176   TA0CCR2
00000180   TA1CTL
00000182   TA1CCTL0
00000184   TA1CCTL1
00000186   TA1CCTL2
00000190   TA1R
00000192   TA1CCR0
00000194   TA1CCR1
00000196   TA1CCR2
000001b0   ADC10CTL0
000001b2   ADC10CTL1
000001b4   ADC10MEM
000001bc   ADC10SA
00000200   cbuffer
00000214   Temperature
00000218   conPrintCounter
0000021a   conPrintSequence
0000021c   latest_result
0000021e   tx_count
00000220   tx_next_character
00000222   conversion_count
00000226   conPrint
00000228   flag
0000022a   TempSelect
0000022c   handsetTemp
000003b0   _stack
00000400   __STACK_END
000010f8   CALDCO_16MHZ
000010f9   CALBC1_16MHZ
000010fa   CALDCO_12MHZ
000010fb   CALBC1_12MHZ
000010fc   CALDCO_8MHZ
000010fd   CALBC1_8MHZ
000010fe   CALDCO_1MHZ
000010ff   CALBC1_1MHZ
0000c000   __TI_frcdivd
0000c45e   adc_handler
0000c79c   __mspabi_divd
0000caea   __TI_printfi_minimal
0000cbb4   __mspabi_fltlid
0000cc64   __mspabi_fixdli
0000cd4a   _auto_init
0000cda8   __mspabi_srll_15
0000cdae   __mspabi_srll_14
0000cdb4   __mspabi_srll_13
0000cdba   __mspabi_srll_12
0000cdc0   __mspabi_srll_11
0000cdc6   __mspabi_srll_10
0000cdcc   __mspabi_srll_9
0000cdd2   __mspabi_srll_8
0000cdd8   __mspabi_srll_7
0000cdde   __mspabi_srll_6
0000cde4   __mspabi_srll_5
0000cdea   __mspabi_srll_4
0000cdf0   __mspabi_srll_3
0000cdf6   __mspabi_srll_2
0000cdfc   __mspabi_srll_1
0000ce5a   snprintf
0000cefe   __mspabi_srli
0000cf0c   __mspabi_srli_15
0000cf10   __mspabi_srli_14
0000cf14   __mspabi_srli_13
0000cf18   __mspabi_srli_12
0000cf1c   __mspabi_srli_11
0000cf20   __mspabi_srli_10
0000cf24   __mspabi_srli_9
0000cf28   __mspabi_srli_8
0000cf2c   __mspabi_srli_7
0000cf30   __mspabi_srli_6
0000cf34   __mspabi_srli_5
0000cf38   __mspabi_srli_4
0000cf3c   __mspabi_srli_3
0000cf40   __mspabi_srli_2
0000cf44   __mspabi_srli_1
0000cf90   button_handler
0000cfce   __mspabi_sral_15
0000cfd2   __mspabi_sral_14
0000cfd6   __mspabi_sral_13
0000cfda   __mspabi_sral_12
0000cfde   __mspabi_sral_11
0000cfe2   __mspabi_sral_10
0000cfe6   __mspabi_sral_9
0000cfea   __mspabi_sral_8
0000cfee   __mspabi_sral_7
0000cff2   __mspabi_sral_6
0000cff6   __mspabi_sral_5
0000cffa   __mspabi_sral_4
0000cffe   __mspabi_sral_3
0000d002   __mspabi_sral_2
0000d006   __mspabi_sral_1
0000d00c   __mspabi_slll_15
0000d010   __mspabi_slll_14
0000d014   __mspabi_slll_13
0000d018   __mspabi_slll_12
0000d01c   __mspabi_slll_11
0000d020   __mspabi_slll_10
0000d024   __mspabi_slll_9
0000d028   __mspabi_slll_8
0000d02c   __mspabi_slll_7
0000d030   __mspabi_slll_6
0000d034   __mspabi_slll_5
0000d038   __mspabi_slll_4
0000d03c   __mspabi_slll_3
0000d040   __mspabi_slll_2
0000d044   __mspabi_slll_1
0000d04a   main
0000d0e6   __mspabi_srai
0000d0f2   __mspabi_srai_15
0000d0f4   __mspabi_srai_14
0000d0f6   __mspabi_srai_13
0000d0f8   __mspabi_srai_12
0000d0fa   __mspabi_srai_11
0000d0fc   __mspabi_srai_10
0000d0fe   __mspabi_srai_9
0000d100   __mspabi_srai_8
0000d102   __mspabi_srai_7
0000d104   __mspabi_srai_6
0000d106   __mspabi_srai_5
0000d108   __mspabi_srai_4
0000d10a   __mspabi_srai_3
0000d10c   __mspabi_srai_2
0000d10e   __mspabi_srai_1
0000d112   __mspabi_divi
0000d112   __mspabi_remi
0000d13e   __mspabi_slli
0000d14a   __mspabi_slli_15
0000d14c   __mspabi_slli_14
0000d14e   __mspabi_slli_13
0000d150   __mspabi_slli_12
0000d152   __mspabi_slli_11
0000d154   __mspabi_slli_10
0000d156   __mspabi_slli_9
0000d158   __mspabi_slli_8
0000d15a   __mspabi_slli_7
0000d15c   __mspabi_slli_6
0000d15e   __mspabi_slli_5
0000d160   __mspabi_slli_4
0000d162   __mspabi_slli_3
0000d164   __mspabi_slli_2
0000d166   __mspabi_slli_1
0000d16a   __mspabi_fixdi
0000d192   init_USCI_UART
0000d1ba   tx_handler
0000d1e2   WDT_interval_handler
0000d208   initializebuttons
0000d22e   __mspabi_mpyl
0000d272   memccpy
0000d28e   _c_int00
0000d28e   _c_int00_noexit
0000d2a8   tx_start
0000d2da   __mspabi_divu
0000d2da   __mspabi_remu
0000d2f0   __TI_zero_init
0000d304   init_adc
0000d318   memset
0000d32c   __mspabi_mpyi
0000d340   tx_start_string
0000d354   __TI_decompress_none
0000d366   __mspabi_srll
0000d378   memcpy
0000d38a   __mspabi_func_epilog_7
0000d38c   __mspabi_func_epilog_6
0000d38e   __mspabi_func_epilog_5
0000d390   __mspabi_func_epilog_4
0000d392   __mspabi_func_epilog_3
0000d394   __mspabi_func_epilog_2
0000d396   __mspabi_func_epilog_1
0000d39a   strlen
0000d3a8   __mspabi_fltid
0000d3b4   init_wdt_no_interrupt
0000d3bc   __TI_ISR_TRAP
0000d3c2   __TI_decompress_rle24
0000d3c8   _system_pre_init
0000d3cc   C$$EXIT
0000d3cc   abort
0000d4a2   __TI_Handler_Table_Base
0000d4a8   __TI_Handler_Table_Limit
0000d4ac   __TI_CINIT_Base
0000d4b4   __TI_CINIT_Limit
0000ffe4   __TI_int02
0000ffe4   button_handler_ptr
0000ffe6   __TI_int03
0000ffea   __TI_int05
0000ffea   adc_handler_ptr
0000ffec   __TI_int06
0000ffec   tx_handler_ptr
0000ffee   __TI_int07
0000fff0   __TI_int08
0000fff2   __TI_int09
0000fff4   WDT_interval_handler_ptr
0000fff4   __TI_int10
0000fff6   __TI_int11
0000fff8   __TI_int12
0000fffa   __TI_int13
0000fffc   __TI_int14
0000fffe   _reset_vector
ffffffff   __binit__
ffffffff   __c_args__
ffffffff   binit
UNDEFED    __TI_INITARRAY_Base
UNDEFED    __TI_INITARRAY_Limit

[276 symbols]
