<?xml version="1.0"?>
<link_info>
   <banner>MSP430 Linker PC v4.2.1</banner>
   <copyright>Copyright (c) 2003-2013 Texas Instruments Incorporated</copyright>
   <link_time>0x56eb6754</link_time>
   <link_errors>0x0</link_errors>
   <output_file>Musix.out</output_file>
   <entry_point>
      <name>_c_int00</name>
      <address>0xcf14</address>
   </entry_point>
   <input_file_list>
      <input_file id="fl-2">
         <path>.\</path>
         <kind>object</kind>
         <file>main.obj</file>
         <name>main.obj</name>
      </input_file>
      <input_file id="fl-1c">
         <path>C:\ti\ccsv5\tools\compiler\msp430_4.2.1\lib\</path>
         <kind>archive</kind>
         <file>rts430_eabi.lib</file>
         <name>addd.obj</name>
      </input_file>
      <input_file id="fl-1d">
         <path>C:\ti\ccsv5\tools\compiler\msp430_4.2.1\lib\</path>
         <kind>archive</kind>
         <file>rts430_eabi.lib</file>
         <name>asr16.obj</name>
      </input_file>
      <input_file id="fl-1e">
         <path>C:\ti\ccsv5\tools\compiler\msp430_4.2.1\lib\</path>
         <kind>archive</kind>
         <file>rts430_eabi.lib</file>
         <name>boot.obj</name>
      </input_file>
      <input_file id="fl-1f">
         <path>C:\ti\ccsv5\tools\compiler\msp430_4.2.1\lib\</path>
         <kind>archive</kind>
         <file>rts430_eabi.lib</file>
         <name>cmpd.obj</name>
      </input_file>
      <input_file id="fl-20">
         <path>C:\ti\ccsv5\tools\compiler\msp430_4.2.1\lib\</path>
         <kind>archive</kind>
         <file>rts430_eabi.lib</file>
         <name>copy_decompress_none.obj</name>
      </input_file>
      <input_file id="fl-21">
         <path>C:\ti\ccsv5\tools\compiler\msp430_4.2.1\lib\</path>
         <kind>archive</kind>
         <file>rts430_eabi.lib</file>
         <name>copy_decompress_rle.obj</name>
      </input_file>
      <input_file id="fl-22">
         <path>C:\ti\ccsv5\tools\compiler\msp430_4.2.1\lib\</path>
         <kind>archive</kind>
         <file>rts430_eabi.lib</file>
         <name>copy_zero_init.obj</name>
      </input_file>
      <input_file id="fl-23">
         <path>C:\ti\ccsv5\tools\compiler\msp430_4.2.1\lib\</path>
         <kind>archive</kind>
         <file>rts430_eabi.lib</file>
         <name>cvtdf.obj</name>
      </input_file>
      <input_file id="fl-24">
         <path>C:\ti\ccsv5\tools\compiler\msp430_4.2.1\lib\</path>
         <kind>archive</kind>
         <file>rts430_eabi.lib</file>
         <name>cvtfd.obj</name>
      </input_file>
      <input_file id="fl-25">
         <path>C:\ti\ccsv5\tools\compiler\msp430_4.2.1\lib\</path>
         <kind>archive</kind>
         <file>rts430_eabi.lib</file>
         <name>div16u.obj</name>
      </input_file>
      <input_file id="fl-26">
         <path>C:\ti\ccsv5\tools\compiler\msp430_4.2.1\lib\</path>
         <kind>archive</kind>
         <file>rts430_eabi.lib</file>
         <name>epilog.obj</name>
      </input_file>
      <input_file id="fl-27">
         <path>C:\ti\ccsv5\tools\compiler\msp430_4.2.1\lib\</path>
         <kind>archive</kind>
         <file>rts430_eabi.lib</file>
         <name>exit.obj</name>
      </input_file>
      <input_file id="fl-28">
         <path>C:\ti\ccsv5\tools\compiler\msp430_4.2.1\lib\</path>
         <kind>archive</kind>
         <file>rts430_eabi.lib</file>
         <name>frcaddd.obj</name>
      </input_file>
      <input_file id="fl-29">
         <path>C:\ti\ccsv5\tools\compiler\msp430_4.2.1\lib\</path>
         <kind>archive</kind>
         <file>rts430_eabi.lib</file>
         <name>fs_cmp.obj</name>
      </input_file>
      <input_file id="fl-2a">
         <path>C:\ti\ccsv5\tools\compiler\msp430_4.2.1\lib\</path>
         <kind>archive</kind>
         <file>rts430_eabi.lib</file>
         <name>fs_div.obj</name>
      </input_file>
      <input_file id="fl-2b">
         <path>C:\ti\ccsv5\tools\compiler\msp430_4.2.1\lib\</path>
         <kind>archive</kind>
         <file>rts430_eabi.lib</file>
         <name>fs_utof.obj</name>
      </input_file>
      <input_file id="fl-2c">
         <path>C:\ti\ccsv5\tools\compiler\msp430_4.2.1\lib\</path>
         <kind>archive</kind>
         <file>rts430_eabi.lib</file>
         <name>int03.obj</name>
      </input_file>
      <input_file id="fl-2d">
         <path>C:\ti\ccsv5\tools\compiler\msp430_4.2.1\lib\</path>
         <kind>archive</kind>
         <file>rts430_eabi.lib</file>
         <name>int05.obj</name>
      </input_file>
      <input_file id="fl-2e">
         <path>C:\ti\ccsv5\tools\compiler\msp430_4.2.1\lib\</path>
         <kind>archive</kind>
         <file>rts430_eabi.lib</file>
         <name>int06.obj</name>
      </input_file>
      <input_file id="fl-2f">
         <path>C:\ti\ccsv5\tools\compiler\msp430_4.2.1\lib\</path>
         <kind>archive</kind>
         <file>rts430_eabi.lib</file>
         <name>int07.obj</name>
      </input_file>
      <input_file id="fl-30">
         <path>C:\ti\ccsv5\tools\compiler\msp430_4.2.1\lib\</path>
         <kind>archive</kind>
         <file>rts430_eabi.lib</file>
         <name>int08.obj</name>
      </input_file>
      <input_file id="fl-31">
         <path>C:\ti\ccsv5\tools\compiler\msp430_4.2.1\lib\</path>
         <kind>archive</kind>
         <file>rts430_eabi.lib</file>
         <name>int11.obj</name>
      </input_file>
      <input_file id="fl-32">
         <path>C:\ti\ccsv5\tools\compiler\msp430_4.2.1\lib\</path>
         <kind>archive</kind>
         <file>rts430_eabi.lib</file>
         <name>int12.obj</name>
      </input_file>
      <input_file id="fl-33">
         <path>C:\ti\ccsv5\tools\compiler\msp430_4.2.1\lib\</path>
         <kind>archive</kind>
         <file>rts430_eabi.lib</file>
         <name>int13.obj</name>
      </input_file>
      <input_file id="fl-34">
         <path>C:\ti\ccsv5\tools\compiler\msp430_4.2.1\lib\</path>
         <kind>archive</kind>
         <file>rts430_eabi.lib</file>
         <name>int14.obj</name>
      </input_file>
      <input_file id="fl-35">
         <path>C:\ti\ccsv5\tools\compiler\msp430_4.2.1\lib\</path>
         <kind>archive</kind>
         <file>rts430_eabi.lib</file>
         <name>isr_trap.obj</name>
      </input_file>
      <input_file id="fl-36">
         <path>C:\ti\ccsv5\tools\compiler\msp430_4.2.1\lib\</path>
         <kind>archive</kind>
         <file>rts430_eabi.lib</file>
         <name>lsl16.obj</name>
      </input_file>
      <input_file id="fl-37">
         <path>C:\ti\ccsv5\tools\compiler\msp430_4.2.1\lib\</path>
         <kind>archive</kind>
         <file>rts430_eabi.lib</file>
         <name>lsl32.obj</name>
      </input_file>
      <input_file id="fl-38">
         <path>C:\ti\ccsv5\tools\compiler\msp430_4.2.1\lib\</path>
         <kind>archive</kind>
         <file>rts430_eabi.lib</file>
         <name>lsr16.obj</name>
      </input_file>
      <input_file id="fl-39">
         <path>C:\ti\ccsv5\tools\compiler\msp430_4.2.1\lib\</path>
         <kind>archive</kind>
         <file>rts430_eabi.lib</file>
         <name>lsr32.obj</name>
      </input_file>
      <input_file id="fl-3a">
         <path>C:\ti\ccsv5\tools\compiler\msp430_4.2.1\lib\</path>
         <kind>archive</kind>
         <file>rts430_eabi.lib</file>
         <name>memcpy.obj</name>
      </input_file>
      <input_file id="fl-3b">
         <path>C:\ti\ccsv5\tools\compiler\msp430_4.2.1\lib\</path>
         <kind>archive</kind>
         <file>rts430_eabi.lib</file>
         <name>pre_init.obj</name>
      </input_file>
      <input_file id="fl-3c">
         <path>C:\ti\ccsv5\tools\compiler\msp430_4.2.1\lib\</path>
         <kind>archive</kind>
         <file>rts430_eabi.lib</file>
         <name>renormd.obj</name>
      </input_file>
      <input_file id="fl-3d">
         <path>C:\ti\ccsv5\tools\compiler\msp430_4.2.1\lib\</path>
         <kind>archive</kind>
         <file>rts430_eabi.lib</file>
         <name>_lock.obj</name>
      </input_file>
      <input_file id="fl-3e">
         <path>C:\ti\ccsv5\tools\compiler\msp430_4.2.1\lib\</path>
         <kind>archive</kind>
         <file>rts430_eabi.lib</file>
         <name>args_main.obj</name>
      </input_file>
      <input_file id="fl-3f">
         <path>C:\ti\ccsv5\tools\compiler\msp430_4.2.1\lib\</path>
         <kind>archive</kind>
         <file>rts430_eabi.lib</file>
         <name>asr32.obj</name>
      </input_file>
      <input_file id="fl-40">
         <path>C:\ti\ccsv5\tools\compiler\msp430_4.2.1\lib\</path>
         <kind>archive</kind>
         <file>rts430_eabi.lib</file>
         <name>autoinit.obj</name>
      </input_file>
   </input_file_list>
   <object_component_list>
      <object_component id="oc-51">
         <name>.stack</name>
         <uninitialized>true</uninitialized>
         <run_address>0x3b0</run_address>
         <size>0x2</size>
         <input_file_ref idref="fl-1e"/>
      </object_component>
      <object_component id="oc-1b4">
         <name>.stack</name>
         <uninitialized>true</uninitialized>
         <run_address>0x3b0</run_address>
         <size>0x0</size>
      </object_component>
      <object_component id="oc-b5">
         <name>.text:__mspabi_addd</name>
         <load_address>0xc000</load_address>
         <run_address>0xc000</run_address>
         <size>0x2e8</size>
         <input_file_ref idref="fl-1c"/>
      </object_component>
      <object_component id="oc-100">
         <name>.text:__TI_frcaddd</name>
         <load_address>0xc2e8</load_address>
         <run_address>0xc2e8</run_address>
         <size>0x26e</size>
         <input_file_ref idref="fl-28"/>
      </object_component>
      <object_component id="oc-d1">
         <name>.text:PlaySong</name>
         <load_address>0xc556</load_address>
         <run_address>0xc556</run_address>
         <size>0x1d6</size>
         <input_file_ref idref="fl-2"/>
      </object_component>
      <object_component id="oc-134">
         <name>.text:__mspabi_cmpd</name>
         <load_address>0xc72c</load_address>
         <run_address>0xc72c</run_address>
         <size>0x138</size>
         <input_file_ref idref="fl-1f"/>
      </object_component>
      <object_component id="oc-151">
         <name>.text:__TI_renormd</name>
         <load_address>0xc864</load_address>
         <run_address>0xc864</run_address>
         <size>0xc0</size>
         <input_file_ref idref="fl-3c"/>
      </object_component>
      <object_component id="oc-54">
         <name>.text:button_handler</name>
         <load_address>0xc924</load_address>
         <run_address>0xc924</run_address>
         <size>0xaa</size>
         <input_file_ref idref="fl-2"/>
      </object_component>
      <object_component id="oc-ba">
         <name>.text:__mspabi_cvtdf</name>
         <load_address>0xc9ce</load_address>
         <run_address>0xc9ce</run_address>
         <size>0xa8</size>
         <input_file_ref idref="fl-23"/>
      </object_component>
      <object_component id="oc-12c">
         <name>.text</name>
         <load_address>0xca76</load_address>
         <run_address>0xca76</run_address>
         <size>0x9a</size>
         <input_file_ref idref="fl-2a"/>
      </object_component>
      <object_component id="oc-b0">
         <name>.text:__mspabi_cvtfd</name>
         <load_address>0xcb10</load_address>
         <run_address>0xcb10</run_address>
         <size>0x80</size>
         <input_file_ref idref="fl-24"/>
      </object_component>
      <object_component id="oc-67">
         <name>.text:WDT_interval_handler</name>
         <load_address>0xcb90</load_address>
         <run_address>0xcb90</run_address>
         <size>0x66</size>
         <input_file_ref idref="fl-2"/>
      </object_component>
      <object_component id="oc-96">
         <name>.text:__TI_decompress_rle_core</name>
         <load_address>0xcbf6</load_address>
         <run_address>0xcbf6</run_address>
         <size>0x5e</size>
         <input_file_ref idref="fl-21"/>
      </object_component>
      <object_component id="oc-73">
         <name>.text:_auto_init</name>
         <load_address>0xcc54</load_address>
         <run_address>0xcc54</run_address>
         <size>0x5e</size>
         <input_file_ref idref="fl-40"/>
      </object_component>
      <object_component id="oc-16f">
         <name>.text:l_lsr_const</name>
         <load_address>0xccb2</load_address>
         <run_address>0xccb2</run_address>
         <size>0x5c</size>
         <input_file_ref idref="fl-39"/>
      </object_component>
      <object_component id="oc-110">
         <name>.text</name>
         <load_address>0xcd0e</load_address>
         <run_address>0xcd0e</run_address>
         <size>0x4c</size>
         <input_file_ref idref="fl-38"/>
      </object_component>
      <object_component id="oc-130">
         <name>.text</name>
         <load_address>0xcd5a</load_address>
         <run_address>0xcd5a</run_address>
         <size>0x4a</size>
         <input_file_ref idref="fl-29"/>
      </object_component>
      <object_component id="oc-f5">
         <name>.text:l_asr_const</name>
         <load_address>0xcda4</load_address>
         <run_address>0xcda4</run_address>
         <size>0x3e</size>
         <input_file_ref idref="fl-3f"/>
      </object_component>
      <object_component id="oc-10c">
         <name>.text:l_lsl_const</name>
         <load_address>0xcde2</load_address>
         <run_address>0xcde2</run_address>
         <size>0x3e</size>
         <input_file_ref idref="fl-37"/>
      </object_component>
      <object_component id="oc-78">
         <name>.text:main</name>
         <load_address>0xce20</load_address>
         <run_address>0xce20</run_address>
         <size>0x38</size>
         <input_file_ref idref="fl-2"/>
      </object_component>
      <object_component id="oc-ed">
         <name>.text</name>
         <load_address>0xce58</load_address>
         <run_address>0xce58</run_address>
         <size>0x2c</size>
         <input_file_ref idref="fl-1d"/>
      </object_component>
      <object_component id="oc-f1">
         <name>.text</name>
         <load_address>0xce84</load_address>
         <run_address>0xce84</run_address>
         <size>0x2c</size>
         <input_file_ref idref="fl-36"/>
      </object_component>
      <object_component id="oc-126">
         <name>.text</name>
         <load_address>0xceb0</load_address>
         <run_address>0xceb0</run_address>
         <size>0x24</size>
         <input_file_ref idref="fl-2b"/>
      </object_component>
      <object_component id="oc-cc">
         <name>.text:initTimerA</name>
         <load_address>0xced4</load_address>
         <run_address>0xced4</run_address>
         <size>0x20</size>
         <input_file_ref idref="fl-2"/>
      </object_component>
      <object_component id="oc-c7">
         <name>.text:initializebuttons</name>
         <load_address>0xcef4</load_address>
         <run_address>0xcef4</run_address>
         <size>0x20</size>
         <input_file_ref idref="fl-2"/>
      </object_component>
      <object_component id="oc-3d">
         <name>.text:_c_int00_noexit</name>
         <load_address>0xcf14</load_address>
         <run_address>0xcf14</run_address>
         <size>0x1a</size>
         <input_file_ref idref="fl-1e"/>
      </object_component>
      <object_component id="oc-122">
         <name>.text</name>
         <load_address>0xcf2e</load_address>
         <run_address>0xcf2e</run_address>
         <size>0x16</size>
         <input_file_ref idref="fl-25"/>
      </object_component>
      <object_component id="oc-42">
         <name>.text:decompress:none:__TI_decompress_none</name>
         <load_address>0xcf44</load_address>
         <run_address>0xcf44</run_address>
         <size>0x12</size>
         <input_file_ref idref="fl-20"/>
      </object_component>
      <object_component id="oc-149">
         <name>.text:l_lsr</name>
         <load_address>0xcf56</load_address>
         <run_address>0xcf56</run_address>
         <size>0x12</size>
         <input_file_ref idref="fl-39"/>
      </object_component>
      <object_component id="oc-83">
         <name>.text:memcpy</name>
         <load_address>0xcf68</load_address>
         <run_address>0xcf68</run_address>
         <size>0x12</size>
         <input_file_ref idref="fl-3a"/>
      </object_component>
      <object_component id="oc-14d">
         <name>.text:l_asr</name>
         <load_address>0xcf7a</load_address>
         <run_address>0xcf7a</run_address>
         <size>0x10</size>
         <input_file_ref idref="fl-3f"/>
      </object_component>
      <object_component id="oc-145">
         <name>.text:l_lsl</name>
         <load_address>0xcf8a</load_address>
         <run_address>0xcf8a</run_address>
         <size>0x10</size>
         <input_file_ref idref="fl-37"/>
      </object_component>
      <object_component id="oc-c1">
         <name>.text</name>
         <load_address>0xcf9a</load_address>
         <run_address>0xcf9a</run_address>
         <size>0x10</size>
         <input_file_ref idref="fl-26"/>
      </object_component>
      <object_component id="oc-5c">
         <name>.text:__TI_ISR_TRAP</name>
         <load_address>0xcfaa</load_address>
         <run_address>0xcfaa</run_address>
         <size>0x6</size>
         <input_file_ref idref="fl-35"/>
      </object_component>
      <object_component id="oc-4c">
         <name>.text:decompress:rle24:__TI_decompress_rle24</name>
         <load_address>0xcfb0</load_address>
         <run_address>0xcfb0</run_address>
         <size>0x6</size>
         <input_file_ref idref="fl-21"/>
      </object_component>
      <object_component id="oc-6e">
         <name>.text:_system_pre_init</name>
         <load_address>0xcfb6</load_address>
         <run_address>0xcfb6</run_address>
         <size>0x4</size>
         <input_file_ref idref="fl-3b"/>
      </object_component>
      <object_component id="oc-7d">
         <name>.text:abort</name>
         <load_address>0xcfba</load_address>
         <run_address>0xcfba</run_address>
         <size>0x4</size>
         <input_file_ref idref="fl-27"/>
      </object_component>
      <object_component id="oc-60">
         <name>.text:AnotherWDT</name>
         <load_address>0xcfbe</load_address>
         <run_address>0xcfbe</run_address>
         <size>0x2</size>
         <input_file_ref idref="fl-2"/>
      </object_component>
      <object_component id="oc-1b3">
         <name>.cinit..data.load</name>
         <load_address>0xd2fc</load_address>
         <run_address>0xd2fc</run_address>
         <size>0x13</size>
      </object_component>
      <object_component id="oc-1b1">
         <name>__TI_handler_table</name>
         <load_address>0xd310</load_address>
         <run_address>0xd310</run_address>
         <size>0x4</size>
      </object_component>
      <object_component id="oc-1b2">
         <name>__TI_cinit_table</name>
         <load_address>0xd314</load_address>
         <run_address>0xd314</run_address>
         <size>0x4</size>
      </object_component>
      <object_component id="oc-12a">
         <name>.const:notelength2</name>
         <load_address>0xcfc0</load_address>
         <run_address>0xcfc0</run_address>
         <size>0x140</size>
         <input_file_ref idref="fl-2"/>
      </object_component>
      <object_component id="oc-13b">
         <name>.const:notelength</name>
         <load_address>0xd100</load_address>
         <run_address>0xd100</run_address>
         <size>0xe8</size>
         <input_file_ref idref="fl-2"/>
      </object_component>
      <object_component id="oc-120">
         <name>.const:toneArray2</name>
         <load_address>0xd1e8</load_address>
         <run_address>0xd1e8</run_address>
         <size>0xa0</size>
         <input_file_ref idref="fl-2"/>
      </object_component>
      <object_component id="oc-139">
         <name>.const:toneArray</name>
         <load_address>0xd288</load_address>
         <run_address>0xd288</run_address>
         <size>0x74</size>
         <input_file_ref idref="fl-2"/>
      </object_component>
      <object_component id="oc-2e">
         <name>.int02</name>
         <load_address>0xffe4</load_address>
         <run_address>0xffe4</run_address>
         <size>0x2</size>
         <input_file_ref idref="fl-2"/>
      </object_component>
      <object_component id="oc-30">
         <name>.int03</name>
         <load_address>0xffe6</load_address>
         <run_address>0xffe6</run_address>
         <size>0x2</size>
         <input_file_ref idref="fl-2c"/>
      </object_component>
      <object_component id="oc-31">
         <name>.int05</name>
         <load_address>0xffea</load_address>
         <run_address>0xffea</run_address>
         <size>0x2</size>
         <input_file_ref idref="fl-2d"/>
      </object_component>
      <object_component id="oc-32">
         <name>.int06</name>
         <load_address>0xffec</load_address>
         <run_address>0xffec</run_address>
         <size>0x2</size>
         <input_file_ref idref="fl-2e"/>
      </object_component>
      <object_component id="oc-33">
         <name>.int07</name>
         <load_address>0xffee</load_address>
         <run_address>0xffee</run_address>
         <size>0x2</size>
         <input_file_ref idref="fl-2f"/>
      </object_component>
      <object_component id="oc-34">
         <name>.int08</name>
         <load_address>0xfff0</load_address>
         <run_address>0xfff0</run_address>
         <size>0x2</size>
         <input_file_ref idref="fl-30"/>
      </object_component>
      <object_component id="oc-35">
         <name>.int09</name>
         <load_address>0xfff2</load_address>
         <run_address>0xfff2</run_address>
         <size>0x2</size>
         <input_file_ref idref="fl-2"/>
      </object_component>
      <object_component id="oc-37">
         <name>.int10</name>
         <load_address>0xfff4</load_address>
         <run_address>0xfff4</run_address>
         <size>0x2</size>
         <input_file_ref idref="fl-2"/>
      </object_component>
      <object_component id="oc-39">
         <name>.int11</name>
         <load_address>0xfff6</load_address>
         <run_address>0xfff6</run_address>
         <size>0x2</size>
         <input_file_ref idref="fl-31"/>
      </object_component>
      <object_component id="oc-3a">
         <name>.int12</name>
         <load_address>0xfff8</load_address>
         <run_address>0xfff8</run_address>
         <size>0x2</size>
         <input_file_ref idref="fl-32"/>
      </object_component>
      <object_component id="oc-3b">
         <name>.int13</name>
         <load_address>0xfffa</load_address>
         <run_address>0xfffa</run_address>
         <size>0x2</size>
         <input_file_ref idref="fl-33"/>
      </object_component>
      <object_component id="oc-3c">
         <name>.int14</name>
         <load_address>0xfffc</load_address>
         <run_address>0xfffc</run_address>
         <size>0x2</size>
         <input_file_ref idref="fl-34"/>
      </object_component>
      <object_component id="oc-53">
         <name>.reset</name>
         <load_address>0xfffe</load_address>
         <run_address>0xfffe</run_address>
         <size>0x2</size>
         <input_file_ref idref="fl-1e"/>
      </object_component>
      <object_component id="oc-a9">
         <name>.data</name>
         <load_address>0x200</load_address>
         <run_address>0x200</run_address>
         <size>0x14</size>
         <input_file_ref idref="fl-2"/>
      </object_component>
      <object_component id="oc-2f">
         <name>.debug_info</name>
         <load_address>0x0</load_address>
         <run_address>0x0</run_address>
         <size>0xe1</size>
         <input_file_ref idref="fl-2"/>
      </object_component>
      <object_component id="oc-36">
         <name>.debug_info</name>
         <load_address>0xe1</load_address>
         <run_address>0xe1</run_address>
         <size>0xd9</size>
         <input_file_ref idref="fl-2"/>
      </object_component>
      <object_component id="oc-38">
         <name>.debug_info</name>
         <load_address>0x1ba</load_address>
         <run_address>0x1ba</run_address>
         <size>0xed</size>
         <input_file_ref idref="fl-2"/>
      </object_component>
      <object_component id="oc-3e">
         <name>.debug_info</name>
         <load_address>0x2a7</load_address>
         <run_address>0x2a7</run_address>
         <size>0x125</size>
         <input_file_ref idref="fl-1e"/>
      </object_component>
      <object_component id="oc-43">
         <name>.debug_info</name>
         <load_address>0x3cc</load_address>
         <run_address>0x3cc</run_address>
         <size>0x194</size>
         <input_file_ref idref="fl-20"/>
      </object_component>
      <object_component id="oc-4d">
         <name>.debug_info</name>
         <load_address>0x560</load_address>
         <run_address>0x560</run_address>
         <size>0x18e</size>
         <input_file_ref idref="fl-21"/>
      </object_component>
      <object_component id="oc-52">
         <name>.debug_info</name>
         <load_address>0x6ee</load_address>
         <run_address>0x6ee</run_address>
         <size>0xaa</size>
         <input_file_ref idref="fl-1e"/>
      </object_component>
      <object_component id="oc-55">
         <name>.debug_info</name>
         <load_address>0x798</load_address>
         <run_address>0x798</run_address>
         <size>0x103</size>
         <input_file_ref idref="fl-2"/>
      </object_component>
      <object_component id="oc-5b">
         <name>.debug_info</name>
         <load_address>0x89b</load_address>
         <run_address>0x89b</run_address>
         <size>0x34c</size>
         <input_file_ref idref="fl-2"/>
      </object_component>
      <object_component id="oc-5d">
         <name>.debug_info</name>
         <load_address>0xbe7</load_address>
         <run_address>0xbe7</run_address>
         <size>0xc2</size>
         <input_file_ref idref="fl-35"/>
      </object_component>
      <object_component id="oc-61">
         <name>.debug_info</name>
         <load_address>0xca9</load_address>
         <run_address>0xca9</run_address>
         <size>0xfb</size>
         <input_file_ref idref="fl-2"/>
      </object_component>
      <object_component id="oc-68">
         <name>.debug_info</name>
         <load_address>0xda4</load_address>
         <run_address>0xda4</run_address>
         <size>0x14e</size>
         <input_file_ref idref="fl-2"/>
      </object_component>
      <object_component id="oc-6f">
         <name>.debug_info</name>
         <load_address>0xef2</load_address>
         <run_address>0xef2</run_address>
         <size>0xfd</size>
         <input_file_ref idref="fl-3b"/>
      </object_component>
      <object_component id="oc-74">
         <name>.debug_info</name>
         <load_address>0xfef</load_address>
         <run_address>0xfef</run_address>
         <size>0x14d</size>
         <input_file_ref idref="fl-40"/>
      </object_component>
      <object_component id="oc-79">
         <name>.debug_info</name>
         <load_address>0x113c</load_address>
         <run_address>0x113c</run_address>
         <size>0x120</size>
         <input_file_ref idref="fl-2"/>
      </object_component>
      <object_component id="oc-7e">
         <name>.debug_info</name>
         <load_address>0x125c</load_address>
         <run_address>0x125c</run_address>
         <size>0xcc</size>
         <input_file_ref idref="fl-27"/>
      </object_component>
      <object_component id="oc-84">
         <name>.debug_info</name>
         <load_address>0x1328</load_address>
         <run_address>0x1328</run_address>
         <size>0x157</size>
         <input_file_ref idref="fl-3a"/>
      </object_component>
      <object_component id="oc-89">
         <name>.debug_info</name>
         <load_address>0x147f</load_address>
         <run_address>0x147f</run_address>
         <size>0x46</size>
         <input_file_ref idref="fl-20"/>
      </object_component>
      <object_component id="oc-8e">
         <name>.debug_info</name>
         <load_address>0x14c5</load_address>
         <run_address>0x14c5</run_address>
         <size>0x164</size>
         <input_file_ref idref="fl-20"/>
      </object_component>
      <object_component id="oc-97">
         <name>.debug_info</name>
         <load_address>0x1629</load_address>
         <run_address>0x1629</run_address>
         <size>0x1e9</size>
         <input_file_ref idref="fl-21"/>
      </object_component>
      <object_component id="oc-9c">
         <name>.debug_info</name>
         <load_address>0x1812</load_address>
         <run_address>0x1812</run_address>
         <size>0x129</size>
         <input_file_ref idref="fl-21"/>
      </object_component>
      <object_component id="oc-9d">
         <name>.debug_info</name>
         <load_address>0x193b</load_address>
         <run_address>0x193b</run_address>
         <size>0x39</size>
         <input_file_ref idref="fl-21"/>
      </object_component>
      <object_component id="oc-a4">
         <name>.debug_info</name>
         <load_address>0x1974</load_address>
         <run_address>0x1974</run_address>
         <size>0x84</size>
         <input_file_ref idref="fl-2"/>
      </object_component>
      <object_component id="oc-aa">
         <name>.debug_info</name>
         <load_address>0x19f8</load_address>
         <run_address>0x19f8</run_address>
         <size>0x1e8</size>
         <input_file_ref idref="fl-2"/>
      </object_component>
      <object_component id="oc-b1">
         <name>.debug_info</name>
         <load_address>0x1be0</load_address>
         <run_address>0x1be0</run_address>
         <size>0x179</size>
         <input_file_ref idref="fl-24"/>
      </object_component>
      <object_component id="oc-b6">
         <name>.debug_info</name>
         <load_address>0x1d59</load_address>
         <run_address>0x1d59</run_address>
         <size>0x218</size>
         <input_file_ref idref="fl-1c"/>
      </object_component>
      <object_component id="oc-bb">
         <name>.debug_info</name>
         <load_address>0x1f71</load_address>
         <run_address>0x1f71</run_address>
         <size>0x1b4</size>
         <input_file_ref idref="fl-23"/>
      </object_component>
      <object_component id="oc-c2">
         <name>.debug_info</name>
         <load_address>0x2125</load_address>
         <run_address>0x2125</run_address>
         <size>0xe1</size>
         <input_file_ref idref="fl-26"/>
      </object_component>
      <object_component id="oc-c6">
         <name>.debug_info</name>
         <load_address>0x2206</load_address>
         <run_address>0x2206</run_address>
         <size>0x2ba</size>
         <input_file_ref idref="fl-40"/>
      </object_component>
      <object_component id="oc-c8">
         <name>.debug_info</name>
         <load_address>0x24c0</load_address>
         <run_address>0x24c0</run_address>
         <size>0x108</size>
         <input_file_ref idref="fl-2"/>
      </object_component>
      <object_component id="oc-cd">
         <name>.debug_info</name>
         <load_address>0x25c8</load_address>
         <run_address>0x25c8</run_address>
         <size>0xfa</size>
         <input_file_ref idref="fl-2"/>
      </object_component>
      <object_component id="oc-d2">
         <name>.debug_info</name>
         <load_address>0x26c2</load_address>
         <run_address>0x26c2</run_address>
         <size>0x203</size>
         <input_file_ref idref="fl-2"/>
      </object_component>
      <object_component id="oc-d9">
         <name>.debug_info</name>
         <load_address>0x28c5</load_address>
         <run_address>0x28c5</run_address>
         <size>0x127</size>
         <input_file_ref idref="fl-3a"/>
      </object_component>
      <object_component id="oc-da">
         <name>.debug_info</name>
         <load_address>0x29ec</load_address>
         <run_address>0x29ec</run_address>
         <size>0x2c</size>
         <input_file_ref idref="fl-22"/>
      </object_component>
      <object_component id="oc-df">
         <name>.debug_info</name>
         <load_address>0x2a18</load_address>
         <run_address>0x2a18</run_address>
         <size>0x2c</size>
         <input_file_ref idref="fl-20"/>
      </object_component>
      <object_component id="oc-ee">
         <name>.debug_info</name>
         <load_address>0x2a44</load_address>
         <run_address>0x2a44</run_address>
         <size>0xd3</size>
         <input_file_ref idref="fl-1d"/>
      </object_component>
      <object_component id="oc-f2">
         <name>.debug_info</name>
         <load_address>0x2b17</load_address>
         <run_address>0x2b17</run_address>
         <size>0xd3</size>
         <input_file_ref idref="fl-36"/>
      </object_component>
      <object_component id="oc-f6">
         <name>.debug_info</name>
         <load_address>0x2bea</load_address>
         <run_address>0x2bea</run_address>
         <size>0xd9</size>
         <input_file_ref idref="fl-3f"/>
      </object_component>
      <object_component id="oc-fa">
         <name>.debug_info</name>
         <load_address>0x2cc3</load_address>
         <run_address>0x2cc3</run_address>
         <size>0x128</size>
         <input_file_ref idref="fl-24"/>
      </object_component>
      <object_component id="oc-fb">
         <name>.debug_info</name>
         <load_address>0x2deb</load_address>
         <run_address>0x2deb</run_address>
         <size>0xdb</size>
         <input_file_ref idref="fl-23"/>
      </object_component>
      <object_component id="oc-101">
         <name>.debug_info</name>
         <load_address>0x2ec6</load_address>
         <run_address>0x2ec6</run_address>
         <size>0x2d6</size>
         <input_file_ref idref="fl-28"/>
      </object_component>
      <object_component id="oc-106">
         <name>.debug_info</name>
         <load_address>0x319c</load_address>
         <run_address>0x319c</run_address>
         <size>0x147</size>
         <input_file_ref idref="fl-1c"/>
      </object_component>
      <object_component id="oc-107">
         <name>.debug_info</name>
         <load_address>0x32e3</load_address>
         <run_address>0x32e3</run_address>
         <size>0x94</size>
         <input_file_ref idref="fl-1c"/>
      </object_component>
      <object_component id="oc-10d">
         <name>.debug_info</name>
         <load_address>0x3377</load_address>
         <run_address>0x3377</run_address>
         <size>0xd9</size>
         <input_file_ref idref="fl-37"/>
      </object_component>
      <object_component id="oc-111">
         <name>.debug_info</name>
         <load_address>0x3450</load_address>
         <run_address>0x3450</run_address>
         <size>0xd3</size>
         <input_file_ref idref="fl-38"/>
      </object_component>
      <object_component id="oc-115">
         <name>.debug_info</name>
         <load_address>0x3523</load_address>
         <run_address>0x3523</run_address>
         <size>0x105</size>
         <input_file_ref idref="fl-23"/>
      </object_component>
      <object_component id="oc-119">
         <name>.debug_info</name>
         <load_address>0x3628</load_address>
         <run_address>0x3628</run_address>
         <size>0x39</size>
         <input_file_ref idref="fl-40"/>
      </object_component>
      <object_component id="oc-121">
         <name>.debug_info</name>
         <load_address>0x3661</load_address>
         <run_address>0x3661</run_address>
         <size>0xd0</size>
         <input_file_ref idref="fl-2"/>
      </object_component>
      <object_component id="oc-124">
         <name>.debug_info</name>
         <load_address>0x3731</load_address>
         <run_address>0x3731</run_address>
         <size>0xd4</size>
         <input_file_ref idref="fl-25"/>
      </object_component>
      <object_component id="oc-127">
         <name>.debug_info</name>
         <load_address>0x3805</load_address>
         <run_address>0x3805</run_address>
         <size>0xd7</size>
         <input_file_ref idref="fl-2b"/>
      </object_component>
      <object_component id="oc-12b">
         <name>.debug_info</name>
         <load_address>0x38dc</load_address>
         <run_address>0x38dc</run_address>
         <size>0xd2</size>
         <input_file_ref idref="fl-2"/>
      </object_component>
      <object_component id="oc-12d">
         <name>.debug_info</name>
         <load_address>0x39ae</load_address>
         <run_address>0x39ae</run_address>
         <size>0xd4</size>
         <input_file_ref idref="fl-2a"/>
      </object_component>
      <object_component id="oc-132">
         <name>.debug_info</name>
         <load_address>0x3a82</load_address>
         <run_address>0x3a82</run_address>
         <size>0xe0</size>
         <input_file_ref idref="fl-29"/>
      </object_component>
      <object_component id="oc-135">
         <name>.debug_info</name>
         <load_address>0x3b62</load_address>
         <run_address>0x3b62</run_address>
         <size>0x199</size>
         <input_file_ref idref="fl-1f"/>
      </object_component>
      <object_component id="oc-13a">
         <name>.debug_info</name>
         <load_address>0x3cfb</load_address>
         <run_address>0x3cfb</run_address>
         <size>0xce</size>
         <input_file_ref idref="fl-2"/>
      </object_component>
      <object_component id="oc-13c">
         <name>.debug_info</name>
         <load_address>0x3dc9</load_address>
         <run_address>0x3dc9</run_address>
         <size>0xd0</size>
         <input_file_ref idref="fl-2"/>
      </object_component>
      <object_component id="oc-146">
         <name>.debug_info</name>
         <load_address>0x3e99</load_address>
         <run_address>0x3e99</run_address>
         <size>0xd3</size>
         <input_file_ref idref="fl-37"/>
      </object_component>
      <object_component id="oc-14a">
         <name>.debug_info</name>
         <load_address>0x3f6c</load_address>
         <run_address>0x3f6c</run_address>
         <size>0xd3</size>
         <input_file_ref idref="fl-39"/>
      </object_component>
      <object_component id="oc-14e">
         <name>.debug_info</name>
         <load_address>0x403f</load_address>
         <run_address>0x403f</run_address>
         <size>0xd3</size>
         <input_file_ref idref="fl-3f"/>
      </object_component>
      <object_component id="oc-152">
         <name>.debug_info</name>
         <load_address>0x4112</load_address>
         <run_address>0x4112</run_address>
         <size>0x197</size>
         <input_file_ref idref="fl-3c"/>
      </object_component>
      <object_component id="oc-157">
         <name>.debug_info</name>
         <load_address>0x42a9</load_address>
         <run_address>0x42a9</run_address>
         <size>0x13b</size>
         <input_file_ref idref="fl-28"/>
      </object_component>
      <object_component id="oc-167">
         <name>.debug_info</name>
         <load_address>0x43e4</load_address>
         <run_address>0x43e4</run_address>
         <size>0x104</size>
         <input_file_ref idref="fl-1f"/>
      </object_component>
      <object_component id="oc-170">
         <name>.debug_info</name>
         <load_address>0x44e8</load_address>
         <run_address>0x44e8</run_address>
         <size>0xd9</size>
         <input_file_ref idref="fl-39"/>
      </object_component>
      <object_component id="oc-174">
         <name>.debug_info</name>
         <load_address>0x45c1</load_address>
         <run_address>0x45c1</run_address>
         <size>0x10d</size>
         <input_file_ref idref="fl-3c"/>
      </object_component>
      <object_component id="oc-1b5">
         <name>.debug_info</name>
         <load_address>0x46ce</load_address>
         <run_address>0x46ce</run_address>
         <size>0xa2</size>
      </object_component>
      <object_component id="oc-3f">
         <name>.debug_line</name>
         <load_address>0x0</load_address>
         <run_address>0x0</run_address>
         <size>0x44</size>
         <input_file_ref idref="fl-1e"/>
      </object_component>
      <object_component id="oc-44">
         <name>.debug_line</name>
         <load_address>0x44</load_address>
         <run_address>0x44</run_address>
         <size>0x50</size>
         <input_file_ref idref="fl-20"/>
      </object_component>
      <object_component id="oc-4e">
         <name>.debug_line</name>
         <load_address>0x94</load_address>
         <run_address>0x94</run_address>
         <size>0x49</size>
         <input_file_ref idref="fl-21"/>
      </object_component>
      <object_component id="oc-56">
         <name>.debug_line</name>
         <load_address>0xdd</load_address>
         <run_address>0xdd</run_address>
         <size>0x86</size>
         <input_file_ref idref="fl-2"/>
      </object_component>
      <object_component id="oc-5a">
         <name>.debug_line</name>
         <load_address>0x163</load_address>
         <run_address>0x163</run_address>
         <size>0x2d</size>
         <input_file_ref idref="fl-2"/>
      </object_component>
      <object_component id="oc-5e">
         <name>.debug_line</name>
         <load_address>0x190</load_address>
         <run_address>0x190</run_address>
         <size>0x3c</size>
         <input_file_ref idref="fl-35"/>
      </object_component>
      <object_component id="oc-62">
         <name>.debug_line</name>
         <load_address>0x1cc</load_address>
         <run_address>0x1cc</run_address>
         <size>0x40</size>
         <input_file_ref idref="fl-2"/>
      </object_component>
      <object_component id="oc-66">
         <name>.debug_line</name>
         <load_address>0x20c</load_address>
         <run_address>0x20c</run_address>
         <size>0x2d</size>
         <input_file_ref idref="fl-2"/>
      </object_component>
      <object_component id="oc-69">
         <name>.debug_line</name>
         <load_address>0x239</load_address>
         <run_address>0x239</run_address>
         <size>0x49</size>
         <input_file_ref idref="fl-2"/>
      </object_component>
      <object_component id="oc-6d">
         <name>.debug_line</name>
         <load_address>0x282</load_address>
         <run_address>0x282</run_address>
         <size>0x2d</size>
         <input_file_ref idref="fl-2"/>
      </object_component>
      <object_component id="oc-71">
         <name>.debug_line</name>
         <load_address>0x2af</load_address>
         <run_address>0x2af</run_address>
         <size>0x3e</size>
         <input_file_ref idref="fl-3b"/>
      </object_component>
      <object_component id="oc-75">
         <name>.debug_line</name>
         <load_address>0x2ed</load_address>
         <run_address>0x2ed</run_address>
         <size>0x6b</size>
         <input_file_ref idref="fl-40"/>
      </object_component>
      <object_component id="oc-7a">
         <name>.debug_line</name>
         <load_address>0x358</load_address>
         <run_address>0x358</run_address>
         <size>0x52</size>
         <input_file_ref idref="fl-2"/>
      </object_component>
      <object_component id="oc-7f">
         <name>.debug_line</name>
         <load_address>0x3aa</load_address>
         <run_address>0x3aa</run_address>
         <size>0x3a</size>
         <input_file_ref idref="fl-27"/>
      </object_component>
      <object_component id="oc-85">
         <name>.debug_line</name>
         <load_address>0x3e4</load_address>
         <run_address>0x3e4</run_address>
         <size>0x45</size>
         <input_file_ref idref="fl-3a"/>
      </object_component>
      <object_component id="oc-8b">
         <name>.debug_line</name>
         <load_address>0x429</load_address>
         <run_address>0x429</run_address>
         <size>0x3a</size>
         <input_file_ref idref="fl-20"/>
      </object_component>
      <object_component id="oc-98">
         <name>.debug_line</name>
         <load_address>0x463</load_address>
         <run_address>0x463</run_address>
         <size>0x80</size>
         <input_file_ref idref="fl-21"/>
      </object_component>
      <object_component id="oc-9f">
         <name>.debug_line</name>
         <load_address>0x4e3</load_address>
         <run_address>0x4e3</run_address>
         <size>0x39</size>
         <input_file_ref idref="fl-21"/>
      </object_component>
      <object_component id="oc-a3">
         <name>.debug_line</name>
         <load_address>0x51c</load_address>
         <run_address>0x51c</run_address>
         <size>0x2a</size>
         <input_file_ref idref="fl-1e"/>
      </object_component>
      <object_component id="oc-a6">
         <name>.debug_line</name>
         <load_address>0x546</load_address>
         <run_address>0x546</run_address>
         <size>0x20</size>
         <input_file_ref idref="fl-2"/>
      </object_component>
      <object_component id="oc-ad">
         <name>.debug_line</name>
         <load_address>0x566</load_address>
         <run_address>0x566</run_address>
         <size>0x84</size>
         <input_file_ref idref="fl-2"/>
      </object_component>
      <object_component id="oc-b2">
         <name>.debug_line</name>
         <load_address>0x5ea</load_address>
         <run_address>0x5ea</run_address>
         <size>0x53</size>
         <input_file_ref idref="fl-24"/>
      </object_component>
      <object_component id="oc-b7">
         <name>.debug_line</name>
         <load_address>0x63d</load_address>
         <run_address>0x63d</run_address>
         <size>0xcb</size>
         <input_file_ref idref="fl-1c"/>
      </object_component>
      <object_component id="oc-bc">
         <name>.debug_line</name>
         <load_address>0x708</load_address>
         <run_address>0x708</run_address>
         <size>0x6c</size>
         <input_file_ref idref="fl-23"/>
      </object_component>
      <object_component id="oc-c3">
         <name>.debug_line</name>
         <load_address>0x774</load_address>
         <run_address>0x774</run_address>
         <size>0x40</size>
         <input_file_ref idref="fl-26"/>
      </object_component>
      <object_component id="oc-c9">
         <name>.debug_line</name>
         <load_address>0x7b4</load_address>
         <run_address>0x7b4</run_address>
         <size>0x47</size>
         <input_file_ref idref="fl-2"/>
      </object_component>
      <object_component id="oc-ce">
         <name>.debug_line</name>
         <load_address>0x7fb</load_address>
         <run_address>0x7fb</run_address>
         <size>0x48</size>
         <input_file_ref idref="fl-2"/>
      </object_component>
      <object_component id="oc-d3">
         <name>.debug_line</name>
         <load_address>0x843</load_address>
         <run_address>0x843</run_address>
         <size>0xbc</size>
         <input_file_ref idref="fl-2"/>
      </object_component>
      <object_component id="oc-dc">
         <name>.debug_line</name>
         <load_address>0x8ff</load_address>
         <run_address>0x8ff</run_address>
         <size>0x44</size>
         <input_file_ref idref="fl-22"/>
      </object_component>
      <object_component id="oc-e1">
         <name>.debug_line</name>
         <load_address>0x943</load_address>
         <run_address>0x943</run_address>
         <size>0x44</size>
         <input_file_ref idref="fl-20"/>
      </object_component>
      <object_component id="oc-e5">
         <name>.debug_line</name>
         <load_address>0x987</load_address>
         <run_address>0x987</run_address>
         <size>0x20</size>
         <input_file_ref idref="fl-20"/>
      </object_component>
      <object_component id="oc-ea">
         <name>.debug_line</name>
         <load_address>0x9a7</load_address>
         <run_address>0x9a7</run_address>
         <size>0x20</size>
         <input_file_ref idref="fl-21"/>
      </object_component>
      <object_component id="oc-ec">
         <name>.debug_line</name>
         <load_address>0x9c7</load_address>
         <run_address>0x9c7</run_address>
         <size>0x2d</size>
         <input_file_ref idref="fl-2"/>
      </object_component>
      <object_component id="oc-ef">
         <name>.debug_line</name>
         <load_address>0x9f4</load_address>
         <run_address>0x9f4</run_address>
         <size>0x4e</size>
         <input_file_ref idref="fl-1d"/>
      </object_component>
      <object_component id="oc-f3">
         <name>.debug_line</name>
         <load_address>0xa42</load_address>
         <run_address>0xa42</run_address>
         <size>0x4e</size>
         <input_file_ref idref="fl-36"/>
      </object_component>
      <object_component id="oc-f7">
         <name>.debug_line</name>
         <load_address>0xa90</load_address>
         <run_address>0xa90</run_address>
         <size>0x56</size>
         <input_file_ref idref="fl-3f"/>
      </object_component>
      <object_component id="oc-fd">
         <name>.debug_line</name>
         <load_address>0xae6</load_address>
         <run_address>0xae6</run_address>
         <size>0x2e</size>
         <input_file_ref idref="fl-23"/>
      </object_component>
      <object_component id="oc-102">
         <name>.debug_line</name>
         <load_address>0xb14</load_address>
         <run_address>0xb14</run_address>
         <size>0xf2</size>
         <input_file_ref idref="fl-28"/>
      </object_component>
      <object_component id="oc-109">
         <name>.debug_line</name>
         <load_address>0xc06</load_address>
         <run_address>0xc06</run_address>
         <size>0x2e</size>
         <input_file_ref idref="fl-1c"/>
      </object_component>
      <object_component id="oc-10e">
         <name>.debug_line</name>
         <load_address>0xc34</load_address>
         <run_address>0xc34</run_address>
         <size>0x56</size>
         <input_file_ref idref="fl-37"/>
      </object_component>
      <object_component id="oc-112">
         <name>.debug_line</name>
         <load_address>0xc8a</load_address>
         <run_address>0xc8a</run_address>
         <size>0x5e</size>
         <input_file_ref idref="fl-38"/>
      </object_component>
      <object_component id="oc-118">
         <name>.debug_line</name>
         <load_address>0xce8</load_address>
         <run_address>0xce8</run_address>
         <size>0x2e</size>
         <input_file_ref idref="fl-40"/>
      </object_component>
      <object_component id="oc-11b">
         <name>.debug_line</name>
         <load_address>0xd16</load_address>
         <run_address>0xd16</run_address>
         <size>0x2e</size>
         <input_file_ref idref="fl-40"/>
      </object_component>
      <object_component id="oc-123">
         <name>.debug_line</name>
         <load_address>0xd44</load_address>
         <run_address>0xd44</run_address>
         <size>0x43</size>
         <input_file_ref idref="fl-25"/>
      </object_component>
      <object_component id="oc-128">
         <name>.debug_line</name>
         <load_address>0xd87</load_address>
         <run_address>0xd87</run_address>
         <size>0x4d</size>
         <input_file_ref idref="fl-2b"/>
      </object_component>
      <object_component id="oc-12e">
         <name>.debug_line</name>
         <load_address>0xdd4</load_address>
         <run_address>0xdd4</run_address>
         <size>0x82</size>
         <input_file_ref idref="fl-2a"/>
      </object_component>
      <object_component id="oc-131">
         <name>.debug_line</name>
         <load_address>0xe56</load_address>
         <run_address>0xe56</run_address>
         <size>0x5e</size>
         <input_file_ref idref="fl-29"/>
      </object_component>
      <object_component id="oc-136">
         <name>.debug_line</name>
         <load_address>0xeb4</load_address>
         <run_address>0xeb4</run_address>
         <size>0x85</size>
         <input_file_ref idref="fl-1f"/>
      </object_component>
      <object_component id="oc-13f">
         <name>.debug_line</name>
         <load_address>0xf39</load_address>
         <run_address>0xf39</run_address>
         <size>0x20</size>
         <input_file_ref idref="fl-3a"/>
      </object_component>
      <object_component id="oc-144">
         <name>.debug_line</name>
         <load_address>0xf59</load_address>
         <run_address>0xf59</run_address>
         <size>0x20</size>
         <input_file_ref idref="fl-24"/>
      </object_component>
      <object_component id="oc-147">
         <name>.debug_line</name>
         <load_address>0xf79</load_address>
         <run_address>0xf79</run_address>
         <size>0x3e</size>
         <input_file_ref idref="fl-37"/>
      </object_component>
      <object_component id="oc-14b">
         <name>.debug_line</name>
         <load_address>0xfb7</load_address>
         <run_address>0xfb7</run_address>
         <size>0x42</size>
         <input_file_ref idref="fl-39"/>
      </object_component>
      <object_component id="oc-14f">
         <name>.debug_line</name>
         <load_address>0xff9</load_address>
         <run_address>0xff9</run_address>
         <size>0x3e</size>
         <input_file_ref idref="fl-3f"/>
      </object_component>
      <object_component id="oc-153">
         <name>.debug_line</name>
         <load_address>0x1037</load_address>
         <run_address>0x1037</run_address>
         <size>0x82</size>
         <input_file_ref idref="fl-3c"/>
      </object_component>
      <object_component id="oc-159">
         <name>.debug_line</name>
         <load_address>0x10b9</load_address>
         <run_address>0x10b9</run_address>
         <size>0x2d</size>
         <input_file_ref idref="fl-1c"/>
      </object_component>
      <object_component id="oc-15d">
         <name>.debug_line</name>
         <load_address>0x10e6</load_address>
         <run_address>0x10e6</run_address>
         <size>0x20</size>
         <input_file_ref idref="fl-23"/>
      </object_component>
      <object_component id="oc-15f">
         <name>.debug_line</name>
         <load_address>0x1106</load_address>
         <run_address>0x1106</run_address>
         <size>0x2d</size>
         <input_file_ref idref="fl-2"/>
      </object_component>
      <object_component id="oc-163">
         <name>.debug_line</name>
         <load_address>0x1133</load_address>
         <run_address>0x1133</run_address>
         <size>0x2d</size>
         <input_file_ref idref="fl-2"/>
      </object_component>
      <object_component id="oc-169">
         <name>.debug_line</name>
         <load_address>0x1160</load_address>
         <run_address>0x1160</run_address>
         <size>0x2d</size>
         <input_file_ref idref="fl-2"/>
      </object_component>
      <object_component id="oc-16b">
         <name>.debug_line</name>
         <load_address>0x118d</load_address>
         <run_address>0x118d</run_address>
         <size>0x2d</size>
         <input_file_ref idref="fl-2"/>
      </object_component>
      <object_component id="oc-171">
         <name>.debug_line</name>
         <load_address>0x11ba</load_address>
         <run_address>0x11ba</run_address>
         <size>0x65</size>
         <input_file_ref idref="fl-39"/>
      </object_component>
      <object_component id="oc-176">
         <name>.debug_line</name>
         <load_address>0x121f</load_address>
         <run_address>0x121f</run_address>
         <size>0x2d</size>
         <input_file_ref idref="fl-28"/>
      </object_component>
      <object_component id="oc-178">
         <name>.debug_line</name>
         <load_address>0x124c</load_address>
         <run_address>0x124c</run_address>
         <size>0x20</size>
         <input_file_ref idref="fl-1f"/>
      </object_component>
      <object_component id="oc-17b">
         <name>.debug_line</name>
         <load_address>0x126c</load_address>
         <run_address>0x126c</run_address>
         <size>0x20</size>
         <input_file_ref idref="fl-3c"/>
      </object_component>
      <object_component id="oc-40">
         <name>.debug_frame</name>
         <load_address>0x0</load_address>
         <run_address>0x0</run_address>
         <size>0x42</size>
         <input_file_ref idref="fl-1e"/>
      </object_component>
      <object_component id="oc-45">
         <name>.debug_frame</name>
         <load_address>0x42</load_address>
         <run_address>0x42</run_address>
         <size>0x47</size>
         <input_file_ref idref="fl-20"/>
      </object_component>
      <object_component id="oc-4f">
         <name>.debug_frame</name>
         <load_address>0x89</load_address>
         <run_address>0x89</run_address>
         <size>0x47</size>
         <input_file_ref idref="fl-21"/>
      </object_component>
      <object_component id="oc-57">
         <name>.debug_frame</name>
         <load_address>0xd0</load_address>
         <run_address>0xd0</run_address>
         <size>0x51</size>
         <input_file_ref idref="fl-2"/>
      </object_component>
      <object_component id="oc-63">
         <name>.debug_frame</name>
         <load_address>0x121</load_address>
         <run_address>0x121</run_address>
         <size>0x47</size>
         <input_file_ref idref="fl-2"/>
      </object_component>
      <object_component id="oc-6a">
         <name>.debug_frame</name>
         <load_address>0x168</load_address>
         <run_address>0x168</run_address>
         <size>0x8f</size>
         <input_file_ref idref="fl-2"/>
      </object_component>
      <object_component id="oc-70">
         <name>.debug_frame</name>
         <load_address>0x1f7</load_address>
         <run_address>0x1f7</run_address>
         <size>0x47</size>
         <input_file_ref idref="fl-3b"/>
      </object_component>
      <object_component id="oc-76">
         <name>.debug_frame</name>
         <load_address>0x23e</load_address>
         <run_address>0x23e</run_address>
         <size>0x51</size>
         <input_file_ref idref="fl-40"/>
      </object_component>
      <object_component id="oc-7b">
         <name>.debug_frame</name>
         <load_address>0x28f</load_address>
         <run_address>0x28f</run_address>
         <size>0x47</size>
         <input_file_ref idref="fl-2"/>
      </object_component>
      <object_component id="oc-80">
         <name>.debug_frame</name>
         <load_address>0x2d6</load_address>
         <run_address>0x2d6</run_address>
         <size>0x47</size>
         <input_file_ref idref="fl-27"/>
      </object_component>
      <object_component id="oc-86">
         <name>.debug_frame</name>
         <load_address>0x31d</load_address>
         <run_address>0x31d</run_address>
         <size>0x47</size>
         <input_file_ref idref="fl-3a"/>
      </object_component>
      <object_component id="oc-99">
         <name>.debug_frame</name>
         <load_address>0x364</load_address>
         <run_address>0x364</run_address>
         <size>0x51</size>
         <input_file_ref idref="fl-21"/>
      </object_component>
      <object_component id="oc-b3">
         <name>.debug_frame</name>
         <load_address>0x3b5</load_address>
         <run_address>0x3b5</run_address>
         <size>0x56</size>
         <input_file_ref idref="fl-24"/>
      </object_component>
      <object_component id="oc-b8">
         <name>.debug_frame</name>
         <load_address>0x40b</load_address>
         <run_address>0x40b</run_address>
         <size>0x72</size>
         <input_file_ref idref="fl-1c"/>
      </object_component>
      <object_component id="oc-bd">
         <name>.debug_frame</name>
         <load_address>0x47d</load_address>
         <run_address>0x47d</run_address>
         <size>0x58</size>
         <input_file_ref idref="fl-23"/>
      </object_component>
      <object_component id="oc-ca">
         <name>.debug_frame</name>
         <load_address>0x4d5</load_address>
         <run_address>0x4d5</run_address>
         <size>0x47</size>
         <input_file_ref idref="fl-2"/>
      </object_component>
      <object_component id="oc-cf">
         <name>.debug_frame</name>
         <load_address>0x51c</load_address>
         <run_address>0x51c</run_address>
         <size>0x47</size>
         <input_file_ref idref="fl-2"/>
      </object_component>
      <object_component id="oc-d4">
         <name>.debug_frame</name>
         <load_address>0x563</load_address>
         <run_address>0x563</run_address>
         <size>0x5c</size>
         <input_file_ref idref="fl-2"/>
      </object_component>
      <object_component id="oc-103">
         <name>.debug_frame</name>
         <load_address>0x5bf</load_address>
         <run_address>0x5bf</run_address>
         <size>0x85</size>
         <input_file_ref idref="fl-28"/>
      </object_component>
      <object_component id="oc-137">
         <name>.debug_frame</name>
         <load_address>0x644</load_address>
         <run_address>0x644</run_address>
         <size>0x5d</size>
         <input_file_ref idref="fl-1f"/>
      </object_component>
      <object_component id="oc-154">
         <name>.debug_frame</name>
         <load_address>0x6a1</load_address>
         <run_address>0x6a1</run_address>
         <size>0x66</size>
         <input_file_ref idref="fl-3c"/>
      </object_component>
      <object_component id="oc-41">
         <name>.debug_aranges</name>
         <load_address>0x0</load_address>
         <run_address>0x0</run_address>
         <size>0x20</size>
         <input_file_ref idref="fl-1e"/>
      </object_component>
      <object_component id="oc-46">
         <name>.debug_aranges</name>
         <load_address>0x20</load_address>
         <run_address>0x20</run_address>
         <size>0x20</size>
         <input_file_ref idref="fl-20"/>
      </object_component>
      <object_component id="oc-50">
         <name>.debug_aranges</name>
         <load_address>0x40</load_address>
         <run_address>0x40</run_address>
         <size>0x20</size>
         <input_file_ref idref="fl-21"/>
      </object_component>
      <object_component id="oc-58">
         <name>.debug_aranges</name>
         <load_address>0x60</load_address>
         <run_address>0x60</run_address>
         <size>0x20</size>
         <input_file_ref idref="fl-2"/>
      </object_component>
      <object_component id="oc-5f">
         <name>.debug_aranges</name>
         <load_address>0x80</load_address>
         <run_address>0x80</run_address>
         <size>0x20</size>
         <input_file_ref idref="fl-35"/>
      </object_component>
      <object_component id="oc-64">
         <name>.debug_aranges</name>
         <load_address>0xa0</load_address>
         <run_address>0xa0</run_address>
         <size>0x20</size>
         <input_file_ref idref="fl-2"/>
      </object_component>
      <object_component id="oc-6b">
         <name>.debug_aranges</name>
         <load_address>0xc0</load_address>
         <run_address>0xc0</run_address>
         <size>0x20</size>
         <input_file_ref idref="fl-2"/>
      </object_component>
      <object_component id="oc-72">
         <name>.debug_aranges</name>
         <load_address>0xe0</load_address>
         <run_address>0xe0</run_address>
         <size>0x20</size>
         <input_file_ref idref="fl-3b"/>
      </object_component>
      <object_component id="oc-77">
         <name>.debug_aranges</name>
         <load_address>0x100</load_address>
         <run_address>0x100</run_address>
         <size>0x20</size>
         <input_file_ref idref="fl-40"/>
      </object_component>
      <object_component id="oc-7c">
         <name>.debug_aranges</name>
         <load_address>0x120</load_address>
         <run_address>0x120</run_address>
         <size>0x20</size>
         <input_file_ref idref="fl-2"/>
      </object_component>
      <object_component id="oc-81">
         <name>.debug_aranges</name>
         <load_address>0x140</load_address>
         <run_address>0x140</run_address>
         <size>0x20</size>
         <input_file_ref idref="fl-27"/>
      </object_component>
      <object_component id="oc-87">
         <name>.debug_aranges</name>
         <load_address>0x160</load_address>
         <run_address>0x160</run_address>
         <size>0x20</size>
         <input_file_ref idref="fl-3a"/>
      </object_component>
      <object_component id="oc-9a">
         <name>.debug_aranges</name>
         <load_address>0x180</load_address>
         <run_address>0x180</run_address>
         <size>0x20</size>
         <input_file_ref idref="fl-21"/>
      </object_component>
      <object_component id="oc-b4">
         <name>.debug_aranges</name>
         <load_address>0x1a0</load_address>
         <run_address>0x1a0</run_address>
         <size>0x20</size>
         <input_file_ref idref="fl-24"/>
      </object_component>
      <object_component id="oc-b9">
         <name>.debug_aranges</name>
         <load_address>0x1c0</load_address>
         <run_address>0x1c0</run_address>
         <size>0x20</size>
         <input_file_ref idref="fl-1c"/>
      </object_component>
      <object_component id="oc-be">
         <name>.debug_aranges</name>
         <load_address>0x1e0</load_address>
         <run_address>0x1e0</run_address>
         <size>0x20</size>
         <input_file_ref idref="fl-23"/>
      </object_component>
      <object_component id="oc-c4">
         <name>.debug_aranges</name>
         <load_address>0x200</load_address>
         <run_address>0x200</run_address>
         <size>0x20</size>
         <input_file_ref idref="fl-26"/>
      </object_component>
      <object_component id="oc-cb">
         <name>.debug_aranges</name>
         <load_address>0x220</load_address>
         <run_address>0x220</run_address>
         <size>0x20</size>
         <input_file_ref idref="fl-2"/>
      </object_component>
      <object_component id="oc-d0">
         <name>.debug_aranges</name>
         <load_address>0x240</load_address>
         <run_address>0x240</run_address>
         <size>0x20</size>
         <input_file_ref idref="fl-2"/>
      </object_component>
      <object_component id="oc-d5">
         <name>.debug_aranges</name>
         <load_address>0x260</load_address>
         <run_address>0x260</run_address>
         <size>0x20</size>
         <input_file_ref idref="fl-2"/>
      </object_component>
      <object_component id="oc-f0">
         <name>.debug_aranges</name>
         <load_address>0x280</load_address>
         <run_address>0x280</run_address>
         <size>0x20</size>
         <input_file_ref idref="fl-1d"/>
      </object_component>
      <object_component id="oc-f4">
         <name>.debug_aranges</name>
         <load_address>0x2a0</load_address>
         <run_address>0x2a0</run_address>
         <size>0x20</size>
         <input_file_ref idref="fl-36"/>
      </object_component>
      <object_component id="oc-f8">
         <name>.debug_aranges</name>
         <load_address>0x2c0</load_address>
         <run_address>0x2c0</run_address>
         <size>0x20</size>
         <input_file_ref idref="fl-3f"/>
      </object_component>
      <object_component id="oc-104">
         <name>.debug_aranges</name>
         <load_address>0x2e0</load_address>
         <run_address>0x2e0</run_address>
         <size>0x28</size>
         <input_file_ref idref="fl-28"/>
      </object_component>
      <object_component id="oc-10f">
         <name>.debug_aranges</name>
         <load_address>0x308</load_address>
         <run_address>0x308</run_address>
         <size>0x20</size>
         <input_file_ref idref="fl-37"/>
      </object_component>
      <object_component id="oc-113">
         <name>.debug_aranges</name>
         <load_address>0x328</load_address>
         <run_address>0x328</run_address>
         <size>0x20</size>
         <input_file_ref idref="fl-38"/>
      </object_component>
      <object_component id="oc-125">
         <name>.debug_aranges</name>
         <load_address>0x348</load_address>
         <run_address>0x348</run_address>
         <size>0x20</size>
         <input_file_ref idref="fl-25"/>
      </object_component>
      <object_component id="oc-129">
         <name>.debug_aranges</name>
         <load_address>0x368</load_address>
         <run_address>0x368</run_address>
         <size>0x20</size>
         <input_file_ref idref="fl-2b"/>
      </object_component>
      <object_component id="oc-12f">
         <name>.debug_aranges</name>
         <load_address>0x388</load_address>
         <run_address>0x388</run_address>
         <size>0x20</size>
         <input_file_ref idref="fl-2a"/>
      </object_component>
      <object_component id="oc-133">
         <name>.debug_aranges</name>
         <load_address>0x3a8</load_address>
         <run_address>0x3a8</run_address>
         <size>0x20</size>
         <input_file_ref idref="fl-29"/>
      </object_component>
      <object_component id="oc-138">
         <name>.debug_aranges</name>
         <load_address>0x3c8</load_address>
         <run_address>0x3c8</run_address>
         <size>0x20</size>
         <input_file_ref idref="fl-1f"/>
      </object_component>
      <object_component id="oc-148">
         <name>.debug_aranges</name>
         <load_address>0x3e8</load_address>
         <run_address>0x3e8</run_address>
         <size>0x20</size>
         <input_file_ref idref="fl-37"/>
      </object_component>
      <object_component id="oc-14c">
         <name>.debug_aranges</name>
         <load_address>0x408</load_address>
         <run_address>0x408</run_address>
         <size>0x20</size>
         <input_file_ref idref="fl-39"/>
      </object_component>
      <object_component id="oc-150">
         <name>.debug_aranges</name>
         <load_address>0x428</load_address>
         <run_address>0x428</run_address>
         <size>0x20</size>
         <input_file_ref idref="fl-3f"/>
      </object_component>
      <object_component id="oc-155">
         <name>.debug_aranges</name>
         <load_address>0x448</load_address>
         <run_address>0x448</run_address>
         <size>0x20</size>
         <input_file_ref idref="fl-3c"/>
      </object_component>
      <object_component id="oc-172">
         <name>.debug_aranges</name>
         <load_address>0x468</load_address>
         <run_address>0x468</run_address>
         <size>0x20</size>
         <input_file_ref idref="fl-39"/>
      </object_component>
      <object_component id="oc-59">
         <name>.debug_abbrev</name>
         <load_address>0x0</load_address>
         <run_address>0x0</run_address>
         <size>0x29</size>
         <input_file_ref idref="fl-2"/>
      </object_component>
      <object_component id="oc-65">
         <name>.debug_abbrev</name>
         <load_address>0x29</load_address>
         <run_address>0x29</run_address>
         <size>0x29</size>
         <input_file_ref idref="fl-2"/>
      </object_component>
      <object_component id="oc-6c">
         <name>.debug_abbrev</name>
         <load_address>0x52</load_address>
         <run_address>0x52</run_address>
         <size>0x29</size>
         <input_file_ref idref="fl-2"/>
      </object_component>
      <object_component id="oc-82">
         <name>.debug_abbrev</name>
         <load_address>0x7b</load_address>
         <run_address>0x7b</run_address>
         <size>0x58</size>
         <input_file_ref idref="fl-1e"/>
      </object_component>
      <object_component id="oc-88">
         <name>.debug_abbrev</name>
         <load_address>0xd3</load_address>
         <run_address>0xd3</run_address>
         <size>0x74</size>
         <input_file_ref idref="fl-20"/>
      </object_component>
      <object_component id="oc-8a">
         <name>.debug_abbrev</name>
         <load_address>0x147</load_address>
         <run_address>0x147</run_address>
         <size>0x24</size>
         <input_file_ref idref="fl-20"/>
      </object_component>
      <object_component id="oc-9b">
         <name>.debug_abbrev</name>
         <load_address>0x16b</load_address>
         <run_address>0x16b</run_address>
         <size>0x74</size>
         <input_file_ref idref="fl-21"/>
      </object_component>
      <object_component id="oc-9e">
         <name>.debug_abbrev</name>
         <load_address>0x1df</load_address>
         <run_address>0x1df</run_address>
         <size>0x24</size>
         <input_file_ref idref="fl-21"/>
      </object_component>
      <object_component id="oc-a2">
         <name>.debug_abbrev</name>
         <load_address>0x203</load_address>
         <run_address>0x203</run_address>
         <size>0x29</size>
         <input_file_ref idref="fl-1e"/>
      </object_component>
      <object_component id="oc-a5">
         <name>.debug_abbrev</name>
         <load_address>0x22c</load_address>
         <run_address>0x22c</run_address>
         <size>0x1f</size>
         <input_file_ref idref="fl-2"/>
      </object_component>
      <object_component id="oc-ab">
         <name>.debug_abbrev</name>
         <load_address>0x24b</load_address>
         <run_address>0x24b</run_address>
         <size>0x53</size>
         <input_file_ref idref="fl-2"/>
      </object_component>
      <object_component id="oc-ac">
         <name>.debug_abbrev</name>
         <load_address>0x29e</load_address>
         <run_address>0x29e</run_address>
         <size>0xaf</size>
         <input_file_ref idref="fl-2"/>
      </object_component>
      <object_component id="oc-ae">
         <name>.debug_abbrev</name>
         <load_address>0x34d</load_address>
         <run_address>0x34d</run_address>
         <size>0x27</size>
         <input_file_ref idref="fl-35"/>
      </object_component>
      <object_component id="oc-af">
         <name>.debug_abbrev</name>
         <load_address>0x374</load_address>
         <run_address>0x374</run_address>
         <size>0x53</size>
         <input_file_ref idref="fl-2"/>
      </object_component>
      <object_component id="oc-bf">
         <name>.debug_abbrev</name>
         <load_address>0x3c7</load_address>
         <run_address>0x3c7</run_address>
         <size>0x61</size>
         <input_file_ref idref="fl-2"/>
      </object_component>
      <object_component id="oc-c0">
         <name>.debug_abbrev</name>
         <load_address>0x428</load_address>
         <run_address>0x428</run_address>
         <size>0x55</size>
         <input_file_ref idref="fl-3b"/>
      </object_component>
      <object_component id="oc-c5">
         <name>.debug_abbrev</name>
         <load_address>0x47d</load_address>
         <run_address>0x47d</run_address>
         <size>0x64</size>
         <input_file_ref idref="fl-40"/>
      </object_component>
      <object_component id="oc-d6">
         <name>.debug_abbrev</name>
         <load_address>0x4e1</load_address>
         <run_address>0x4e1</run_address>
         <size>0x52</size>
         <input_file_ref idref="fl-2"/>
      </object_component>
      <object_component id="oc-d7">
         <name>.debug_abbrev</name>
         <load_address>0x533</load_address>
         <run_address>0x533</run_address>
         <size>0x45</size>
         <input_file_ref idref="fl-27"/>
      </object_component>
      <object_component id="oc-d8">
         <name>.debug_abbrev</name>
         <load_address>0x578</load_address>
         <run_address>0x578</run_address>
         <size>0x71</size>
         <input_file_ref idref="fl-3a"/>
      </object_component>
      <object_component id="oc-db">
         <name>.debug_abbrev</name>
         <load_address>0x5e9</load_address>
         <run_address>0x5e9</run_address>
         <size>0x24</size>
         <input_file_ref idref="fl-22"/>
      </object_component>
      <object_component id="oc-e0">
         <name>.debug_abbrev</name>
         <load_address>0x60d</load_address>
         <run_address>0x60d</run_address>
         <size>0x24</size>
         <input_file_ref idref="fl-20"/>
      </object_component>
      <object_component id="oc-e4">
         <name>.debug_abbrev</name>
         <load_address>0x631</load_address>
         <run_address>0x631</run_address>
         <size>0x57</size>
         <input_file_ref idref="fl-20"/>
      </object_component>
      <object_component id="oc-e8">
         <name>.debug_abbrev</name>
         <load_address>0x688</load_address>
         <run_address>0x688</run_address>
         <size>0x61</size>
         <input_file_ref idref="fl-21"/>
      </object_component>
      <object_component id="oc-e9">
         <name>.debug_abbrev</name>
         <load_address>0x6e9</load_address>
         <run_address>0x6e9</run_address>
         <size>0x37</size>
         <input_file_ref idref="fl-21"/>
      </object_component>
      <object_component id="oc-eb">
         <name>.debug_abbrev</name>
         <load_address>0x720</load_address>
         <run_address>0x720</run_address>
         <size>0x29</size>
         <input_file_ref idref="fl-2"/>
      </object_component>
      <object_component id="oc-f9">
         <name>.debug_abbrev</name>
         <load_address>0x749</load_address>
         <run_address>0x749</run_address>
         <size>0x7f</size>
         <input_file_ref idref="fl-24"/>
      </object_component>
      <object_component id="oc-fc">
         <name>.debug_abbrev</name>
         <load_address>0x7c8</load_address>
         <run_address>0x7c8</run_address>
         <size>0xa8</size>
         <input_file_ref idref="fl-23"/>
      </object_component>
      <object_component id="oc-105">
         <name>.debug_abbrev</name>
         <load_address>0x870</load_address>
         <run_address>0x870</run_address>
         <size>0x73</size>
         <input_file_ref idref="fl-1c"/>
      </object_component>
      <object_component id="oc-108">
         <name>.debug_abbrev</name>
         <load_address>0x8e3</load_address>
         <run_address>0x8e3</run_address>
         <size>0x70</size>
         <input_file_ref idref="fl-1c"/>
      </object_component>
      <object_component id="oc-114">
         <name>.debug_abbrev</name>
         <load_address>0x953</load_address>
         <run_address>0x953</run_address>
         <size>0x73</size>
         <input_file_ref idref="fl-23"/>
      </object_component>
      <object_component id="oc-116">
         <name>.debug_abbrev</name>
         <load_address>0x9c6</load_address>
         <run_address>0x9c6</run_address>
         <size>0x39</size>
         <input_file_ref idref="fl-26"/>
      </object_component>
      <object_component id="oc-117">
         <name>.debug_abbrev</name>
         <load_address>0x9ff</load_address>
         <run_address>0x9ff</run_address>
         <size>0x82</size>
         <input_file_ref idref="fl-40"/>
      </object_component>
      <object_component id="oc-11a">
         <name>.debug_abbrev</name>
         <load_address>0xa81</load_address>
         <run_address>0xa81</run_address>
         <size>0x24</size>
         <input_file_ref idref="fl-40"/>
      </object_component>
      <object_component id="oc-11e">
         <name>.debug_abbrev</name>
         <load_address>0xaa5</load_address>
         <run_address>0xaa5</run_address>
         <size>0x50</size>
         <input_file_ref idref="fl-2"/>
      </object_component>
      <object_component id="oc-11f">
         <name>.debug_abbrev</name>
         <load_address>0xaf5</load_address>
         <run_address>0xaf5</run_address>
         <size>0x50</size>
         <input_file_ref idref="fl-2"/>
      </object_component>
      <object_component id="oc-13d">
         <name>.debug_abbrev</name>
         <load_address>0xb45</load_address>
         <run_address>0xb45</run_address>
         <size>0x60</size>
         <input_file_ref idref="fl-2"/>
      </object_component>
      <object_component id="oc-13e">
         <name>.debug_abbrev</name>
         <load_address>0xba5</load_address>
         <run_address>0xba5</run_address>
         <size>0x3e</size>
         <input_file_ref idref="fl-3a"/>
      </object_component>
      <object_component id="oc-140">
         <name>.debug_abbrev</name>
         <load_address>0xbe3</load_address>
         <run_address>0xbe3</run_address>
         <size>0x3b</size>
[...]
         <object_component_ref idref="oc-ed"/>
      </symbol>
      <symbol id="sm-151">
         <name>__mspabi_srai_13</name>
         <value>0xce68</value>
         <object_component_ref idref="oc-ed"/>
      </symbol>
      <symbol id="sm-152">
         <name>__mspabi_srai_12</name>
         <value>0xce6a</value>
         <object_component_ref idref="oc-ed"/>
      </symbol>
      <symbol id="sm-153">
         <name>__mspabi_srai_11</name>
         <value>0xce6c</value>
         <object_component_ref idref="oc-ed"/>
      </symbol>
      <symbol id="sm-154">
         <name>__mspabi_srai_10</name>
         <value>0xce6e</value>
         <object_component_ref idref="oc-ed"/>
      </symbol>
      <symbol id="sm-162">
         <name>_c_int00_noexit</name>
         <value>0xcf14</value>
         <object_component_ref idref="oc-3d"/>
      </symbol>
      <symbol id="sm-163">
         <name>_c_int00</name>
         <value>0xcf14</value>
         <object_component_ref idref="oc-3d"/>
      </symbol>
      <symbol id="sm-164">
         <name>_stack</name>
         <value>0x3b0</value>
         <object_component_ref idref="oc-51"/>
      </symbol>
      <symbol id="sm-165">
         <name>_reset_vector</name>
         <value>0xfffe</value>
         <object_component_ref idref="oc-53"/>
      </symbol>
      <symbol id="sm-181">
         <name>__mspabi_cmpd</name>
         <value>0xc72c</value>
         <object_component_ref idref="oc-134"/>
      </symbol>
      <symbol id="sm-196">
         <name>__TI_decompress_none</name>
         <value>0xcf44</value>
         <object_component_ref idref="oc-42"/>
      </symbol>
      <symbol id="sm-1b6">
         <name>__TI_decompress_rle24</name>
         <value>0xcfb0</value>
         <object_component_ref idref="oc-4c"/>
      </symbol>
      <symbol id="sm-1d3">
         <name>__mspabi_cvtdf</name>
         <value>0xc9ce</value>
         <object_component_ref idref="oc-ba"/>
      </symbol>
      <symbol id="sm-1e3">
         <name>__mspabi_cvtfd</name>
         <value>0xcb10</value>
         <object_component_ref idref="oc-b0"/>
      </symbol>
      <symbol id="sm-1ec">
         <name>__mspabi_remu</name>
         <value>0xcf2e</value>
         <object_component_ref idref="oc-122"/>
      </symbol>
      <symbol id="sm-1ed">
         <name>__mspabi_divu</name>
         <value>0xcf2e</value>
         <object_component_ref idref="oc-122"/>
      </symbol>
      <symbol id="sm-1f5">
         <name>__mspabi_func_epilog_2</name>
         <value>0xcfa4</value>
         <object_component_ref idref="oc-c1"/>
      </symbol>
      <symbol id="sm-1f6">
         <name>__mspabi_func_epilog_3</name>
         <value>0xcfa2</value>
         <object_component_ref idref="oc-c1"/>
      </symbol>
      <symbol id="sm-1f7">
         <name>__mspabi_func_epilog_1</name>
         <value>0xcfa6</value>
         <object_component_ref idref="oc-c1"/>
      </symbol>
      <symbol id="sm-1f8">
         <name>__mspabi_func_epilog_6</name>
         <value>0xcf9c</value>
         <object_component_ref idref="oc-c1"/>
      </symbol>
      <symbol id="sm-1f9">
         <name>__mspabi_func_epilog_7</name>
         <value>0xcf9a</value>
         <object_component_ref idref="oc-c1"/>
      </symbol>
      <symbol id="sm-1fa">
         <name>__mspabi_func_epilog_4</name>
         <value>0xcfa0</value>
         <object_component_ref idref="oc-c1"/>
      </symbol>
      <symbol id="sm-1fb">
         <name>__mspabi_func_epilog_5</name>
         <value>0xcf9e</value>
         <object_component_ref idref="oc-c1"/>
      </symbol>
      <symbol id="sm-204">
         <name>C$$EXIT</name>
         <value>0xcfba</value>
         <object_component_ref idref="oc-7d"/>
      </symbol>
      <symbol id="sm-205">
         <name>abort</name>
         <value>0xcfba</value>
         <object_component_ref idref="oc-7d"/>
      </symbol>
      <symbol id="sm-226">
         <name>__TI_frcaddd</name>
         <value>0xc2e8</value>
         <object_component_ref idref="oc-100"/>
      </symbol>
      <symbol id="sm-235">
         <name>__mspabi_cmpf</name>
         <value>0xcd5a</value>
         <object_component_ref idref="oc-130"/>
      </symbol>
      <symbol id="sm-246">
         <name>__mspabi_divf</name>
         <value>0xca76</value>
         <object_component_ref idref="oc-12c"/>
      </symbol>
      <symbol id="sm-250">
         <name>__mspabi_fltuf</name>
         <value>0xceb0</value>
         <object_component_ref idref="oc-126"/>
      </symbol>
      <symbol id="sm-253">
         <name>__TI_int03</name>
         <value>0xffe6</value>
         <object_component_ref idref="oc-30"/>
      </symbol>
      <symbol id="sm-256">
         <name>__TI_int05</name>
         <value>0xffea</value>
         <object_component_ref idref="oc-31"/>
      </symbol>
      <symbol id="sm-259">
         <name>__TI_int06</name>
         <value>0xffec</value>
         <object_component_ref idref="oc-32"/>
      </symbol>
      <symbol id="sm-25c">
         <name>__TI_int07</name>
         <value>0xffee</value>
         <object_component_ref idref="oc-33"/>
      </symbol>
      <symbol id="sm-25f">
         <name>__TI_int08</name>
         <value>0xfff0</value>
         <object_component_ref idref="oc-34"/>
      </symbol>
      <symbol id="sm-262">
         <name>__TI_int11</name>
         <value>0xfff6</value>
         <object_component_ref idref="oc-39"/>
      </symbol>
      <symbol id="sm-265">
         <name>__TI_int12</name>
         <value>0xfff8</value>
         <object_component_ref idref="oc-3a"/>
      </symbol>
      <symbol id="sm-268">
         <name>__TI_int13</name>
         <value>0xfffa</value>
         <object_component_ref idref="oc-3b"/>
      </symbol>
      <symbol id="sm-26b">
         <name>__TI_int14</name>
         <value>0xfffc</value>
         <object_component_ref idref="oc-3c"/>
      </symbol>
      <symbol id="sm-272">
         <name>__TI_ISR_TRAP</name>
         <value>0xcfaa</value>
         <object_component_ref idref="oc-5c"/>
      </symbol>
      <symbol id="sm-279">
         <name>__mspabi_slli</name>
         <value>0xce84</value>
         <object_component_ref idref="oc-f1"/>
      </symbol>
      <symbol id="sm-27a">
         <name>__mspabi_slli_9</name>
         <value>0xce9c</value>
         <object_component_ref idref="oc-f1"/>
      </symbol>
      <symbol id="sm-27b">
         <name>__mspabi_slli_8</name>
         <value>0xce9e</value>
         <object_component_ref idref="oc-f1"/>
      </symbol>
      <symbol id="sm-27c">
         <name>__mspabi_slli_7</name>
         <value>0xcea0</value>
         <object_component_ref idref="oc-f1"/>
      </symbol>
      <symbol id="sm-27d">
         <name>__mspabi_slli_6</name>
         <value>0xcea2</value>
         <object_component_ref idref="oc-f1"/>
      </symbol>
      <symbol id="sm-27e">
         <name>__mspabi_slli_5</name>
         <value>0xcea4</value>
         <object_component_ref idref="oc-f1"/>
      </symbol>
      <symbol id="sm-27f">
         <name>__mspabi_slli_4</name>
         <value>0xcea6</value>
         <object_component_ref idref="oc-f1"/>
      </symbol>
      <symbol id="sm-280">
         <name>__mspabi_slli_3</name>
         <value>0xcea8</value>
         <object_component_ref idref="oc-f1"/>
      </symbol>
      <symbol id="sm-281">
         <name>__mspabi_slli_2</name>
         <value>0xceaa</value>
         <object_component_ref idref="oc-f1"/>
      </symbol>
      <symbol id="sm-282">
         <name>__mspabi_slli_1</name>
         <value>0xceac</value>
         <object_component_ref idref="oc-f1"/>
      </symbol>
      <symbol id="sm-283">
         <name>__mspabi_slli_15</name>
         <value>0xce90</value>
         <object_component_ref idref="oc-f1"/>
      </symbol>
      <symbol id="sm-284">
         <name>__mspabi_slli_14</name>
         <value>0xce92</value>
         <object_component_ref idref="oc-f1"/>
      </symbol>
      <symbol id="sm-285">
         <name>__mspabi_slli_13</name>
         <value>0xce94</value>
         <object_component_ref idref="oc-f1"/>
      </symbol>
      <symbol id="sm-286">
         <name>__mspabi_slli_12</name>
         <value>0xce96</value>
         <object_component_ref idref="oc-f1"/>
      </symbol>
      <symbol id="sm-287">
         <name>__mspabi_slli_11</name>
         <value>0xce98</value>
         <object_component_ref idref="oc-f1"/>
      </symbol>
      <symbol id="sm-288">
         <name>__mspabi_slli_10</name>
         <value>0xce9a</value>
         <object_component_ref idref="oc-f1"/>
      </symbol>
      <symbol id="sm-296">
         <name>__mspabi_slll_9</name>
         <value>0xcdfa</value>
         <object_component_ref idref="oc-10c"/>
      </symbol>
      <symbol id="sm-297">
         <name>__mspabi_slll_8</name>
         <value>0xcdfe</value>
         <object_component_ref idref="oc-10c"/>
      </symbol>
      <symbol id="sm-298">
         <name>__mspabi_slll_7</name>
         <value>0xce02</value>
         <object_component_ref idref="oc-10c"/>
      </symbol>
      <symbol id="sm-299">
         <name>__mspabi_slll_6</name>
         <value>0xce06</value>
         <object_component_ref idref="oc-10c"/>
      </symbol>
      <symbol id="sm-29a">
         <name>__mspabi_slll_5</name>
         <value>0xce0a</value>
         <object_component_ref idref="oc-10c"/>
      </symbol>
      <symbol id="sm-29b">
         <name>__mspabi_slll_4</name>
         <value>0xce0e</value>
         <object_component_ref idref="oc-10c"/>
      </symbol>
      <symbol id="sm-29c">
         <name>__mspabi_slll_3</name>
         <value>0xce12</value>
         <object_component_ref idref="oc-10c"/>
      </symbol>
      <symbol id="sm-29d">
         <name>__mspabi_slll_2</name>
         <value>0xce16</value>
         <object_component_ref idref="oc-10c"/>
      </symbol>
      <symbol id="sm-29e">
         <name>__mspabi_slll_1</name>
         <value>0xce1a</value>
         <object_component_ref idref="oc-10c"/>
      </symbol>
      <symbol id="sm-29f">
         <name>__mspabi_slll</name>
         <value>0xcf8a</value>
         <object_component_ref idref="oc-145"/>
      </symbol>
      <symbol id="sm-2a0">
         <name>__mspabi_slll_15</name>
         <value>0xcde2</value>
         <object_component_ref idref="oc-10c"/>
      </symbol>
      <symbol id="sm-2a1">
         <name>__mspabi_slll_14</name>
         <value>0xcde6</value>
         <object_component_ref idref="oc-10c"/>
      </symbol>
      <symbol id="sm-2a2">
         <name>__mspabi_slll_13</name>
         <value>0xcdea</value>
         <object_component_ref idref="oc-10c"/>
      </symbol>
      <symbol id="sm-2a3">
         <name>__mspabi_slll_12</name>
         <value>0xcdee</value>
         <object_component_ref idref="oc-10c"/>
      </symbol>
      <symbol id="sm-2a4">
         <name>__mspabi_slll_11</name>
         <value>0xcdf2</value>
         <object_component_ref idref="oc-10c"/>
      </symbol>
      <symbol id="sm-2a5">
         <name>__mspabi_slll_10</name>
         <value>0xcdf6</value>
         <object_component_ref idref="oc-10c"/>
      </symbol>
      <symbol id="sm-2ac">
         <name>__mspabi_srli_8</name>
         <value>0xcd38</value>
         <object_component_ref idref="oc-110"/>
      </symbol>
      <symbol id="sm-2ad">
         <name>__mspabi_srli_9</name>
         <value>0xcd34</value>
         <object_component_ref idref="oc-110"/>
      </symbol>
      <symbol id="sm-2ae">
         <name>__mspabi_srli_6</name>
         <value>0xcd40</value>
         <object_component_ref idref="oc-110"/>
      </symbol>
      <symbol id="sm-2af">
         <name>__mspabi_srli_7</name>
         <value>0xcd3c</value>
         <object_component_ref idref="oc-110"/>
      </symbol>
      <symbol id="sm-2b0">
         <name>__mspabi_srli_4</name>
         <value>0xcd48</value>
         <object_component_ref idref="oc-110"/>
      </symbol>
      <symbol id="sm-2b1">
         <name>__mspabi_srli_5</name>
         <value>0xcd44</value>
         <object_component_ref idref="oc-110"/>
      </symbol>
      <symbol id="sm-2b2">
         <name>__mspabi_srli_2</name>
         <value>0xcd50</value>
         <object_component_ref idref="oc-110"/>
      </symbol>
      <symbol id="sm-2b3">
         <name>__mspabi_srli_3</name>
         <value>0xcd4c</value>
         <object_component_ref idref="oc-110"/>
      </symbol>
      <symbol id="sm-2b4">
         <name>__mspabi_srli_1</name>
         <value>0xcd54</value>
         <object_component_ref idref="oc-110"/>
      </symbol>
      <symbol id="sm-2b5">
         <name>__mspabi_srli</name>
         <value>0xcd0e</value>
         <object_component_ref idref="oc-110"/>
      </symbol>
      <symbol id="sm-2b6">
         <name>__mspabi_srli_15</name>
         <value>0xcd1c</value>
         <object_component_ref idref="oc-110"/>
      </symbol>
      <symbol id="sm-2b7">
         <name>__mspabi_srli_14</name>
         <value>0xcd20</value>
         <object_component_ref idref="oc-110"/>
      </symbol>
      <symbol id="sm-2b8">
         <name>__mspabi_srli_13</name>
         <value>0xcd24</value>
         <object_component_ref idref="oc-110"/>
      </symbol>
      <symbol id="sm-2b9">
         <name>__mspabi_srli_12</name>
         <value>0xcd28</value>
         <object_component_ref idref="oc-110"/>
      </symbol>
      <symbol id="sm-2ba">
         <name>__mspabi_srli_11</name>
         <value>0xcd2c</value>
         <object_component_ref idref="oc-110"/>
      </symbol>
      <symbol id="sm-2bb">
         <name>__mspabi_srli_10</name>
         <value>0xcd30</value>
         <object_component_ref idref="oc-110"/>
      </symbol>
      <symbol id="sm-2c9">
         <name>__mspabi_srll_8</name>
         <value>0xccdc</value>
         <object_component_ref idref="oc-16f"/>
      </symbol>
      <symbol id="sm-2ca">
         <name>__mspabi_srll_9</name>
         <value>0xccd6</value>
         <object_component_ref idref="oc-16f"/>
      </symbol>
      <symbol id="sm-2cb">
         <name>__mspabi_srll_6</name>
         <value>0xcce8</value>
         <object_component_ref idref="oc-16f"/>
      </symbol>
      <symbol id="sm-2cc">
         <name>__mspabi_srll_7</name>
         <value>0xcce2</value>
         <object_component_ref idref="oc-16f"/>
      </symbol>
      <symbol id="sm-2cd">
         <name>__mspabi_srll_4</name>
         <value>0xccf4</value>
         <object_component_ref idref="oc-16f"/>
      </symbol>
      <symbol id="sm-2ce">
         <name>__mspabi_srll_5</name>
         <value>0xccee</value>
         <object_component_ref idref="oc-16f"/>
      </symbol>
      <symbol id="sm-2cf">
         <name>__mspabi_srll_2</name>
         <value>0xcd00</value>
         <object_component_ref idref="oc-16f"/>
      </symbol>
      <symbol id="sm-2d0">
         <name>__mspabi_srll_3</name>
         <value>0xccfa</value>
         <object_component_ref idref="oc-16f"/>
      </symbol>
      <symbol id="sm-2d1">
         <name>__mspabi_srll_1</name>
         <value>0xcd06</value>
         <object_component_ref idref="oc-16f"/>
      </symbol>
      <symbol id="sm-2d2">
         <name>__mspabi_srll_15</name>
         <value>0xccb2</value>
         <object_component_ref idref="oc-16f"/>
      </symbol>
      <symbol id="sm-2d3">
         <name>__mspabi_srll_14</name>
         <value>0xccb8</value>
         <object_component_ref idref="oc-16f"/>
      </symbol>
      <symbol id="sm-2d4">
         <name>__mspabi_srll_13</name>
         <value>0xccbe</value>
         <object_component_ref idref="oc-16f"/>
      </symbol>
      <symbol id="sm-2d5">
         <name>__mspabi_srll_12</name>
         <value>0xccc4</value>
         <object_component_ref idref="oc-16f"/>
      </symbol>
      <symbol id="sm-2d6">
         <name>__mspabi_srll_11</name>
         <value>0xccca</value>
         <object_component_ref idref="oc-16f"/>
      </symbol>
      <symbol id="sm-2d7">
         <name>__mspabi_srll_10</name>
         <value>0xccd0</value>
         <object_component_ref idref="oc-16f"/>
      </symbol>
      <symbol id="sm-2d8">
         <name>__mspabi_srll</name>
         <value>0xcf56</value>
         <object_component_ref idref="oc-149"/>
      </symbol>
      <symbol id="sm-2e5">
         <name>memcpy</name>
         <value>0xcf68</value>
         <object_component_ref idref="oc-83"/>
      </symbol>
      <symbol id="sm-2ed">
         <name>_system_pre_init</name>
         <value>0xcfb6</value>
         <object_component_ref idref="oc-6e"/>
      </symbol>
      <symbol id="sm-300">
         <name>__TI_renormd</name>
         <value>0xc864</value>
         <object_component_ref idref="oc-151"/>
      </symbol>
      <symbol id="sm-310">
         <name>__mspabi_sral</name>
         <value>0xcf7a</value>
         <object_component_ref idref="oc-14d"/>
      </symbol>
      <symbol id="sm-311">
         <name>__mspabi_sral_15</name>
         <value>0xcda4</value>
         <object_component_ref idref="oc-f5"/>
      </symbol>
      <symbol id="sm-312">
         <name>__mspabi_sral_14</name>
         <value>0xcda8</value>
         <object_component_ref idref="oc-f5"/>
      </symbol>
      <symbol id="sm-313">
         <name>__mspabi_sral_13</name>
         <value>0xcdac</value>
         <object_component_ref idref="oc-f5"/>
      </symbol>
      <symbol id="sm-314">
         <name>__mspabi_sral_12</name>
         <value>0xcdb0</value>
         <object_component_ref idref="oc-f5"/>
      </symbol>
      <symbol id="sm-315">
         <name>__mspabi_sral_11</name>
         <value>0xcdb4</value>
         <object_component_ref idref="oc-f5"/>
      </symbol>
      <symbol id="sm-316">
         <name>__mspabi_sral_10</name>
         <value>0xcdb8</value>
         <object_component_ref idref="oc-f5"/>
      </symbol>
      <symbol id="sm-317">
         <name>__mspabi_sral_8</name>
         <value>0xcdc0</value>
         <object_component_ref idref="oc-f5"/>
      </symbol>
      <symbol id="sm-318">
         <name>__mspabi_sral_9</name>
         <value>0xcdbc</value>
         <object_component_ref idref="oc-f5"/>
      </symbol>
      <symbol id="sm-319">
         <name>__mspabi_sral_6</name>
         <value>0xcdc8</value>
         <object_component_ref idref="oc-f5"/>
      </symbol>
      <symbol id="sm-31a">
         <name>__mspabi_sral_7</name>
         <value>0xcdc4</value>
         <object_component_ref idref="oc-f5"/>
      </symbol>
      <symbol id="sm-31b">
         <name>__mspabi_sral_4</name>
         <value>0xcdd0</value>
         <object_component_ref idref="oc-f5"/>
      </symbol>
      <symbol id="sm-31c">
         <name>__mspabi_sral_5</name>
         <value>0xcdcc</value>
         <object_component_ref idref="oc-f5"/>
      </symbol>
      <symbol id="sm-31d">
         <name>__mspabi_sral_2</name>
         <value>0xcdd8</value>
         <object_component_ref idref="oc-f5"/>
      </symbol>
      <symbol id="sm-31e">
         <name>__mspabi_sral_3</name>
         <value>0xcdd4</value>
         <object_component_ref idref="oc-f5"/>
      </symbol>
      <symbol id="sm-31f">
         <name>__mspabi_sral_1</name>
         <value>0xcddc</value>
         <object_component_ref idref="oc-f5"/>
      </symbol>
      <symbol id="sm-334">
         <name>_auto_init</name>
         <value>0xcc54</value>
         <object_component_ref idref="oc-73"/>
      </symbol>
      <symbol id="sm-335">
         <name>__TI_exit</name>
         <value>0x1</value>
      </symbol>
      <symbol id="sm-336">
         <name>__TI_args_main</name>
         <value>0x1</value>
      </symbol>
      <symbol id="sm-337">
         <name>__TI_INITARRAY_Base</name>
         <value>0x0</value>
      </symbol>
      <symbol id="sm-338">
         <name>__TI_INITARRAY_Limit</name>
         <value>0x0</value>
      </symbol>
   </symbol_table>
   <title>Link successful</title>
</link_info>
