******************************************************************************
                  MSP430 Linker PC v4.2.1                      
******************************************************************************
>> Linked Thu Mar 17 22:26:28 2016

OUTPUT FILE NAME:   <Musix.out>
ENTRY POINT SYMBOL: "_c_int00"  address: 0000cf14


MEMORY CONFIGURATION

         name            origin    length      used     unused   attr    fill
----------------------  --------  ---------  --------  --------  ----  --------
  SFR                   00000000   00000010  00000000  00000010  RWIX
  PERIPHERALS_8BIT      00000010   000000f0  00000000  000000f0  RWIX
  PERIPHERALS_16BIT     00000100   00000100  00000000  00000100  RWIX
  RAM                   00000200   00000200  00000064  0000019c  RWIX
  INFOD                 00001000   00000040  00000000  00000040  RWIX
  INFOC                 00001040   00000040  00000000  00000040  RWIX
  INFOB                 00001080   00000040  00000000  00000040  RWIX
  INFOA                 000010c0   00000040  00000000  00000040  RWIX
  FLASH                 0000c000   00003fe0  00001318  00002cc8  RWIX
  INT00                 0000ffe0   00000002  00000000  00000002  RWIX
  INT01                 0000ffe2   00000002  00000000  00000002  RWIX
  INT02                 0000ffe4   00000002  00000002  00000000  RWIX
  INT03                 0000ffe6   00000002  00000002  00000000  RWIX
  INT04                 0000ffe8   00000002  00000000  00000002  RWIX
  INT05                 0000ffea   00000002  00000002  00000000  RWIX
  INT06                 0000ffec   00000002  00000002  00000000  RWIX
  INT07                 0000ffee   00000002  00000002  00000000  RWIX
  INT08                 0000fff0   00000002  00000002  00000000  RWIX
  INT09                 0000fff2   00000002  00000002  00000000  RWIX
  INT10                 0000fff4   00000002  00000002  00000000  RWIX
  INT11                 0000fff6   00000002  00000002  00000000  RWIX
  INT12                 0000fff8   00000002  00000002  00000000  RWIX
  INT13                 0000fffa   00000002  00000002  00000000  RWIX
  INT14                 0000fffc   00000002  00000002  00000000  RWIX
  RESET                 0000fffe   00000002  00000002  00000000  RWIX


SECTION ALLOCATION MAP

 output                                  attributes/
section   page    origin      length       input sections
--------  ----  ----------  ----------   ----------------
.init_array 
*          0    0000c000    00000000     UNINITIALIZED

.data      0    00000200    00000014     UNINITIALIZED
                  00000200    00000014     main.obj (.data)

.TI.persistent 
*          0    00000200    00000000     UNINITIALIZED

.stack     0    000003b0    00000050     UNINITIALIZED
                  000003b0    00000002     rts430_eabi.lib : boot.obj (.stack)
                  000003b2    0000004e     --HOLE--

.text      0    0000c000    00000fc0     
                  0000c000    000002e8     rts430_eabi.lib : addd.obj (.text:__mspabi_addd)
                  0000c2e8    0000026e                     : frcaddd.obj (.text:__TI_frcaddd)
                  0000c556    000001d6     main.obj (.text:PlaySong)
                  0000c72c    00000138     rts430_eabi.lib : cmpd.obj (.text:__mspabi_cmpd)
                  0000c864    000000c0                     : renormd.obj (.text:__TI_renormd)
                  0000c924    000000aa     main.obj (.text:button_handler)
                  0000c9ce    000000a8     rts430_eabi.lib : cvtdf.obj (.text:__mspabi_cvtdf)
                  0000ca76    0000009a                     : fs_div.obj (.text)
                  0000cb10    00000080                     : cvtfd.obj (.text:__mspabi_cvtfd)
                  0000cb90    00000066     main.obj (.text:WDT_interval_handler)
                  0000cbf6    0000005e     rts430_eabi.lib : copy_decompress_rle.obj (.text:__TI_decompress_rle_core)
                  0000cc54    0000005e                     : autoinit.obj (.text:_auto_init)
                  0000ccb2    0000005c                     : lsr32.obj (.text:l_lsr_const)
                  0000cd0e    0000004c                     : lsr16.obj (.text)
                  0000cd5a    0000004a                     : fs_cmp.obj (.text)
                  0000cda4    0000003e                     : asr32.obj (.text:l_asr_const)
                  0000cde2    0000003e                     : lsl32.obj (.text:l_lsl_const)
                  0000ce20    00000038     main.obj (.text:main)
                  0000ce58    0000002c     rts430_eabi.lib : asr16.obj (.text)
                  0000ce84    0000002c                     : lsl16.obj (.text)
                  0000ceb0    00000024                     : fs_utof.obj (.text)
                  0000ced4    00000020     main.obj (.text:initTimerA)
                  0000cef4    00000020     main.obj (.text:initializebuttons)
                  0000cf14    0000001a     rts430_eabi.lib : boot.obj (.text:_c_int00_noexit)
                  0000cf2e    00000016                     : div16u.obj (.text)
                  0000cf44    00000012                     : copy_decompress_none.obj (.text:decompress:none:__TI_decompress_none)
                  0000cf56    00000012                     : lsr32.obj (.text:l_lsr)
                  0000cf68    00000012                     : memcpy.obj (.text:memcpy)
                  0000cf7a    00000010                     : asr32.obj (.text:l_asr)
                  0000cf8a    00000010                     : lsl32.obj (.text:l_lsl)
                  0000cf9a    00000010                     : epilog.obj (.text)
                  0000cfaa    00000006                     : isr_trap.obj (.text:__TI_ISR_TRAP)
                  0000cfb0    00000006                     : copy_decompress_rle.obj (.text:decompress:rle24:__TI_decompress_rle24)
                  0000cfb6    00000004                     : pre_init.obj (.text:_system_pre_init)
                  0000cfba    00000004                     : exit.obj (.text:abort)
                  0000cfbe    00000002     main.obj (.text:AnotherWDT)

.const     0    0000cfc0    0000033c     
                  0000cfc0    00000140     main.obj (.const:notelength2)
                  0000d100    000000e8     main.obj (.const:notelength)
                  0000d1e8    000000a0     main.obj (.const:toneArray2)
                  0000d288    00000074     main.obj (.const:toneArray)

.cinit     0    0000d2fc    0000001c     
                  0000d2fc    00000013     (.cinit..data.load) [load image, compression = rle]
                  0000d30f    00000001     --HOLE-- [fill = 0]
                  0000d310    00000004     (__TI_handler_table)
                  0000d314    00000004     (__TI_cinit_table)

PORT1      0    0000ffe4    00000002     
                  0000ffe4    00000002     main.obj (.int02)

PORT2      0    0000ffe6    00000002     
                  0000ffe6    00000002     rts430_eabi.lib : int03.obj (.int03)

ADC10      0    0000ffea    00000002     
                  0000ffea    00000002     rts430_eabi.lib : int05.obj (.int05)

USCIAB0TX 
*          0    0000ffec    00000002     
                  0000ffec    00000002     rts430_eabi.lib : int06.obj (.int06)

USCIAB0RX 
*          0    0000ffee    00000002     
                  0000ffee    00000002     rts430_eabi.lib : int07.obj (.int07)

TIMER0_A1 
*          0    0000fff0    00000002     
                  0000fff0    00000002     rts430_eabi.lib : int08.obj (.int08)

TIMER0_A0 
*          0    0000fff2    00000002     
                  0000fff2    00000002     main.obj (.int09)

WDT        0    0000fff4    00000002     
                  0000fff4    00000002     main.obj (.int10)

COMPARATORA 
*          0    0000fff6    00000002     
                  0000fff6    00000002     rts430_eabi.lib : int11.obj (.int11)

TIMER1_A1 
*          0    0000fff8    00000002     
                  0000fff8    00000002     rts430_eabi.lib : int12.obj (.int12)

TIMER1_A0 
*          0    0000fffa    00000002     
                  0000fffa    00000002     rts430_eabi.lib : int13.obj (.int13)

NMI        0    0000fffc    00000002     
                  0000fffc    00000002     rts430_eabi.lib : int14.obj (.int14)

.reset     0    0000fffe    00000002     
                  0000fffe    00000002     rts430_eabi.lib : boot.obj (.reset)


LINKER GENERATED COPY TABLES

__TI_cinit_table @ 0000d314 records: 1, size/record: 4, table size: 4
	.data: load addr=0000d2fc, load size=00000013 bytes, run addr=00000200, run size=00000014 bytes, compression=rle


LINKER GENERATED HANDLER TABLE

__TI_handler_table @ 0000d310 records: 2, size/record: 2, table size: 4
	index: 0, handler: __TI_decompress_rle24
	index: 1, handler: __TI_decompress_none


GLOBAL SYMBOLS: SORTED ALPHABETICALLY BY Name 

address    name
--------   ----
0000004a   ADC10AE0
000001b0   ADC10CTL0
000001b2   ADC10CTL1
00000048   ADC10DTC0
00000049   ADC10DTC1
000001b4   ADC10MEM
000001bc   ADC10SA
0000cfbe   AnotherWDT
0000fff2   AnotherWDT_ptr
00000057   BCSCTL1
00000058   BCSCTL2
00000053   BCSCTL3
0000cfba   C$$EXIT
00000059   CACTL1
0000005a   CACTL2
000010fb   CALBC1_12MHZ
000010f9   CALBC1_16MHZ
000010ff   CALBC1_1MHZ
000010fd   CALBC1_8MHZ
000010fa   CALDCO_12MHZ
000010f8   CALDCO_16MHZ
000010fe   CALDCO_1MHZ
000010fc   CALDCO_8MHZ
0000005b   CAPD
00000056   DCOCTL
00000128   FCTL1
0000012a   FCTL2
0000012c   FCTL3
00000000   IE1
00000001   IE2
00000002   IFG1
00000003   IFG2
00000022   P1DIR
00000025   P1IE
00000024   P1IES
00000023   P1IFG
00000020   P1IN
00000021   P1OUT
00000027   P1REN
00000026   P1SEL
00000041   P1SEL2
0000002a   P2DIR
0000002d   P2IE
0000002c   P2IES
0000002b   P2IFG
00000028   P2IN
00000029   P2OUT
0000002f   P2REN
0000002e   P2SEL
00000042   P2SEL2
0000001a   P3DIR
00000018   P3IN
00000019   P3OUT
00000010   P3REN
0000001b   P3SEL
00000043   P3SEL2
0000c556   PlaySong
00000200   PlayingNote
00000172   TA0CCR0
00000174   TA0CCR1
00000176   TA0CCR2
00000162   TA0CCTL0
00000164   TA0CCTL1
00000166   TA0CCTL2
00000160   TA0CTL
0000012e   TA0IV
00000170   TA0R
00000192   TA1CCR0
00000194   TA1CCR1
00000196   TA1CCR2
00000182   TA1CCTL0
00000184   TA1CCTL1
00000186   TA1CCTL2
00000180   TA1CTL
0000011e   TA1IV
00000190   TA1R
00000206   TimeCount
0000020c   ToneAdjuster
0000005d   UCA0ABCTL
00000062   UCA0BR0
00000063   UCA0BR1
00000060   UCA0CTL0
00000061   UCA0CTL1
0000005f   UCA0IRRCTL
0000005e   UCA0IRTCTL
00000064   UCA0MCTL
00000066   UCA0RXBUF
00000065   UCA0STAT
00000067   UCA0TXBUF
0000006a   UCB0BR0
0000006b   UCB0BR1
00000068   UCB0CTL0
00000069   UCB0CTL1
0000006c   UCB0I2CIE
00000118   UCB0I2COA
0000011a   UCB0I2CSA
0000006e   UCB0RXBUF
0000006d   UCB0STAT
0000006f   UCB0TXBUF
00000120   WDTCTL
0000cb90   WDT_interval_handler
0000fff4   WDT_interval_handler_ptr
00000400   __STACK_END
00000050   __STACK_SIZE
0000d314   __TI_CINIT_Base
0000d318   __TI_CINIT_Limit
0000d310   __TI_Handler_Table_Base
0000d314   __TI_Handler_Table_Limit
UNDEFED    __TI_INITARRAY_Base
UNDEFED    __TI_INITARRAY_Limit
0000cfaa   __TI_ISR_TRAP
00000001   __TI_args_main
0000cf44   __TI_decompress_none
0000cfb0   __TI_decompress_rle24
00000001   __TI_exit
0000c2e8   __TI_frcaddd
0000ffe4   __TI_int02
0000ffe6   __TI_int03
0000ffea   __TI_int05
0000ffec   __TI_int06
0000ffee   __TI_int07
0000fff0   __TI_int08
0000fff2   __TI_int09
0000fff4   __TI_int10
0000fff6   __TI_int11
0000fff8   __TI_int12
0000fffa   __TI_int13
0000fffc   __TI_int14
0000c864   __TI_renormd
ffffffff   __binit__
ffffffff   __c_args__
0000c000   __mspabi_addd
0000c72c   __mspabi_cmpd
0000cd5a   __mspabi_cmpf
0000c9ce   __mspabi_cvtdf
0000cb10   __mspabi_cvtfd
0000ca76   __mspabi_divf
0000cf2e   __mspabi_divu
0000ceb0   __mspabi_fltuf
0000cfa6   __mspabi_func_epilog_1
0000cfa4   __mspabi_func_epilog_2
0000cfa2   __mspabi_func_epilog_3
0000cfa0   __mspabi_func_epilog_4
0000cf9e   __mspabi_func_epilog_5
0000cf9c   __mspabi_func_epilog_6
0000cf9a   __mspabi_func_epilog_7
0000cf2e   __mspabi_remu
0000ce84   __mspabi_slli
0000ceac   __mspabi_slli_1
0000ce9a   __mspabi_slli_10
0000ce98   __mspabi_slli_11
0000ce96   __mspabi_slli_12
0000ce94   __mspabi_slli_13
0000ce92   __mspabi_slli_14
0000ce90   __mspabi_slli_15
0000ceaa   __mspabi_slli_2
0000cea8   __mspabi_slli_3
0000cea6   __mspabi_slli_4
0000cea4   __mspabi_slli_5
0000cea2   __mspabi_slli_6
0000cea0   __mspabi_slli_7
0000ce9e   __mspabi_slli_8
0000ce9c   __mspabi_slli_9
0000cf8a   __mspabi_slll
0000ce1a   __mspabi_slll_1
0000cdf6   __mspabi_slll_10
0000cdf2   __mspabi_slll_11
0000cdee   __mspabi_slll_12
0000cdea   __mspabi_slll_13
0000cde6   __mspabi_slll_14
0000cde2   __mspabi_slll_15
0000ce16   __mspabi_slll_2
0000ce12   __mspabi_slll_3
0000ce0e   __mspabi_slll_4
0000ce0a   __mspabi_slll_5
0000ce06   __mspabi_slll_6
0000ce02   __mspabi_slll_7
0000cdfe   __mspabi_slll_8
0000cdfa   __mspabi_slll_9
0000ce58   __mspabi_srai
0000ce80   __mspabi_srai_1
0000ce6e   __mspabi_srai_10
0000ce6c   __mspabi_srai_11
0000ce6a   __mspabi_srai_12
0000ce68   __mspabi_srai_13
0000ce66   __mspabi_srai_14
0000ce64   __mspabi_srai_15
0000ce7e   __mspabi_srai_2
0000ce7c   __mspabi_srai_3
0000ce7a   __mspabi_srai_4
0000ce78   __mspabi_srai_5
0000ce76   __mspabi_srai_6
0000ce74   __mspabi_srai_7
0000ce72   __mspabi_srai_8
0000ce70   __mspabi_srai_9
0000cf7a   __mspabi_sral
0000cddc   __mspabi_sral_1
0000cdb8   __mspabi_sral_10
0000cdb4   __mspabi_sral_11
0000cdb0   __mspabi_sral_12
0000cdac   __mspabi_sral_13
0000cda8   __mspabi_sral_14
0000cda4   __mspabi_sral_15
0000cdd8   __mspabi_sral_2
0000cdd4   __mspabi_sral_3
0000cdd0   __mspabi_sral_4
0000cdcc   __mspabi_sral_5
0000cdc8   __mspabi_sral_6
0000cdc4   __mspabi_sral_7
0000cdc0   __mspabi_sral_8
0000cdbc   __mspabi_sral_9
0000cd0e   __mspabi_srli
0000cd54   __mspabi_srli_1
0000cd30   __mspabi_srli_10
0000cd2c   __mspabi_srli_11
0000cd28   __mspabi_srli_12
0000cd24   __mspabi_srli_13
0000cd20   __mspabi_srli_14
0000cd1c   __mspabi_srli_15
0000cd50   __mspabi_srli_2
0000cd4c   __mspabi_srli_3
0000cd48   __mspabi_srli_4
0000cd44   __mspabi_srli_5
0000cd40   __mspabi_srli_6
0000cd3c   __mspabi_srli_7
0000cd38   __mspabi_srli_8
0000cd34   __mspabi_srli_9
0000cf56   __mspabi_srll
0000cd06   __mspabi_srll_1
0000ccd0   __mspabi_srll_10
0000ccca   __mspabi_srll_11
0000ccc4   __mspabi_srll_12
0000ccbe   __mspabi_srll_13
0000ccb8   __mspabi_srll_14
0000ccb2   __mspabi_srll_15
0000cd00   __mspabi_srll_2
0000ccfa   __mspabi_srll_3
0000ccf4   __mspabi_srll_4
0000ccee   __mspabi_srll_5
0000cce8   __mspabi_srll_6
0000cce2   __mspabi_srll_7
0000ccdc   __mspabi_srll_8
0000ccd6   __mspabi_srll_9
0000cc54   _auto_init
0000cf14   _c_int00
0000cf14   _c_int00_noexit
0000fffe   _reset_vector
000003b0   _stack
0000cfb6   _system_pre_init
0000cfba   abort
ffffffff   binit
0000c924   button_handler
0000ffe4   button_handler_ptr
0000ced4   initTimerA
0000cef4   initializebuttons
00000212   length
00000210   length2
0000ce20   main
0000cf68   memcpy
0000020e   mysong
0000d100   notelength
0000cfc0   notelength2
00000202   playflag
00000204   restartflag
0000020a   speedDivisor
0000d288   toneArray
0000d1e8   toneArray2


GLOBAL SYMBOLS: SORTED BY Symbol Address 

address    name
--------   ----
00000000   IE1
00000001   IE2
00000001   __TI_args_main
00000001   __TI_exit
00000002   IFG1
00000003   IFG2
00000010   P3REN
00000018   P3IN
00000019   P3OUT
0000001a   P3DIR
0000001b   P3SEL
00000020   P1IN
00000021   P1OUT
00000022   P1DIR
00000023   P1IFG
00000024   P1IES
00000025   P1IE
00000026   P1SEL
00000027   P1REN
00000028   P2IN
00000029   P2OUT
0000002a   P2DIR
0000002b   P2IFG
0000002c   P2IES
0000002d   P2IE
0000002e   P2SEL
0000002f   P2REN
00000041   P1SEL2
00000042   P2SEL2
00000043   P3SEL2
00000048   ADC10DTC0
00000049   ADC10DTC1
0000004a   ADC10AE0
00000050   __STACK_SIZE
00000053   BCSCTL3
00000056   DCOCTL
00000057   BCSCTL1
00000058   BCSCTL2
00000059   CACTL1
0000005a   CACTL2
0000005b   CAPD
0000005d   UCA0ABCTL
0000005e   UCA0IRTCTL
0000005f   UCA0IRRCTL
00000060   UCA0CTL0
00000061   UCA0CTL1
00000062   UCA0BR0
00000063   UCA0BR1
00000064   UCA0MCTL
00000065   UCA0STAT
00000066   UCA0RXBUF
00000067   UCA0TXBUF
00000068   UCB0CTL0
00000069   UCB0CTL1
0000006a   UCB0BR0
0000006b   UCB0BR1
0000006c   UCB0I2CIE
0000006d   UCB0STAT
0000006e   UCB0RXBUF
0000006f   UCB0TXBUF
00000118   UCB0I2COA
0000011a   UCB0I2CSA
0000011e   TA1IV
00000120   WDTCTL
00000128   FCTL1
0000012a   FCTL2
0000012c   FCTL3
0000012e   TA0IV
00000160   TA0CTL
00000162   TA0CCTL0
00000164   TA0CCTL1
00000166   TA0CCTL2
00000170   TA0R
00000172   TA0CCR0
00000174   TA0CCR1
00000176   TA0CCR2
00000180   TA1CTL
00000182   TA1CCTL0
00000184   TA1CCTL1
00000186   TA1CCTL2
00000190   TA1R
00000192   TA1CCR0
00000194   TA1CCR1
00000196   TA1CCR2
000001b0   ADC10CTL0
000001b2   ADC10CTL1
000001b4   ADC10MEM
000001bc   ADC10SA
00000200   PlayingNote
00000202   playflag
00000204   restartflag
00000206   TimeCount
0000020a   speedDivisor
0000020c   ToneAdjuster
0000020e   mysong
00000210   length2
00000212   length
000003b0   _stack
00000400   __STACK_END
000010f8   CALDCO_16MHZ
000010f9   CALBC1_16MHZ
000010fa   CALDCO_12MHZ
000010fb   CALBC1_12MHZ
000010fc   CALDCO_8MHZ
000010fd   CALBC1_8MHZ
000010fe   CALDCO_1MHZ
000010ff   CALBC1_1MHZ
0000c000   __mspabi_addd
0000c2e8   __TI_frcaddd
0000c556   PlaySong
0000c72c   __mspabi_cmpd
0000c864   __TI_renormd
0000c924   button_handler
0000c9ce   __mspabi_cvtdf
0000ca76   __mspabi_divf
0000cb10   __mspabi_cvtfd
0000cb90   WDT_interval_handler
0000cc54   _auto_init
0000ccb2   __mspabi_srll_15
0000ccb8   __mspabi_srll_14
0000ccbe   __mspabi_srll_13
0000ccc4   __mspabi_srll_12
0000ccca   __mspabi_srll_11
0000ccd0   __mspabi_srll_10
0000ccd6   __mspabi_srll_9
0000ccdc   __mspabi_srll_8
0000cce2   __mspabi_srll_7
0000cce8   __mspabi_srll_6
0000ccee   __mspabi_srll_5
0000ccf4   __mspabi_srll_4
0000ccfa   __mspabi_srll_3
0000cd00   __mspabi_srll_2
0000cd06   __mspabi_srll_1
0000cd0e   __mspabi_srli
0000cd1c   __mspabi_srli_15
0000cd20   __mspabi_srli_14
0000cd24   __mspabi_srli_13
0000cd28   __mspabi_srli_12
0000cd2c   __mspabi_srli_11
0000cd30   __mspabi_srli_10
0000cd34   __mspabi_srli_9
0000cd38   __mspabi_srli_8
0000cd3c   __mspabi_srli_7
0000cd40   __mspabi_srli_6
0000cd44   __mspabi_srli_5
0000cd48   __mspabi_srli_4
0000cd4c   __mspabi_srli_3
0000cd50   __mspabi_srli_2
0000cd54   __mspabi_srli_1
0000cd5a   __mspabi_cmpf
0000cda4   __mspabi_sral_15
0000cda8   __mspabi_sral_14
0000cdac   __mspabi_sral_13
0000cdb0   __mspabi_sral_12
0000cdb4   __mspabi_sral_11
0000cdb8   __mspabi_sral_10
0000cdbc   __mspabi_sral_9
0000cdc0   __mspabi_sral_8
0000cdc4   __mspabi_sral_7
0000cdc8   __mspabi_sral_6
0000cdcc   __mspabi_sral_5
0000cdd0   __mspabi_sral_4
0000cdd4   __mspabi_sral_3
0000cdd8   __mspabi_sral_2
0000cddc   __mspabi_sral_1
0000cde2   __mspabi_slll_15
0000cde6   __mspabi_slll_14
0000cdea   __mspabi_slll_13
0000cdee   __mspabi_slll_12
0000cdf2   __mspabi_slll_11
0000cdf6   __mspabi_slll_10
0000cdfa   __mspabi_slll_9
0000cdfe   __mspabi_slll_8
0000ce02   __mspabi_slll_7
0000ce06   __mspabi_slll_6
0000ce0a   __mspabi_slll_5
0000ce0e   __mspabi_slll_4
0000ce12   __mspabi_slll_3
0000ce16   __mspabi_slll_2
0000ce1a   __mspabi_slll_1
0000ce20   main
0000ce58   __mspabi_srai
0000ce64   __mspabi_srai_15
0000ce66   __mspabi_srai_14
0000ce68   __mspabi_srai_13
0000ce6a   __mspabi_srai_12
0000ce6c   __mspabi_srai_11
0000ce6e   __mspabi_srai_10
0000ce70   __mspabi_srai_9
0000ce72   __mspabi_srai_8
0000ce74   __mspabi_srai_7
0000ce76   __mspabi_srai_6
0000ce78   __mspabi_srai_5
0000ce7a   __mspabi_srai_4
0000ce7c   __mspabi_srai_3
0000ce7e   __mspabi_srai_2
0000ce80   __mspabi_srai_1
0000ce84   __mspabi_slli
0000ce90   __mspabi_slli_15
0000ce92   __mspabi_slli_14
0000ce94   __mspabi_slli_13
0000ce96   __mspabi_slli_12
0000ce98   __mspabi_slli_11
0000ce9a   __mspabi_slli_10
0000ce9c   __mspabi_slli_9
0000ce9e   __mspabi_slli_8
0000cea0   __mspabi_slli_7
0000cea2   __mspabi_slli_6
0000cea4   __mspabi_slli_5
0000cea6   __mspabi_slli_4
0000cea8   __mspabi_slli_3
0000ceaa   __mspabi_slli_2
0000ceac   __mspabi_slli_1
0000ceb0   __mspabi_fltuf
0000ced4   initTimerA
0000cef4   initializebuttons
0000cf14   _c_int00
0000cf14   _c_int00_noexit
0000cf2e   __mspabi_divu
0000cf2e   __mspabi_remu
0000cf44   __TI_decompress_none
0000cf56   __mspabi_srll
0000cf68   memcpy
0000cf7a   __mspabi_sral
0000cf8a   __mspabi_slll
0000cf9a   __mspabi_func_epilog_7
0000cf9c   __mspabi_func_epilog_6
0000cf9e   __mspabi_func_epilog_5
0000cfa0   __mspabi_func_epilog_4
0000cfa2   __mspabi_func_epilog_3
0000cfa4   __mspabi_func_epilog_2
0000cfa6   __mspabi_func_epilog_1
0000cfaa   __TI_ISR_TRAP
0000cfb0   __TI_decompress_rle24
0000cfb6   _system_pre_init
0000cfba   C$$EXIT
0000cfba   abort
0000cfbe   AnotherWDT
0000cfc0   notelength2
0000d100   notelength
0000d1e8   toneArray2
0000d288   toneArray
0000d310   __TI_Handler_Table_Base
0000d314   __TI_CINIT_Base
0000d314   __TI_Handler_Table_Limit
0000d318   __TI_CINIT_Limit
0000ffe4   __TI_int02
0000ffe4   button_handler_ptr
0000ffe6   __TI_int03
0000ffea   __TI_int05
0000ffec   __TI_int06
0000ffee   __TI_int07
0000fff0   __TI_int08
0000fff2   AnotherWDT_ptr
0000fff2   __TI_int09
0000fff4   WDT_interval_handler_ptr
0000fff4   __TI_int10
0000fff6   __TI_int11
0000fff8   __TI_int12
0000fffa   __TI_int13
0000fffc   __TI_int14
0000fffe   _reset_vector
ffffffff   __binit__
ffffffff   __c_args__
ffffffff   binit
UNDEFED    __TI_INITARRAY_Base
UNDEFED    __TI_INITARRAY_Limit

[267 symbols]
