******************************************************************************
                  MSP430 Linker PC v4.2.1                      
******************************************************************************
>> Linked Tue Mar 15 20:18:41 2016

OUTPUT FILE NAME:   <Musix.out>
ENTRY POINT SYMBOL: "_c_int00"  address: 0000cc54


MEMORY CONFIGURATION

         name            origin    length      used     unused   attr    fill
----------------------  --------  ---------  --------  --------  ----  --------
  SFR                   00000000   00000010  00000000  00000010  RWIX
  PERIPHERALS_8BIT      00000010   000000f0  00000000  000000f0  RWIX
  PERIPHERALS_16BIT     00000100   00000100  00000000  00000100  RWIX
  RAM                   00000200   00000200  00000058  000001a8  RWIX
  INFOD                 00001000   00000040  00000000  00000040  RWIX
  INFOC                 00001040   00000040  00000000  00000040  RWIX
  INFOB                 00001080   00000040  00000000  00000040  RWIX
  INFOA                 000010c0   00000040  00000000  00000040  RWIX
  FLASH                 0000c000   00003fe0  00000d16  000032ca  RWIX
  INT00                 0000ffe0   00000002  00000000  00000002  RWIX
  INT01                 0000ffe2   00000002  00000000  00000002  RWIX
  INT02                 0000ffe4   00000002  00000002  00000000  RWIX
  INT03                 0000ffe6   00000002  00000002  00000000  RWIX
  INT04                 0000ffe8   00000002  00000000  00000002  RWIX
  INT05                 0000ffea   00000002  00000002  00000000  RWIX
  INT06                 0000ffec   00000002  00000002  00000000  RWIX
  INT07                 0000ffee   00000002  00000002  00000000  RWIX
  INT08                 0000fff0   00000002  00000002  00000000  RWIX
  INT09                 0000fff2   00000002  00000002  00000000  RWIX
  INT10                 0000fff4   00000002  00000002  00000000  RWIX
  INT11                 0000fff6   00000002  00000002  00000000  RWIX
  INT12                 0000fff8   00000002  00000002  00000000  RWIX
  INT13                 0000fffa   00000002  00000002  00000000  RWIX
  INT14                 0000fffc   00000002  00000002  00000000  RWIX
  RESET                 0000fffe   00000002  00000002  00000000  RWIX


SECTION ALLOCATION MAP

 output                                  attributes/
section   page    origin      length       input sections
--------  ----  ----------  ----------   ----------------
.init_array 
*          0    0000c000    00000000     UNINITIALIZED

.data      0    00000200    00000008     UNINITIALIZED
                  00000200    00000008     main.obj (.data)

.TI.persistent 
*          0    00000200    00000000     UNINITIALIZED

.stack     0    000003b0    00000050     UNINITIALIZED
                  000003b0    00000002     rts430_eabi.lib : boot.obj (.stack)
                  000003b2    0000004e     --HOLE--

.text      0    0000c000    00000cea     
                  0000c000    000002e8     rts430_eabi.lib : addd.obj (.text:__mspabi_addd)
                  0000c2e8    0000026e                     : frcaddd.obj (.text:__TI_frcaddd)
                  0000c556    000000c0                     : renormd.obj (.text:__TI_renormd)
                  0000c616    000000a8                     : cvtdf.obj (.text:__mspabi_cvtdf)
                  0000c6be    0000009a                     : fs_div.obj (.text)
                  0000c758    00000080                     : cvtfd.obj (.text:__mspabi_cvtfd)
                  0000c7d8    0000007c     main.obj (.text:PlaySong)
                  0000c854    0000007c     main.obj (.text:button_handler)
                  0000c8d0    00000066     main.obj (.text:WDT_interval_handler)
                  0000c936    0000005e     rts430_eabi.lib : copy_decompress_rle.obj (.text:__TI_decompress_rle_core)
                  0000c994    0000005e                     : autoinit.obj (.text:_auto_init)
                  0000c9f2    0000005c                     : lsr32.obj (.text:l_lsr_const)
                  0000ca4e    0000004c                     : lsr16.obj (.text)
                  0000ca9a    0000004a                     : fs_cmp.obj (.text)
                  0000cae4    0000003e                     : asr32.obj (.text:l_asr_const)
                  0000cb22    0000003e                     : lsl32.obj (.text:l_lsl_const)
                  0000cb60    00000038     main.obj (.text:main)
                  0000cb98    0000002c     rts430_eabi.lib : asr16.obj (.text)
                  0000cbc4    0000002c                     : lsl16.obj (.text)
                  0000cbf0    00000024                     : fs_utof.obj (.text)
                  0000cc14    00000020     main.obj (.text:initTimerA)
                  0000cc34    00000020     main.obj (.text:initializebuttons)
                  0000cc54    0000001a     rts430_eabi.lib : boot.obj (.text:_c_int00_noexit)
                  0000cc6e    00000012                     : copy_decompress_none.obj (.text:decompress:none:__TI_decompress_none)
                  0000cc80    00000012                     : lsr32.obj (.text:l_lsr)
                  0000cc92    00000012                     : memcpy.obj (.text:memcpy)
                  0000cca4    00000010                     : asr32.obj (.text:l_asr)
                  0000ccb4    00000010                     : lsl32.obj (.text:l_lsl)
                  0000ccc4    00000010                     : epilog.obj (.text)
                  0000ccd4    00000006                     : isr_trap.obj (.text:__TI_ISR_TRAP)
                  0000ccda    00000006                     : copy_decompress_rle.obj (.text:decompress:rle24:__TI_decompress_rle24)
                  0000cce0    00000004                     : pre_init.obj (.text:_system_pre_init)
                  0000cce4    00000004                     : exit.obj (.text:abort)
                  0000cce8    00000002     main.obj (.text:AnotherWDT)

.const     0    0000ccea    00000018     
                  0000ccea    00000010     main.obj (.const:notelength)
                  0000ccfa    00000008     main.obj (.const:toneArray)

.cinit     0    0000cd02    00000014     
                  0000cd02    0000000b     (.cinit..data.load) [load image, compression = rle]
                  0000cd0d    00000001     --HOLE-- [fill = 0]
                  0000cd0e    00000004     (__TI_handler_table)
                  0000cd12    00000004     (__TI_cinit_table)

PORT1      0    0000ffe4    00000002     
                  0000ffe4    00000002     main.obj (.int02)

PORT2      0    0000ffe6    00000002     
                  0000ffe6    00000002     rts430_eabi.lib : int03.obj (.int03)

ADC10      0    0000ffea    00000002     
                  0000ffea    00000002     rts430_eabi.lib : int05.obj (.int05)

USCIAB0TX 
*          0    0000ffec    00000002     
                  0000ffec    00000002     rts430_eabi.lib : int06.obj (.int06)

USCIAB0RX 
*          0    0000ffee    00000002     
                  0000ffee    00000002     rts430_eabi.lib : int07.obj (.int07)

TIMER0_A1 
*          0    0000fff0    00000002     
                  0000fff0    00000002     rts430_eabi.lib : int08.obj (.int08)

TIMER0_A0 
*          0    0000fff2    00000002     
                  0000fff2    00000002     main.obj (.int09)

WDT        0    0000fff4    00000002     
                  0000fff4    00000002     main.obj (.int10)

COMPARATORA 
*          0    0000fff6    00000002     
                  0000fff6    00000002     rts430_eabi.lib : int11.obj (.int11)

TIMER1_A1 
*          0    0000fff8    00000002     
                  0000fff8    00000002     rts430_eabi.lib : int12.obj (.int12)

TIMER1_A0 
*          0    0000fffa    00000002     
                  0000fffa    00000002     rts430_eabi.lib : int13.obj (.int13)

NMI        0    0000fffc    00000002     
                  0000fffc    00000002     rts430_eabi.lib : int14.obj (.int14)

.reset     0    0000fffe    00000002     
                  0000fffe    00000002     rts430_eabi.lib : boot.obj (.reset)


LINKER GENERATED COPY TABLES

__TI_cinit_table @ 0000cd12 records: 1, size/record: 4, table size: 4
	.data: load addr=0000cd02, load size=0000000b bytes, run addr=00000200, run size=00000008 bytes, compression=rle


LINKER GENERATED HANDLER TABLE

__TI_handler_table @ 0000cd0e records: 2, size/record: 2, table size: 4
	index: 0, handler: __TI_decompress_rle24
	index: 1, handler: __TI_decompress_none


GLOBAL SYMBOLS: SORTED ALPHABETICALLY BY Name 

address    name
--------   ----
0000004a   ADC10AE0
000001b0   ADC10CTL0
000001b2   ADC10CTL1
00000048   ADC10DTC0
00000049   ADC10DTC1
000001b4   ADC10MEM
000001bc   ADC10SA
0000cce8   AnotherWDT
0000fff2   AnotherWDT_ptr
00000057   BCSCTL1
00000058   BCSCTL2
00000053   BCSCTL3
0000cce4   C$$EXIT
00000059   CACTL1
0000005a   CACTL2
000010fb   CALBC1_12MHZ
000010f9   CALBC1_16MHZ
000010ff   CALBC1_1MHZ
000010fd   CALBC1_8MHZ
000010fa   CALDCO_12MHZ
000010f8   CALDCO_16MHZ
000010fe   CALDCO_1MHZ
000010fc   CALDCO_8MHZ
0000005b   CAPD
00000056   DCOCTL
00000128   FCTL1
0000012a   FCTL2
0000012c   FCTL3
00000000   IE1
00000001   IE2
00000002   IFG1
00000003   IFG2
00000022   P1DIR
00000025   P1IE
00000024   P1IES
00000023   P1IFG
00000020   P1IN
00000021   P1OUT
00000027   P1REN
00000026   P1SEL
00000041   P1SEL2
0000002a   P2DIR
0000002d   P2IE
0000002c   P2IES
0000002b   P2IFG
00000028   P2IN
00000029   P2OUT
0000002f   P2REN
0000002e   P2SEL
00000042   P2SEL2
0000001a   P3DIR
00000018   P3IN
00000019   P3OUT
00000010   P3REN
0000001b   P3SEL
00000043   P3SEL2
0000c7d8   PlaySong
00000172   TA0CCR0
00000174   TA0CCR1
00000176   TA0CCR2
00000162   TA0CCTL0
00000164   TA0CCTL1
00000166   TA0CCTL2
00000160   TA0CTL
0000012e   TA0IV
00000170   TA0R
00000192   TA1CCR0
00000194   TA1CCR1
00000196   TA1CCR2
00000182   TA1CCTL0
00000184   TA1CCTL1
00000186   TA1CCTL2
00000180   TA1CTL
0000011e   TA1IV
00000190   TA1R
00000202   TimeCount
0000005d   UCA0ABCTL
00000062   UCA0BR0
00000063   UCA0BR1
00000060   UCA0CTL0
00000061   UCA0CTL1
0000005f   UCA0IRRCTL
0000005e   UCA0IRTCTL
00000064   UCA0MCTL
00000066   UCA0RXBUF
00000065   UCA0STAT
00000067   UCA0TXBUF
0000006a   UCB0BR0
0000006b   UCB0BR1
00000068   UCB0CTL0
00000069   UCB0CTL1
0000006c   UCB0I2CIE
00000118   UCB0I2COA
0000011a   UCB0I2CSA
0000006e   UCB0RXBUF
0000006d   UCB0STAT
0000006f   UCB0TXBUF
00000120   WDTCTL
0000c8d0   WDT_interval_handler
0000fff4   WDT_interval_handler_ptr
00000400   __STACK_END
00000050   __STACK_SIZE
0000cd12   __TI_CINIT_Base
0000cd16   __TI_CINIT_Limit
0000cd0e   __TI_Handler_Table_Base
0000cd12   __TI_Handler_Table_Limit
UNDEFED    __TI_INITARRAY_Base
UNDEFED    __TI_INITARRAY_Limit
0000ccd4   __TI_ISR_TRAP
00000001   __TI_args_main
0000cc6e   __TI_decompress_none
0000ccda   __TI_decompress_rle24
00000001   __TI_exit
0000c2e8   __TI_frcaddd
0000ffe4   __TI_int02
0000ffe6   __TI_int03
0000ffea   __TI_int05
0000ffec   __TI_int06
0000ffee   __TI_int07
0000fff0   __TI_int08
0000fff2   __TI_int09
0000fff4   __TI_int10
0000fff6   __TI_int11
0000fff8   __TI_int12
0000fffa   __TI_int13
0000fffc   __TI_int14
0000c556   __TI_renormd
ffffffff   __binit__
ffffffff   __c_args__
0000c000   __mspabi_addd
0000ca9a   __mspabi_cmpf
0000c616   __mspabi_cvtdf
0000c758   __mspabi_cvtfd
0000c6be   __mspabi_divf
0000cbf0   __mspabi_fltuf
0000ccd0   __mspabi_func_epilog_1
0000ccce   __mspabi_func_epilog_2
0000cccc   __mspabi_func_epilog_3
0000ccca   __mspabi_func_epilog_4
0000ccc8   __mspabi_func_epilog_5
0000ccc6   __mspabi_func_epilog_6
0000ccc4   __mspabi_func_epilog_7
0000cbc4   __mspabi_slli
0000cbec   __mspabi_slli_1
0000cbda   __mspabi_slli_10
0000cbd8   __mspabi_slli_11
0000cbd6   __mspabi_slli_12
0000cbd4   __mspabi_slli_13
0000cbd2   __mspabi_slli_14
0000cbd0   __mspabi_slli_15
0000cbea   __mspabi_slli_2
0000cbe8   __mspabi_slli_3
0000cbe6   __mspabi_slli_4
0000cbe4   __mspabi_slli_5
0000cbe2   __mspabi_slli_6
0000cbe0   __mspabi_slli_7
0000cbde   __mspabi_slli_8
0000cbdc   __mspabi_slli_9
0000ccb4   __mspabi_slll
0000cb5a   __mspabi_slll_1
0000cb36   __mspabi_slll_10
0000cb32   __mspabi_slll_11
0000cb2e   __mspabi_slll_12
0000cb2a   __mspabi_slll_13
0000cb26   __mspabi_slll_14
0000cb22   __mspabi_slll_15
0000cb56   __mspabi_slll_2
0000cb52   __mspabi_slll_3
0000cb4e   __mspabi_slll_4
0000cb4a   __mspabi_slll_5
0000cb46   __mspabi_slll_6
0000cb42   __mspabi_slll_7
0000cb3e   __mspabi_slll_8
0000cb3a   __mspabi_slll_9
0000cb98   __mspabi_srai
0000cbc0   __mspabi_srai_1
0000cbae   __mspabi_srai_10
0000cbac   __mspabi_srai_11
0000cbaa   __mspabi_srai_12
0000cba8   __mspabi_srai_13
0000cba6   __mspabi_srai_14
0000cba4   __mspabi_srai_15
0000cbbe   __mspabi_srai_2
0000cbbc   __mspabi_srai_3
0000cbba   __mspabi_srai_4
0000cbb8   __mspabi_srai_5
0000cbb6   __mspabi_srai_6
0000cbb4   __mspabi_srai_7
0000cbb2   __mspabi_srai_8
0000cbb0   __mspabi_srai_9
0000cca4   __mspabi_sral
0000cb1c   __mspabi_sral_1
0000caf8   __mspabi_sral_10
0000caf4   __mspabi_sral_11
0000caf0   __mspabi_sral_12
0000caec   __mspabi_sral_13
0000cae8   __mspabi_sral_14
0000cae4   __mspabi_sral_15
0000cb18   __mspabi_sral_2
0000cb14   __mspabi_sral_3
0000cb10   __mspabi_sral_4
0000cb0c   __mspabi_sral_5
0000cb08   __mspabi_sral_6
0000cb04   __mspabi_sral_7
0000cb00   __mspabi_sral_8
0000cafc   __mspabi_sral_9
0000ca4e   __mspabi_srli
0000ca94   __mspabi_srli_1
0000ca70   __mspabi_srli_10
0000ca6c   __mspabi_srli_11
0000ca68   __mspabi_srli_12
0000ca64   __mspabi_srli_13
0000ca60   __mspabi_srli_14
0000ca5c   __mspabi_srli_15
0000ca90   __mspabi_srli_2
0000ca8c   __mspabi_srli_3
0000ca88   __mspabi_srli_4
0000ca84   __mspabi_srli_5
0000ca80   __mspabi_srli_6
0000ca7c   __mspabi_srli_7
0000ca78   __mspabi_srli_8
0000ca74   __mspabi_srli_9
0000cc80   __mspabi_srll
0000ca46   __mspabi_srll_1
0000ca10   __mspabi_srll_10
0000ca0a   __mspabi_srll_11
0000ca04   __mspabi_srll_12
0000c9fe   __mspabi_srll_13
0000c9f8   __mspabi_srll_14
0000c9f2   __mspabi_srll_15
0000ca40   __mspabi_srll_2
0000ca3a   __mspabi_srll_3
0000ca34   __mspabi_srll_4
0000ca2e   __mspabi_srll_5
0000ca28   __mspabi_srll_6
0000ca22   __mspabi_srll_7
0000ca1c   __mspabi_srll_8
0000ca16   __mspabi_srll_9
0000c994   _auto_init
0000cc54   _c_int00
0000cc54   _c_int00_noexit
0000fffe   _reset_vector
000003b0   _stack
0000cce0   _system_pre_init
0000cce4   abort
ffffffff   binit
0000c854   button_handler
0000ffe4   button_handler_ptr
0000cc14   initTimerA
0000cc34   initializebuttons
0000cb60   main
0000cc92   memcpy
0000ccea   notelength
00000200   playflag
00000206   speedDivisor
0000ccfa   toneArray


GLOBAL SYMBOLS: SORTED BY Symbol Address 

address    name
--------   ----
00000000   IE1
00000001   IE2
00000001   __TI_args_main
00000001   __TI_exit
00000002   IFG1
00000003   IFG2
00000010   P3REN
00000018   P3IN
00000019   P3OUT
0000001a   P3DIR
0000001b   P3SEL
00000020   P1IN
00000021   P1OUT
00000022   P1DIR
00000023   P1IFG
00000024   P1IES
00000025   P1IE
00000026   P1SEL
00000027   P1REN
00000028   P2IN
00000029   P2OUT
0000002a   P2DIR
0000002b   P2IFG
0000002c   P2IES
0000002d   P2IE
0000002e   P2SEL
0000002f   P2REN
00000041   P1SEL2
00000042   P2SEL2
00000043   P3SEL2
00000048   ADC10DTC0
00000049   ADC10DTC1
0000004a   ADC10AE0
00000050   __STACK_SIZE
00000053   BCSCTL3
00000056   DCOCTL
00000057   BCSCTL1
00000058   BCSCTL2
00000059   CACTL1
0000005a   CACTL2
0000005b   CAPD
0000005d   UCA0ABCTL
0000005e   UCA0IRTCTL
0000005f   UCA0IRRCTL
00000060   UCA0CTL0
00000061   UCA0CTL1
00000062   UCA0BR0
00000063   UCA0BR1
00000064   UCA0MCTL
00000065   UCA0STAT
00000066   UCA0RXBUF
00000067   UCA0TXBUF
00000068   UCB0CTL0
00000069   UCB0CTL1
0000006a   UCB0BR0
0000006b   UCB0BR1
0000006c   UCB0I2CIE
0000006d   UCB0STAT
0000006e   UCB0RXBUF
0000006f   UCB0TXBUF
00000118   UCB0I2COA
0000011a   UCB0I2CSA
0000011e   TA1IV
00000120   WDTCTL
00000128   FCTL1
0000012a   FCTL2
0000012c   FCTL3
0000012e   TA0IV
00000160   TA0CTL
00000162   TA0CCTL0
00000164   TA0CCTL1
00000166   TA0CCTL2
00000170   TA0R
00000172   TA0CCR0
00000174   TA0CCR1
00000176   TA0CCR2
00000180   TA1CTL
00000182   TA1CCTL0
00000184   TA1CCTL1
00000186   TA1CCTL2
00000190   TA1R
00000192   TA1CCR0
00000194   TA1CCR1
00000196   TA1CCR2
000001b0   ADC10CTL0
000001b2   ADC10CTL1
000001b4   ADC10MEM
000001bc   ADC10SA
00000200   playflag
00000202   TimeCount
00000206   speedDivisor
000003b0   _stack
00000400   __STACK_END
000010f8   CALDCO_16MHZ
000010f9   CALBC1_16MHZ
000010fa   CALDCO_12MHZ
000010fb   CALBC1_12MHZ
000010fc   CALDCO_8MHZ
000010fd   CALBC1_8MHZ
000010fe   CALDCO_1MHZ
000010ff   CALBC1_1MHZ
0000c000   __mspabi_addd
0000c2e8   __TI_frcaddd
0000c556   __TI_renormd
0000c616   __mspabi_cvtdf
0000c6be   __mspabi_divf
0000c758   __mspabi_cvtfd
0000c7d8   PlaySong
0000c854   button_handler
0000c8d0   WDT_interval_handler
0000c994   _auto_init
0000c9f2   __mspabi_srll_15
0000c9f8   __mspabi_srll_14
0000c9fe   __mspabi_srll_13
0000ca04   __mspabi_srll_12
0000ca0a   __mspabi_srll_11
0000ca10   __mspabi_srll_10
0000ca16   __mspabi_srll_9
0000ca1c   __mspabi_srll_8
0000ca22   __mspabi_srll_7
0000ca28   __mspabi_srll_6
0000ca2e   __mspabi_srll_5
0000ca34   __mspabi_srll_4
0000ca3a   __mspabi_srll_3
0000ca40   __mspabi_srll_2
0000ca46   __mspabi_srll_1
0000ca4e   __mspabi_srli
0000ca5c   __mspabi_srli_15
0000ca60   __mspabi_srli_14
0000ca64   __mspabi_srli_13
0000ca68   __mspabi_srli_12
0000ca6c   __mspabi_srli_11
0000ca70   __mspabi_srli_10
0000ca74   __mspabi_srli_9
0000ca78   __mspabi_srli_8
0000ca7c   __mspabi_srli_7
0000ca80   __mspabi_srli_6
0000ca84   __mspabi_srli_5
0000ca88   __mspabi_srli_4
0000ca8c   __mspabi_srli_3
0000ca90   __mspabi_srli_2
0000ca94   __mspabi_srli_1
0000ca9a   __mspabi_cmpf
0000cae4   __mspabi_sral_15
0000cae8   __mspabi_sral_14
0000caec   __mspabi_sral_13
0000caf0   __mspabi_sral_12
0000caf4   __mspabi_sral_11
0000caf8   __mspabi_sral_10
0000cafc   __mspabi_sral_9
0000cb00   __mspabi_sral_8
0000cb04   __mspabi_sral_7
0000cb08   __mspabi_sral_6
0000cb0c   __mspabi_sral_5
0000cb10   __mspabi_sral_4
0000cb14   __mspabi_sral_3
0000cb18   __mspabi_sral_2
0000cb1c   __mspabi_sral_1
0000cb22   __mspabi_slll_15
0000cb26   __mspabi_slll_14
0000cb2a   __mspabi_slll_13
0000cb2e   __mspabi_slll_12
0000cb32   __mspabi_slll_11
0000cb36   __mspabi_slll_10
0000cb3a   __mspabi_slll_9
0000cb3e   __mspabi_slll_8
0000cb42   __mspabi_slll_7
0000cb46   __mspabi_slll_6
0000cb4a   __mspabi_slll_5
0000cb4e   __mspabi_slll_4
0000cb52   __mspabi_slll_3
0000cb56   __mspabi_slll_2
0000cb5a   __mspabi_slll_1
0000cb60   main
0000cb98   __mspabi_srai
0000cba4   __mspabi_srai_15
0000cba6   __mspabi_srai_14
0000cba8   __mspabi_srai_13
0000cbaa   __mspabi_srai_12
0000cbac   __mspabi_srai_11
0000cbae   __mspabi_srai_10
0000cbb0   __mspabi_srai_9
0000cbb2   __mspabi_srai_8
0000cbb4   __mspabi_srai_7
0000cbb6   __mspabi_srai_6
0000cbb8   __mspabi_srai_5
0000cbba   __mspabi_srai_4
0000cbbc   __mspabi_srai_3
0000cbbe   __mspabi_srai_2
0000cbc0   __mspabi_srai_1
0000cbc4   __mspabi_slli
0000cbd0   __mspabi_slli_15
0000cbd2   __mspabi_slli_14
0000cbd4   __mspabi_slli_13
0000cbd6   __mspabi_slli_12
0000cbd8   __mspabi_slli_11
0000cbda   __mspabi_slli_10
0000cbdc   __mspabi_slli_9
0000cbde   __mspabi_slli_8
0000cbe0   __mspabi_slli_7
0000cbe2   __mspabi_slli_6
0000cbe4   __mspabi_slli_5
0000cbe6   __mspabi_slli_4
0000cbe8   __mspabi_slli_3
0000cbea   __mspabi_slli_2
0000cbec   __mspabi_slli_1
0000cbf0   __mspabi_fltuf
0000cc14   initTimerA
0000cc34   initializebuttons
0000cc54   _c_int00
0000cc54   _c_int00_noexit
0000cc6e   __TI_decompress_none
0000cc80   __mspabi_srll
0000cc92   memcpy
0000cca4   __mspabi_sral
0000ccb4   __mspabi_slll
0000ccc4   __mspabi_func_epilog_7
0000ccc6   __mspabi_func_epilog_6
0000ccc8   __mspabi_func_epilog_5
0000ccca   __mspabi_func_epilog_4
0000cccc   __mspabi_func_epilog_3
0000ccce   __mspabi_func_epilog_2
0000ccd0   __mspabi_func_epilog_1
0000ccd4   __TI_ISR_TRAP
0000ccda   __TI_decompress_rle24
0000cce0   _system_pre_init
0000cce4   C$$EXIT
0000cce4   abort
0000cce8   AnotherWDT
0000ccea   notelength
0000ccfa   toneArray
0000cd0e   __TI_Handler_Table_Base
0000cd12   __TI_CINIT_Base
0000cd12   __TI_Handler_Table_Limit
0000cd16   __TI_CINIT_Limit
0000ffe4   __TI_int02
0000ffe4   button_handler_ptr
0000ffe6   __TI_int03
0000ffea   __TI_int05
0000ffec   __TI_int06
0000ffee   __TI_int07
0000fff0   __TI_int08
0000fff2   AnotherWDT_ptr
0000fff2   __TI_int09
0000fff4   WDT_interval_handler_ptr
0000fff4   __TI_int10
0000fff6   __TI_int11
0000fff8   __TI_int12
0000fffa   __TI_int13
0000fffc   __TI_int14
0000fffe   _reset_vector
ffffffff   __binit__
ffffffff   __c_args__
ffffffff   binit
UNDEFED    __TI_INITARRAY_Base
UNDEFED    __TI_INITARRAY_Limit

[256 symbols]
